2026-04-10 02:04:04,847  INFO  ============================================================
2026-04-10 02:04:04,848  INFO  Paper 0022 -- Mode: FULL
2026-04-10 02:04:04,848  INFO  ============================================================
2026-04-10 02:04:04,848  INFO  Loading from C:\Users\briac\Econ_Code\Oxford_MonteCarlo_week3\paper_analysis_output\Paper_0022_DemandPull\DATA.csv

========================================================================
DATA INSPECTION  Source: DATA.csv  Shape: 472 x 27
========================================================================
  MISSING  TeamSize                                 0.0042
  MISSING  TimeEffort                               0.1864
  MISSING  CustomerInteraction                      0.1864
  MISSING  ExpertInteraction                        0.1864
  MISSING  Networking                               0.1864
  MISSING  RevenueLikert                            0.1653
  MISSING  CustomersLikert                          0.1716
  OK  RevenueLikert                            mean=   1.5787  std=   1.1167  missing=78
  OK  Post_x_Treatment                         mean=   0.2564  std=   0.4371  missing=0
  OK  Post                                     mean=   0.5000  std=   0.5005  missing=0
  OK  Age                                      mean=  35.3686  std=  11.4712  missing=0
  OK  WorkExp                                  mean=   1.9661  std=   1.3727  missing=0
  OK  EntrepExperience                         mean=   0.5636  std=   0.4965  missing=0
========================================================================
2026-04-10 02:04:04,886  INFO  Running baseline regression (pyfixest)...
2026-04-10 02:04:04,939  INFO  Regression sample N = 394
========================================================================
BASELINE REGRESSION -- Table 3, Panel A  N=394
========================================================================
  Post_x_Treatment                                0.3739     0.1913     0.0523 
  Post                                            0.0357     0.1090     0.7437 
###

Estimation:  OLS
Dep. var.: RevenueLikert, Fixed effects: SN
sample: None = all
Inference:  hetero
Observations:  334

| Coefficient      |   Estimate |   Std. Error |   t value |   Pr(>|t|) |   2.5% |   97.5% |
|:-----------------|-----------:|-------------:|----------:|-----------:|-------:|--------:|
| Post_x_Treatment |      0.374 |        0.191 |     1.955 |      0.052 | -0.004 |   0.752 |
| Post             |      0.036 |        0.109 |     0.328 |      0.744 | -0.180 |   0.251 |
---
RMSE: 0.613 R2: 0.708 R2 Within: 0.053 
========================================================================
2026-04-10 02:04:14,838  INFO  FULL RUN: 3 x 7 x 3 x 30 x 7 = 13230 runs
2026-04-10 02:04:14,838  INFO  Resuming: 0 combinations already complete
2026-04-10 02:04:14,841  INFO  Baseline focal coef: {'coef': 0.3739242685025817, 'se': 0.1912672804981339, 'pval': 0.05227471331269862, 'nobs': 334, 'sign': 1, 'sig': False}
2026-04-10 02:04:14,842  INFO    MCAR | 1pct | Age
WARNING: All log messages before absl::InitializeLog() is called are written to STDERR
I0000 00:00:1775779455.407607   21272 port.cc:153] oneDNN custom operations are on. You may see slightly different numerical results due to floating-point round-off errors from different computation orders. To turn them off, set the environment variable `TF_ENABLE_ONEDNN_OPTS=0`.
WARNING: All log messages before absl::InitializeLog() is called are written to STDERR
I0000 00:00:1775779458.002436   21272 port.cc:153] oneDNN custom operations are on. You may see slightly different numerical results due to floating-point round-off errors from different computation orders. To turn them off, set the environment variable `TF_ENABLE_ONEDNN_OPTS=0`.
I0000 00:00:1775779458.515092   21272 cpu_feature_guard.cc:227] This TensorFlow binary is optimized to use available CPU instructions in performance-critical operations.
To enable the following instructions: SSE3 SSE4.1 SSE4.2 AVX AVX2 FMA, in other operations, rebuild TensorFlow with the appropriate compiler flags.
2026-04-10 02:04:18,612  WARNING  TensorFlow GPU support is not available on native Windows for TensorFlow >= 2.11. Even if CUDA/cuDNN are installed, GPU will not be used. Please use WSL2 or the TensorFlow-DirectML plugin.
2026-04-10 02:04:23,669  WARNING  From C:\Users\briac\Econ_Code\Oxford_MonteCarlo_week3\venv\Lib\site-packages\keras\src\backend\common\global_state.py:82: The name tf.reset_default_graph is deprecated. Please use tf.compat.v1.reset_default_graph instead.

2026-04-10 02:04:58,018  INFO      Progress: 50 done, 0 errors
2026-04-10 02:05:37,276  INFO      Progress: 100 done, 0 errors
2026-04-10 02:06:19,729  INFO      Progress: 150 done, 0 errors
2026-04-10 02:07:03,917  INFO      Progress: 200 done, 0 errors
2026-04-10 02:07:14,101  INFO    MCAR | 1pct | WorkExp
2026-04-10 02:07:49,471  INFO      Progress: 250 done, 0 errors
2026-04-10 02:08:37,028  INFO      Progress: 300 done, 0 errors
2026-04-10 02:09:19,061  INFO      Progress: 350 done, 0 errors
2026-04-10 02:10:10,894  INFO      Progress: 400 done, 0 errors
2026-04-10 02:10:30,853  INFO    MCAR | 1pct | EntrepExperience
2026-04-10 02:10:51,337  INFO      Progress: 450 done, 0 errors
2026-04-10 02:11:46,589  INFO      Progress: 500 done, 0 errors
2026-04-10 02:12:50,438  INFO      Progress: 550 done, 0 errors
2026-04-10 02:14:06,798  INFO      Progress: 600 done, 0 errors
2026-04-10 02:16:05,595  INFO    MCAR | 5pct | Age
2026-04-10 02:17:35,870  INFO      Progress: 650 done, 0 errors
2026-04-10 02:19:31,258  INFO      Progress: 700 done, 0 errors
2026-04-10 02:22:28,132  INFO      Progress: 750 done, 0 errors
2026-04-10 02:24:38,973  INFO      Progress: 800 done, 0 errors
2026-04-10 02:26:32,256  INFO    MCAR | 5pct | WorkExp
2026-04-10 02:26:51,381  INFO      Progress: 850 done, 0 errors
2026-04-10 02:29:26,947  INFO      Progress: 900 done, 0 errors
2026-04-10 02:31:53,546  INFO      Progress: 950 done, 0 errors
2026-04-10 02:34:47,568  INFO      Progress: 1000 done, 0 errors
2026-04-10 02:37:16,360  INFO      Progress: 1050 done, 0 errors
2026-04-10 02:37:16,361  INFO    MCAR | 5pct | EntrepExperience
2026-04-10 02:39:28,852  INFO      Progress: 1100 done, 0 errors
2026-04-10 02:41:36,128  INFO      Progress: 1150 done, 0 errors
2026-04-10 02:43:26,584  INFO      Progress: 1200 done, 0 errors
2026-04-10 02:45:13,215  INFO      Progress: 1250 done, 0 errors
2026-04-10 02:45:45,964  INFO    MCAR | 10pct | Age
2026-04-10 02:47:23,945  INFO      Progress: 1300 done, 0 errors
2026-04-10 02:49:45,744  INFO      Progress: 1350 done, 0 errors
2026-04-10 02:51:54,279  INFO      Progress: 1400 done, 0 errors
2026-04-10 02:54:07,120  INFO      Progress: 1450 done, 0 errors
2026-04-10 02:55:02,145  INFO    MCAR | 10pct | WorkExp
2026-04-10 02:56:32,610  INFO      Progress: 1500 done, 0 errors
2026-04-10 02:58:43,715  INFO      Progress: 1550 done, 0 errors
2026-04-10 03:01:14,989  INFO      Progress: 1600 done, 0 errors
2026-04-10 03:03:32,754  INFO      Progress: 1650 done, 0 errors
2026-04-10 03:05:12,524  INFO    MCAR | 10pct | EntrepExperience
2026-04-10 03:06:00,646  INFO      Progress: 1700 done, 0 errors
2026-04-10 03:08:14,966  INFO      Progress: 1750 done, 0 errors
2026-04-10 03:10:23,678  INFO      Progress: 1800 done, 0 errors
2026-04-10 03:12:34,727  INFO      Progress: 1850 done, 0 errors
2026-04-10 03:14:30,323  INFO    MCAR | 20pct | Age
2026-04-10 03:14:50,413  INFO      Progress: 1900 done, 0 errors
2026-04-10 03:17:00,678  INFO      Progress: 1950 done, 0 errors
2026-04-10 03:19:13,236  INFO      Progress: 2000 done, 0 errors
2026-04-10 03:21:35,347  INFO      Progress: 2050 done, 0 errors
2026-04-10 03:24:02,245  INFO      Progress: 2100 done, 0 errors
2026-04-10 03:24:02,246  INFO    MCAR | 20pct | WorkExp
2026-04-10 03:26:39,215  INFO      Progress: 2150 done, 0 errors
2026-04-10 03:29:11,222  INFO      Progress: 2200 done, 0 errors
2026-04-10 03:31:47,056  INFO      Progress: 2250 done, 0 errors
2026-04-10 03:34:21,564  INFO      Progress: 2300 done, 0 errors
2026-04-10 03:35:10,342  INFO    MCAR | 20pct | EntrepExperience
2026-04-10 03:36:49,716  INFO      Progress: 2350 done, 0 errors
2026-04-10 03:39:26,520  INFO      Progress: 2400 done, 0 errors
2026-04-10 03:41:28,616  INFO      Progress: 2450 done, 0 errors
2026-04-10 03:43:47,534  INFO      Progress: 2500 done, 0 errors
2026-04-10 03:44:49,466  INFO    MCAR | 30pct | Age
2026-04-10 03:46:10,275  INFO      Progress: 2550 done, 0 errors
2026-04-10 03:48:31,464  INFO      Progress: 2600 done, 0 errors
2026-04-10 03:50:51,383  INFO      Progress: 2650 done, 0 errors
2026-04-10 03:53:07,175  INFO      Progress: 2700 done, 0 errors
2026-04-10 03:54:58,132  INFO    MCAR | 30pct | WorkExp
2026-04-10 03:56:10,534  INFO      Progress: 2750 done, 0 errors
2026-04-10 03:58:44,766  INFO      Progress: 2800 done, 0 errors
2026-04-10 04:01:00,607  INFO      Progress: 2850 done, 0 errors
2026-04-10 04:03:34,903  INFO      Progress: 2900 done, 0 errors
2026-04-10 04:05:50,234  INFO    MCAR | 30pct | EntrepExperience
2026-04-10 04:06:08,900  INFO      Progress: 2950 done, 0 errors
2026-04-10 04:08:44,858  INFO      Progress: 3000 done, 0 errors
2026-04-10 04:11:05,900  INFO      Progress: 3050 done, 0 errors
2026-04-10 04:14:00,147  INFO      Progress: 3100 done, 0 errors
2026-04-10 04:16:37,310  INFO      Progress: 3150 done, 0 errors
2026-04-10 04:16:37,311  INFO    MCAR | 40pct | Age
2026-04-10 04:19:00,659  INFO      Progress: 3200 done, 0 errors
2026-04-10 04:21:30,144  INFO      Progress: 3250 done, 0 errors
2026-04-10 04:23:57,757  INFO      Progress: 3300 done, 0 errors
2026-04-10 04:26:27,605  INFO      Progress: 3350 done, 0 errors
2026-04-10 04:27:04,928  INFO    MCAR | 40pct | WorkExp
2026-04-10 04:28:56,500  INFO      Progress: 3400 done, 0 errors
2026-04-10 04:32:07,228  INFO      Progress: 3450 done, 0 errors
2026-04-10 04:34:46,547  INFO      Progress: 3500 done, 0 errors
2026-04-10 04:37:22,680  INFO      Progress: 3550 done, 0 errors
2026-04-10 04:38:32,419  INFO    MCAR | 40pct | EntrepExperience
2026-04-10 04:40:01,983  INFO      Progress: 3600 done, 0 errors
2026-04-10 04:42:26,435  INFO      Progress: 3650 done, 0 errors
2026-04-10 04:44:49,286  INFO      Progress: 3700 done, 0 errors
2026-04-10 04:47:11,995  INFO      Progress: 3750 done, 0 errors
2026-04-10 04:48:50,914  INFO    MCAR | 50pct | Age
2026-04-10 04:49:53,779  INFO      Progress: 3800 done, 0 errors
2026-04-10 04:52:47,437  INFO      Progress: 3850 done, 0 errors
2026-04-10 04:55:21,642  INFO      Progress: 3900 done, 0 errors
2026-04-10 04:57:55,631  INFO      Progress: 3950 done, 0 errors
2026-04-10 05:00:15,463  INFO    MCAR | 50pct | WorkExp
2026-04-10 05:00:40,371  INFO      Progress: 4000 done, 0 errors
2026-04-10 05:03:33,208  INFO      Progress: 4050 done, 0 errors
2026-04-10 05:06:11,838  INFO      Progress: 4100 done, 0 errors
2026-04-10 05:09:09,648  INFO      Progress: 4150 done, 0 errors
2026-04-10 05:12:07,575  INFO      Progress: 4200 done, 0 errors
2026-04-10 05:12:07,576  INFO    MCAR | 50pct | EntrepExperience
2026-04-10 05:14:50,745  INFO      Progress: 4250 done, 0 errors
2026-04-10 05:17:33,242  INFO      Progress: 4300 done, 0 errors
2026-04-10 05:20:05,567  INFO      Progress: 4350 done, 0 errors
2026-04-10 05:22:48,406  INFO      Progress: 4400 done, 0 errors
2026-04-10 05:23:36,496  INFO    MAR | 1pct | Age
2026-04-10 05:25:39,241  INFO      Progress: 4450 done, 0 errors
2026-04-10 05:29:02,805  INFO      Progress: 4500 done, 0 errors
2026-04-10 05:31:54,390  INFO      Progress: 4550 done, 0 errors
2026-04-10 05:34:43,588  INFO      Progress: 4600 done, 0 errors
2026-04-10 05:35:55,853  INFO    MAR | 1pct | WorkExp
2026-04-10 05:37:37,919  INFO      Progress: 4650 done, 0 errors
2026-04-10 05:40:35,530  INFO      Progress: 4700 done, 0 errors
2026-04-10 05:43:24,852  INFO      Progress: 4750 done, 0 errors
2026-04-10 05:46:26,492  INFO      Progress: 4800 done, 0 errors
2026-04-10 05:48:44,913  INFO    MAR | 1pct | EntrepExperience
2026-04-10 05:50:03,693  INFO      Progress: 4850 done, 0 errors
2026-04-10 05:52:58,546  INFO      Progress: 4900 done, 0 errors
2026-04-10 05:55:55,943  INFO      Progress: 4950 done, 0 errors
2026-04-10 05:59:03,226  INFO      Progress: 5000 done, 0 errors
2026-04-10 06:01:41,550  INFO    MAR | 5pct | Age
2026-04-10 06:02:06,413  INFO      Progress: 5050 done, 0 errors
2026-04-10 06:05:05,901  INFO      Progress: 5100 done, 0 errors
2026-04-10 06:08:03,613  INFO      Progress: 5150 done, 0 errors
2026-04-10 06:11:25,651  INFO      Progress: 5200 done, 0 errors
2026-04-10 06:14:21,669  INFO      Progress: 5250 done, 0 errors
2026-04-10 06:14:21,670  INFO    MAR | 5pct | WorkExp
2026-04-10 06:17:40,216  INFO      Progress: 5300 done, 0 errors
2026-04-10 06:20:42,250  INFO      Progress: 5350 done, 0 errors
2026-04-10 06:23:48,802  INFO      Progress: 5400 done, 0 errors
2026-04-10 06:27:17,654  INFO      Progress: 5450 done, 0 errors
2026-04-10 06:28:19,286  INFO    MAR | 5pct | EntrepExperience
2026-04-10 06:30:32,727  INFO      Progress: 5500 done, 0 errors
2026-04-10 06:34:07,157  INFO      Progress: 5550 done, 0 errors
2026-04-10 06:37:04,350  INFO      Progress: 5600 done, 0 errors
2026-04-10 06:40:05,750  INFO      Progress: 5650 done, 0 errors
2026-04-10 06:41:32,799  INFO    MAR | 10pct | Age
2026-04-10 06:43:13,506  INFO      Progress: 5700 done, 0 errors
2026-04-10 06:46:21,391  INFO      Progress: 5750 done, 0 errors
2026-04-10 06:49:26,312  INFO      Progress: 5800 done, 0 errors
2026-04-10 06:52:33,941  INFO      Progress: 5850 done, 0 errors
2026-04-10 06:54:39,118  INFO    MAR | 10pct | WorkExp
2026-04-10 06:56:04,488  INFO      Progress: 5900 done, 0 errors
2026-04-10 06:59:26,575  INFO      Progress: 5950 done, 0 errors
2026-04-10 07:03:06,810  INFO      Progress: 6000 done, 0 errors
2026-04-10 07:06:23,768  INFO      Progress: 6050 done, 0 errors
2026-04-10 07:09:18,605  INFO    MAR | 10pct | EntrepExperience
2026-04-10 07:09:42,993  INFO      Progress: 6100 done, 0 errors
2026-04-10 07:12:44,297  INFO      Progress: 6150 done, 0 errors
2026-04-10 07:15:52,526  INFO      Progress: 6200 done, 0 errors
2026-04-10 07:19:16,244  INFO      Progress: 6250 done, 0 errors
2026-04-10 07:22:24,486  INFO      Progress: 6300 done, 0 errors
2026-04-10 07:22:24,487  INFO    MAR | 20pct | Age
2026-04-10 07:25:47,952  INFO      Progress: 6350 done, 0 errors
2026-04-10 07:29:04,171  INFO      Progress: 6400 done, 0 errors
2026-04-10 07:32:33,104  INFO      Progress: 6450 done, 0 errors
2026-04-10 07:35:46,145  INFO      Progress: 6500 done, 0 errors
2026-04-10 07:36:39,742  INFO    MAR | 20pct | WorkExp
2026-04-10 07:39:08,746  INFO      Progress: 6550 done, 0 errors
2026-04-10 07:43:02,093  INFO      Progress: 6600 done, 0 errors
2026-04-10 07:46:21,902  INFO      Progress: 6650 done, 0 errors
2026-04-10 07:50:05,017  INFO      Progress: 6700 done, 0 errors
2026-04-10 07:51:32,890  INFO    MAR | 20pct | EntrepExperience
2026-04-10 07:53:28,062  INFO      Progress: 6750 done, 0 errors
2026-04-10 07:56:33,684  INFO      Progress: 6800 done, 0 errors
2026-04-10 07:59:46,553  INFO      Progress: 6850 done, 0 errors
2026-04-10 08:03:04,888  INFO      Progress: 6900 done, 0 errors
2026-04-10 08:05:26,283  INFO    MAR | 30pct | Age
2026-04-10 08:06:51,279  INFO      Progress: 6950 done, 0 errors
2026-04-10 08:10:12,339  INFO      Progress: 7000 done, 0 errors
2026-04-10 08:13:30,946  INFO      Progress: 7050 done, 0 errors
2026-04-10 08:16:47,531  INFO      Progress: 7100 done, 0 errors
2026-04-10 08:19:47,440  INFO    MAR | 30pct | WorkExp
2026-04-10 08:20:16,183  INFO      Progress: 7150 done, 0 errors
2026-04-10 08:23:56,633  INFO      Progress: 7200 done, 0 errors
2026-04-10 08:27:28,413  INFO      Progress: 7250 done, 0 errors
2026-04-10 08:59:54,234  INFO      Progress: 7300 done, 0 errors
2026-04-10 09:01:05,560  INFO      Progress: 7350 done, 0 errors
2026-04-10 09:01:05,561  INFO    MAR | 30pct | EntrepExperience
2026-04-10 09:02:24,645  INFO      Progress: 7400 done, 0 errors
2026-04-10 09:03:47,268  INFO      Progress: 7450 done, 0 errors
2026-04-10 09:05:11,384  INFO      Progress: 7500 done, 0 errors
2026-04-10 09:06:33,701  INFO      Progress: 7550 done, 0 errors
2026-04-10 09:06:55,343  INFO    MAR | 40pct | Age
2026-04-10 09:07:49,280  INFO      Progress: 7600 done, 0 errors
2026-04-10 09:09:14,310  INFO      Progress: 7650 done, 0 errors
2026-04-10 09:10:30,439  INFO      Progress: 7700 done, 0 errors
2026-04-10 09:11:47,391  INFO      Progress: 7750 done, 0 errors
2026-04-10 09:12:16,095  INFO    MAR | 40pct | WorkExp
2026-04-10 09:13:01,116  INFO      Progress: 7800 done, 0 errors
2026-04-10 09:14:52,624  INFO      Progress: 7850 done, 0 errors
2026-04-10 09:16:37,577  INFO      Progress: 7900 done, 0 errors
2026-04-10 09:18:06,855  INFO      Progress: 7950 done, 0 errors
2026-04-10 09:19:04,564  INFO    MAR | 40pct | EntrepExperience
2026-04-10 09:19:35,251  INFO      Progress: 8000 done, 0 errors
2026-04-10 09:20:44,986  INFO      Progress: 8050 done, 0 errors
2026-04-10 09:21:50,768  INFO      Progress: 8100 done, 0 errors
2026-04-10 09:22:59,630  INFO      Progress: 8150 done, 0 errors
2026-04-10 09:24:05,899  INFO    MAR | 50pct | Age
2026-04-10 09:24:18,341  INFO      Progress: 8200 done, 0 errors
2026-04-10 09:25:42,753  INFO      Progress: 8250 done, 0 errors
2026-04-10 09:27:05,070  INFO      Progress: 8300 done, 0 errors
2026-04-10 09:28:33,259  INFO      Progress: 8350 done, 0 errors
2026-04-10 09:29:52,264  INFO      Progress: 8400 done, 0 errors
2026-04-10 09:29:52,264  INFO    MAR | 50pct | WorkExp
2026-04-10 09:31:09,146  INFO      Progress: 8450 done, 0 errors
2026-04-10 09:32:26,609  INFO      Progress: 8500 done, 0 errors
2026-04-10 09:33:57,351  INFO      Progress: 8550 done, 0 errors
2026-04-10 09:35:37,519  INFO      Progress: 8600 done, 0 errors
2026-04-10 09:36:04,627  INFO    MAR | 50pct | EntrepExperience
2026-04-10 09:37:09,222  INFO      Progress: 8650 done, 0 errors
2026-04-10 09:38:45,191  INFO      Progress: 8700 done, 0 errors
2026-04-10 09:40:11,543  INFO      Progress: 8750 done, 0 errors
2026-04-10 09:41:56,633  INFO      Progress: 8800 done, 0 errors
2026-04-10 09:42:32,875  INFO    NMAR | 1pct | Age
2026-04-10 09:43:26,993  INFO      Progress: 8850 done, 0 errors
2026-04-10 09:44:57,701  INFO      Progress: 8900 done, 0 errors
2026-04-10 09:46:30,534  INFO      Progress: 8950 done, 0 errors
2026-04-10 09:47:59,402  INFO      Progress: 9000 done, 0 errors
2026-04-10 09:49:02,017  INFO    NMAR | 1pct | WorkExp
2026-04-10 09:49:52,848  INFO      Progress: 9050 done, 0 errors
2026-04-10 09:52:01,934  INFO      Progress: 9100 done, 0 errors
2026-04-10 09:53:46,746  INFO      Progress: 9150 done, 0 errors
2026-04-10 09:55:25,310  INFO      Progress: 9200 done, 0 errors
2026-04-10 09:56:48,057  INFO    NMAR | 1pct | EntrepExperience
2026-04-10 09:57:02,528  INFO      Progress: 9250 done, 0 errors
2026-04-10 09:58:37,473  INFO      Progress: 9300 done, 0 errors
2026-04-10 10:00:11,543  INFO      Progress: 9350 done, 0 errors
2026-04-10 10:01:59,590  INFO      Progress: 9400 done, 0 errors
2026-04-10 10:04:08,509  INFO      Progress: 9450 done, 0 errors
2026-04-10 10:04:08,512  INFO    NMAR | 5pct | Age
2026-04-10 10:05:42,074  INFO      Progress: 9500 done, 0 errors
2026-04-10 10:07:19,822  INFO      Progress: 9550 done, 0 errors
2026-04-10 10:09:06,534  INFO      Progress: 9600 done, 0 errors
2026-04-10 10:10:42,224  INFO      Progress: 9650 done, 0 errors
2026-04-10 10:11:07,895  INFO    NMAR | 5pct | WorkExp
2026-04-10 10:12:25,462  INFO      Progress: 9700 done, 0 errors
2026-04-10 10:14:19,705  INFO      Progress: 9750 done, 0 errors
2026-04-10 10:16:02,757  INFO      Progress: 9800 done, 0 errors
2026-04-10 10:17:35,866  INFO      Progress: 9850 done, 0 errors
2026-04-10 10:18:19,230  INFO    NMAR | 5pct | EntrepExperience
2026-04-10 10:19:13,776  INFO      Progress: 9900 done, 0 errors
2026-04-10 10:20:53,466  INFO      Progress: 9950 done, 0 errors
2026-04-10 10:22:29,839  INFO      Progress: 10000 done, 0 errors
2026-04-10 10:24:11,651  INFO      Progress: 10050 done, 0 errors
2026-04-10 10:25:21,629  INFO    NMAR | 10pct | Age
2026-04-10 10:26:04,210  INFO      Progress: 10100 done, 0 errors
2026-04-10 10:27:41,892  INFO      Progress: 10150 done, 0 errors
2026-04-10 10:29:31,799  INFO      Progress: 10200 done, 0 errors
2026-04-10 10:31:15,030  INFO      Progress: 10250 done, 0 errors
2026-04-10 10:32:41,808  INFO    NMAR | 10pct | WorkExp
2026-04-10 10:32:56,978  INFO      Progress: 10300 done, 0 errors
2026-04-10 10:34:39,172  INFO      Progress: 10350 done, 0 errors
2026-04-10 10:36:24,832  INFO      Progress: 10400 done, 0 errors
2026-04-10 10:38:43,202  INFO      Progress: 10450 done, 0 errors
2026-04-10 10:40:38,521  INFO      Progress: 10500 done, 0 errors
2026-04-10 10:40:38,521  INFO    NMAR | 10pct | EntrepExperience
2026-04-10 10:42:27,161  INFO      Progress: 10550 done, 0 errors
2026-04-10 10:44:12,576  INFO      Progress: 10600 done, 0 errors
2026-04-10 10:45:55,461  INFO      Progress: 10650 done, 0 errors
2026-04-10 10:48:16,868  INFO      Progress: 10700 done, 0 errors
2026-04-10 10:48:44,893  INFO    NMAR | 20pct | Age
2026-04-10 10:50:00,431  INFO      Progress: 10750 done, 0 errors
2026-04-10 10:52:02,727  INFO      Progress: 10800 done, 0 errors
2026-04-10 10:53:49,343  INFO      Progress: 10850 done, 0 errors
2026-04-10 10:55:49,139  INFO      Progress: 10900 done, 0 errors
2026-04-10 10:56:36,723  INFO    NMAR | 20pct | WorkExp
2026-04-10 10:57:35,385  INFO      Progress: 10950 done, 0 errors
2026-04-10 10:59:40,051  INFO      Progress: 11000 done, 0 errors
2026-04-10 11:01:34,360  INFO      Progress: 11050 done, 0 errors
2026-04-10 11:03:24,582  INFO      Progress: 11100 done, 0 errors
2026-04-10 11:04:42,872  INFO    NMAR | 20pct | EntrepExperience
2026-04-10 11:05:21,090  INFO      Progress: 11150 done, 0 errors
2026-04-10 11:06:45,847  INFO      Progress: 11200 done, 0 errors
2026-04-10 11:08:12,578  INFO      Progress: 11250 done, 0 errors
2026-04-10 11:09:41,654  INFO      Progress: 11300 done, 0 errors
2026-04-10 11:10:51,616  INFO    NMAR | 30pct | Age
2026-04-10 11:11:04,699  INFO      Progress: 11350 done, 0 errors
2026-04-10 11:12:23,906  INFO      Progress: 11400 done, 0 errors
2026-04-10 11:13:46,906  INFO      Progress: 11450 done, 0 errors
2026-04-10 11:15:22,608  INFO      Progress: 11500 done, 0 errors
2026-04-10 11:16:46,580  INFO      Progress: 11550 done, 0 errors
2026-04-10 11:16:46,581  INFO    NMAR | 30pct | WorkExp
2026-04-10 11:18:04,080  INFO      Progress: 11600 done, 0 errors
2026-04-10 11:19:29,395  INFO      Progress: 11650 done, 0 errors
2026-04-10 11:20:50,787  INFO      Progress: 11700 done, 0 errors
2026-04-10 11:22:09,988  INFO      Progress: 11750 done, 0 errors
2026-04-10 11:22:34,004  INFO    NMAR | 30pct | EntrepExperience
2026-04-10 11:23:46,502  INFO      Progress: 11800 done, 0 errors
2026-04-10 11:25:28,557  INFO      Progress: 11850 done, 0 errors
2026-04-10 11:26:57,862  INFO      Progress: 11900 done, 0 errors
2026-04-10 11:28:25,363  INFO      Progress: 11950 done, 0 errors
2026-04-10 11:29:04,917  INFO    NMAR | 40pct | Age
2026-04-10 11:30:05,917  INFO      Progress: 12000 done, 0 errors
2026-04-10 11:31:30,093  INFO      Progress: 12050 done, 0 errors
2026-04-10 11:32:57,381  INFO      Progress: 12100 done, 0 errors
2026-04-10 11:34:24,113  INFO      Progress: 12150 done, 0 errors
2026-04-10 11:35:33,979  INFO    NMAR | 40pct | WorkExp
2026-04-10 11:36:11,238  INFO      Progress: 12200 done, 0 errors
2026-04-10 11:37:34,157  INFO      Progress: 12250 done, 0 errors
2026-04-10 11:38:59,866  INFO      Progress: 12300 done, 0 errors
2026-04-10 11:40:22,979  INFO      Progress: 12350 done, 0 errors
2026-04-10 11:41:40,999  INFO    NMAR | 40pct | EntrepExperience
2026-04-10 11:41:54,962  INFO      Progress: 12400 done, 0 errors
2026-04-10 11:43:23,101  INFO      Progress: 12450 done, 0 errors
2026-04-10 11:44:46,976  INFO      Progress: 12500 done, 0 errors
2026-04-10 11:46:25,842  INFO      Progress: 12550 done, 0 errors
2026-04-10 11:48:19,105  INFO      Progress: 12600 done, 0 errors
2026-04-10 11:48:19,109  INFO    NMAR | 50pct | Age
2026-04-10 11:49:59,344  INFO      Progress: 12650 done, 0 errors
2026-04-10 11:51:29,979  INFO      Progress: 12700 done, 0 errors
2026-04-10 11:52:59,048  INFO      Progress: 12750 done, 0 errors
2026-04-10 11:54:30,800  INFO      Progress: 12800 done, 0 errors
2026-04-10 11:54:54,960  INFO    NMAR | 50pct | WorkExp
2026-04-10 11:55:55,729  INFO      Progress: 12850 done, 0 errors
2026-04-10 11:58:22,129  INFO      Progress: 12900 done, 0 errors
2026-04-10 12:00:00,250  INFO      Progress: 12950 done, 0 errors
2026-04-10 12:01:49,415  INFO      Progress: 13000 done, 0 errors
2026-04-10 12:02:28,562  INFO    NMAR | 50pct | EntrepExperience
2026-04-10 12:03:18,120  INFO      Progress: 13050 done, 0 errors
2026-04-10 12:05:05,232  INFO      Progress: 13100 done, 0 errors
2026-04-10 12:06:32,694  INFO      Progress: 13150 done, 0 errors
2026-04-10 12:07:56,926  INFO      Progress: 13200 done, 0 errors
2026-04-10 12:08:58,754  INFO  Simulation complete: 13230 done, 0 errors
2026-04-10 12:08:58,755  INFO  Computing NMAR diagnostics...
2026-04-10 12:09:00,145  INFO  Writing Excel workbook to C:\Users\briac\Econ_Code\Oxford_MonteCarlo_week3\paper_analysis_output\Paper_0022_DemandPull\full_run\DemandPullReport_0022.xlsx ...
2026-04-10 12:09:04,778  INFO  Workbook written: C:\Users\briac\Econ_Code\Oxford_MonteCarlo_week3\paper_analysis_output\Paper_0022_DemandPull\full_run\DemandPullReport_0022.xlsx
2026-04-10 12:09:04,795  INFO  Full simulation complete.
