2026-04-10 02:01:18,458  INFO  ============================================================
2026-04-10 02:01:18,458  INFO  Paper 0019 -- Mode: SMOKE
2026-04-10 02:01:18,459  INFO  ============================================================
2026-04-10 02:01:18,459  INFO  Loading from C:\Users\briac\Econ_Code\Oxford_MonteCarlo_week3\paper_analysis_output\Paper_0019_AntidiscrimLaws\DATA.csv

========================================================================
DATA INSPECTION  Source: DATA.csv  Shape: 13,633 x 44
========================================================================
  MISSING  lev_lt_at                                0.0827
  MISSING  lev_dlc_dltt_at                          0.0612
  MISSING  ni_at                                    0.0118
  MISSING  ppent_at                                 0.0034
  MISSING  lev_mkt                                  0.4349
  MISSING  div_payer                                0.0003
  MISSING  ni_at_vol                                0.2528
  MISSING  sic_2                                    0.0997
  MISSING  empgrw                                   0.2899
  MISSING  oibdp_atw                                0.0263
  MISSING  ni_atw                                   0.0118
  MISSING  sale_emp                                 0.1843
  MISSING  ni_at_beg                                0.0301
  MISSING  ppent_at_beg                             0.0098
  MISSING  div_payer_beg                            0.0005
  MISSING  pctbk50_sma                              0.0685
  MISSING  r_migpr_50_70                            0.1590
  MISSING  r_herf_ind                               0.0338
  OK  oibdp_atw                                mean=   0.1755  std=   0.0910  missing=358
  OK  ad_law2                                  mean=   0.6132  std=   0.4870  missing=0
  OK  ln_at_adj                                mean=   3.8178  std=   1.6013  missing=0
  OK  ppent_at                                 mean=   0.3513  std=   0.1852  missing=47
  OK  div_payer                                mean=   0.8191  std=   0.3849  missing=4
  OK  state_inc_growth                         mean=   2.5371  std=   2.9081  missing=0
========================================================================
2026-04-10 02:01:18,670  INFO  Running baseline regression (pyfixest)...
2026-04-10 02:01:18,676  INFO  Regression sample N = 13,247
========================================================================
BASELINE REGRESSION -- Table 4, Operating Profitability  N=13,247
========================================================================
  ad_law2                                        -0.0110     0.0034     0.0013 **
  ln_at_adj                                       0.0052     0.0041     0.2052 
  ppent_at                                       -0.1382     0.0205     0.0000 ***
  div_payer                                       0.0259     0.0046     0.0000 ***
  state_inc_growth                                0.0020     0.0004     0.0000 ***
###

Estimation:  OLS
Dep. var.: oibdp_atw, Fixed effects: cm_id + fyear
sample: None = all
Inference:  CRV1
Observations:  13235

| Coefficient          |   Estimate |   Std. Error |   t value |   Pr(>|t|) |   2.5% |   97.5% |
|:---------------------|-----------:|-------------:|----------:|-----------:|-------:|--------:|
| ad_law2              |     -0.011 |        0.003 |    -3.214 |      0.001 | -0.018 |  -0.004 |
| ln_at_adj            |      0.005 |        0.004 |     1.267 |      0.205 | -0.003 |   0.013 |
| ppent_at             |     -0.138 |        0.021 |    -6.731 |      0.000 | -0.178 |  -0.098 |
| div_payer            |      0.026 |        0.005 |     5.670 |      0.000 |  0.017 |   0.035 |
| state_inc_growth     |      0.002 |        0.000 |     5.197 |      0.000 |  0.001 |   0.003 |
| state_id::1.0:fyear  |      0.002 |        0.001 |     1.413 |      0.158 | -0.001 |   0.004 |
| state_id::3.0:fyear  |      0.006 |        0.008 |     0.728 |      0.467 | -0.010 |   0.021 |
| state_id::4.0:fyear  |      0.001 |        0.005 |     0.189 |      0.850 | -0.009 |   0.011 |
| state_id::5.0:fyear  |      0.003 |        0.002 |     2.005 |      0.045 |  0.000 |   0.006 |
| state_id::6.0:fyear  |      0.002 |        0.003 |     0.561 |      0.575 | -0.004 |   0.007 |
| state_id::7.0:fyear  |      0.002 |        0.002 |     0.963 |      0.336 | -0.002 |   0.005 |
| state_id::10.0:fyear |      0.004 |        0.002 |     1.973 |      0.049 |  0.000 |   0.008 |
| state_id::11.0:fyear |      0.002 |        0.002 |     1.176 |      0.240 | -0.002 |   0.006 |
| state_id::12.0:fyear |      0.024 |        0.011 |     2.089 |      0.037 |  0.001 |   0.046 |
| state_id::14.0:fyear |      0.002 |        0.001 |     1.404 |      0.161 | -0.001 |   0.004 |
| state_id::15.0:fyear |      0.002 |        0.002 |     1.415 |      0.157 | -0.001 |   0.006 |
| state_id::17.0:fyear |      0.008 |        0.003 |     2.450 |      0.014 |  0.002 |   0.014 |
| state_id::18.0:fyear |      0.002 |        0.004 |     0.517 |      0.605 | -0.005 |   0.009 |
| state_id::19.0:fyear |     -0.006 |        0.005 |    -1.320 |      0.187 | -0.015 |   0.003 |
| state_id::21.0:fyear |      0.007 |        0.002 |     3.915 |      0.000 |  0.003 |   0.010 |
| state_id::22.0:fyear |      0.002 |        0.001 |     1.394 |      0.164 | -0.001 |   0.004 |
| state_id::23.0:fyear |      0.002 |        0.002 |     1.261 |      0.208 | -0.001 |   0.006 |
| state_id::24.0:fyear |      0.003 |        0.002 |     1.761 |      0.078 | -0.000 |   0.007 |
| state_id::25.0:fyear |     -0.009 |        0.009 |    -1.073 |      0.283 | -0.026 |   0.008 |
| state_id::26.0:fyear |      0.005 |        0.001 |     3.369 |      0.001 |  0.002 |   0.007 |
| state_id::28.0:fyear |      0.057 |        0.012 |     4.952 |      0.000 |  0.034 |   0.080 |
| state_id::29.0:fyear |     -0.017 |        0.003 |    -5.584 |      0.000 | -0.023 |  -0.011 |
| state_id::30.0:fyear |      0.006 |        0.003 |     2.190 |      0.029 |  0.001 |   0.011 |
| state_id::31.0:fyear |      0.002 |        0.001 |     1.417 |      0.157 | -0.001 |   0.004 |
| state_id::32.0:fyear |     -0.068 |        0.008 |    -8.248 |      0.000 | -0.084 |  -0.052 |
| state_id::33.0:fyear |      0.002 |        0.001 |     1.453 |      0.147 | -0.001 |   0.004 |
| state_id::34.0:fyear |      0.001 |        0.002 |     0.430 |      0.667 | -0.004 |   0.005 |
| state_id::36.0:fyear |      0.002 |        0.001 |     1.370 |      0.171 | -0.001 |   0.004 |
| state_id::38.0:fyear |     -0.004 |        0.004 |    -0.911 |      0.363 | -0.012 |   0.004 |
| state_id::39.0:fyear |      0.002 |        0.001 |     1.415 |      0.157 | -0.001 |   0.004 |
| state_id::40.0:fyear |      0.010 |        0.001 |     6.621 |      0.000 |  0.007 |   0.013 |
| state_id::41.0:fyear |      0.001 |        0.002 |     0.544 |      0.587 | -0.003 |   0.005 |
| state_id::43.0:fyear |      0.002 |        0.004 |     0.536 |      0.592 | -0.005 |   0.009 |
| state_id::44.0:fyear |     -0.001 |        0.002 |    -0.437 |      0.662 | -0.004 |   0.003 |
| state_id::45.0:fyear |      0.008 |        0.002 |     3.913 |      0.000 |  0.004 |   0.012 |
| state_id::47.0:fyear |      0.001 |        0.002 |     0.403 |      0.687 | -0.003 |   0.005 |
| state_id::48.0:fyear |     -0.000 |        0.001 |    -0.197 |      0.844 | -0.003 |   0.003 |
---
RMSE: 0.049 R2: 0.708 R2 Within: 0.055 
========================================================================
2026-04-10 02:01:52,096  INFO  SMOKE TEST: 3 mechs x 2 levels x 1 var x 2 iters x 7 methods = 84 runs
2026-04-10 02:01:52,097  INFO  Resuming: 46 combinations already complete
2026-04-10 02:01:52,100  INFO  Baseline focal coef: {'coef': -0.010972880569337812, 'se': 0.0034141729140311056, 'pval': 0.0013353208621125212, 'nobs': 13235, 'sign': -1, 'sig': True}
2026-04-10 02:01:52,107  INFO    MCAR | 1pct | ln_at_adj
2026-04-10 02:01:52,154  INFO    MCAR | 10pct | ln_at_adj
2026-04-10 02:01:52,201  INFO    MAR | 1pct | ln_at_adj
2026-04-10 02:01:52,664  WARNING  ERROR: MAR|1pct|ln_at_adj|Iter|0: A singular matrix detected: slice(s) [0] are singular.
2026-04-10 02:01:52,689  INFO    MAR | 10pct | ln_at_adj
WARNING: All log messages before absl::InitializeLog() is called are written to STDERR
I0000 00:00:1775779312.858514   24180 port.cc:153] oneDNN custom operations are on. You may see slightly different numerical results due to floating-point round-off errors from different computation orders. To turn them off, set the environment variable `TF_ENABLE_ONEDNN_OPTS=0`.
WARNING: All log messages before absl::InitializeLog() is called are written to STDERR
I0000 00:00:1775779315.465151   24180 port.cc:153] oneDNN custom operations are on. You may see slightly different numerical results due to floating-point round-off errors from different computation orders. To turn them off, set the environment variable `TF_ENABLE_ONEDNN_OPTS=0`.
I0000 00:00:1775779315.925203   24180 cpu_feature_guard.cc:227] This TensorFlow binary is optimized to use available CPU instructions in performance-critical operations.
To enable the following instructions: SSE3 SSE4.1 SSE4.2 AVX AVX2 FMA, in other operations, rebuild TensorFlow with the appropriate compiler flags.
2026-04-10 02:01:56,044  WARNING  TensorFlow GPU support is not available on native Windows for TensorFlow >= 2.11. Even if CUDA/cuDNN are installed, GPU will not be used. Please use WSL2 or the TensorFlow-DirectML plugin.
2026-04-10 02:02:08,660  WARNING  From C:\Users\briac\Econ_Code\Oxford_MonteCarlo_week3\venv\Lib\site-packages\keras\src\backend\common\global_state.py:82: The name tf.reset_default_graph is deprecated. Please use tf.compat.v1.reset_default_graph instead.

2026-04-10 02:02:12,680  INFO      Progress: 50 done, 1 errors22026-04-10 02:02:28,145  INFO    NMAR | 1pct | ln_at_adj22026-04-10 02:03:12,858  INFO    NMAR | 10pct | ln_at_adj22026-04-10 02:03:55,001  INFO  Simulation complete: 83 done, 1 errors
2026-04-10 02:03:55,001  INFO  Computing NMAR diagnostics...
2026-04-10 02:03:56,199  INFO  Writing Excel workbook to C:\Users\briac\Econ_Code\Oxford_MonteCarlo_week3\paper_analysis_output\Paper_0019_AntidiscrimLaws\smoke\SMOKE_AntidiscrimLawsReport_0019.xlsx ...
2026-04-10 02:03:56,487  INFO  Workbook written: C:\Users\briac\Econ_Code\Oxford_MonteCarlo_week3\paper_analysis_output\Paper_0019_AntidiscrimLaws\smoke\SMOKE_AntidiscrimLawsReport_0019.xlsx
2026-04-10 02:03:56,488  INFO  Smoke test complete.
