2026-04-10 12:12:15,511  INFO  ============================================================
2026-04-10 12:12:15,512  INFO  Paper 0025 -- Mode: SMOKE
2026-04-10 12:12:15,512  INFO  ============================================================
2026-04-10 12:12:15,512  INFO  Loading from C:\Users\briac\Econ_Code\Oxford_MonteCarlo_week3\paper_analysis_output\Paper_0025_PathwaysProfits\DATA.csv

========================================================================
DATA INSPECTION  Source: DATA.csv  Shape: 611 x 142
========================================================================
  MISSING  Distance2training_miles                  0.4779
  MISSING  Attendance                               0.4779
  MISSING  Exercises_AvgScore                       0.6056
  MISSING  Engagement_AvgScore                      0.5761
  MISSING  Feedback_Satisfaction                    0.5385
  MISSING  Feedback_Comprehension                   0.5385
  MISSING  Feedback_BusinRelevance                  0.5352
  MISSING  Feedback_Value                           0.5401
  MISSING  Feedback_WTP                             0.5548
  MISSING  busprac_q1competitor                     0.0606
  MISSING  busprac_q2supplier                       0.0606
  MISSING  busprac_q3customer                       0.0606
  MISSING  busprac_q4customerformer                 0.0606
  MISSING  busprac_q5custneeds                      0.0606
  MISSING  busprac_q6productquality                 0.0606
  MISSING  busprac_q7promotion                      0.0606
  MISSING  busprac_q8place                          0.0606
  MISSING  busprac_q9pricing                        0.0606
  MISSING  busprac_q10productnew                    0.0606
  MISSING  busprac_q11capability                    0.0606
  MISSING  busprac_q12advisedcust                   0.0606
  MISSING  busprac_q13bodylanguage                  0.0606
  MISSING  busprac_q14buyingcriteria                0.0606
  MISSING  busprac_q15satisfaction                  0.0606
  MISSING  busprac_q16separates                     0.0606
  MISSING  busprac_q17records                       0.0606
  MISSING  busprac_q18assets                        0.0606
  MISSING  busprac_q19liabilities                   0.0606
  MISSING  busprac_q20moneyinout                    0.0606
  MISSING  busprac_q21availablecash                 0.0606
  MISSING  busprac_q22saleschanges                  0.0606
  MISSING  busprac_q23costs                         0.0606
  MISSING  busprac_q24compare                       0.0606
  MISSING  busprac_q25workingcapital                0.0606
  MISSING  busprac_q26budget                        0.0606
  MISSING  busprac_q27spending                      0.0606
  MISSING  busprac_q28incomestatement               0.0606
  MISSING  busprac_q29balancesheet                  0.0606
  MISSING  busprac_q30forecast                      0.0606
  MISSING  busprac_MarketResearch                   0.0606
  MISSING  busprac_MarketingTactics                 0.0606
  MISSING  busprac_SalesTactics                     0.0606
  MISSING  busprac_ALLmarketing                     0.0606
  MISSING  busprac_TrackingFinances                 0.0606
  MISSING  busprac_AnalyzingFinances                0.0606
  MISSING  busprac_PlanningFinances                 0.0606
  MISSING  busprac_ALLfinance                       0.0606
  MISSING  FIN_pretest                              0.5172
  MISSING  MKT_pretest                              0.5172
  MISSING  FIN_posttest                             0.5188
  MISSING  MKT_posttest                             0.5188
  OK  Profits3_composite_w1                    mean=6148.2039  std=14714.0656  missing=0
  OK  Treatment_FIN                            mean=   0.3077  std=   0.4619  missing=0
  OK  Treatment_MKT                            mean=   0.3011  std=   0.4591  missing=0
  OK  Gender                                   mean=   0.4566  std=   0.4985  missing=0
  OK  Age                                      mean=  38.5517  std=  10.0407  missing=0
  OK  Children_total                           mean=   1.9951  std=   1.5997  missing=0
  OK  Race_SAblackcolored                      mean=   0.8658  std=   0.3412  missing=0
  OK  Race_Foreigner                           mean=   0.1195  std=   0.3246  missing=0
  OK  Educ_high                                mean=   0.6203  std=   0.4857  missing=0
  OK  Operating_yearstotal                     mean=   5.3271  std=   5.7009  missing=0
  OK  Activity_Hours                           mean=  53.8625  std=  18.1822  missing=0
  OK  pre_Employees1_composite                 mean=   2.2471  std=   3.2709  missing=0
  OK  FormalReg                                mean=   0.3961  std=   0.4895  missing=0
  OK  pre_Profits3_composite_w1                mean=5210.7857  std=10794.6871  missing=0
  OK  Ind2_SIC15                               mean=   0.0458  std=   0.2093  missing=0
  OK  Ind2_SIC17                               mean=   0.0360  std=   0.1865  missing=0
  OK  Ind2_SIC23                               mean=   0.0606  std=   0.2387  missing=0
  OK  Ind2_SIC25                               mean=   0.0164  std=   0.1270  missing=0
  OK  Ind2_SIC34                               mean=   0.0262  std=   0.1598  missing=0
  OK  Ind2_SIC41                               mean=   0.0164  std=   0.1270  missing=0
  OK  Ind2_SIC54                               mean=   0.0786  std=   0.2693  missing=0
  OK  Ind2_SIC56                               mean=   0.0671  std=   0.2504  missing=0
  OK  Ind2_SIC57                               mean=   0.0180  std=   0.1331  missing=0
  OK  Ind2_SIC58                               mean=   0.1113  std=   0.3148  missing=0
  OK  Ind2_SIC59                               mean=   0.0311  std=   0.1737  missing=0
  OK  Ind2_SIC72                               mean=   0.1849  std=   0.3886  missing=0
  OK  Ind2_SIC73                               mean=   0.0704  std=   0.2560  missing=0
  OK  Ind2_SIC75                               mean=   0.0164  std=   0.1270  missing=0
  OK  Ind2_SIC76                               mean=   0.0491  std=   0.2163  missing=0
  OK  Ind2_SIC83                               mean=   0.0442  std=   0.2057  missing=0
========================================================================
2026-04-10 12:12:15,607  INFO  Running baseline regression (pyfixest)...
2026-04-10 12:12:15,609  INFO  Regression sample N = 611
========================================================================
BASELINE REGRESSION -- Table 5, Column 6  N=611
========================================================================
  Treatment_FIN                                2230.7382  1052.6504     0.0345 *
  Treatment_MKT                                3528.2652  1191.8469     0.0032 **
  Gender                                      -1607.8106  1111.9714     0.1487 
  Age                                           -35.1754    65.0645     0.5890 
  Children_total                                202.7799   360.1656     0.5736 
  Race_SAblackcolored                          2617.2519  4995.1535     0.6005 
  Race_Foreigner                               1178.6809  4953.8708     0.8120 
  Educ_high                                    2531.4371  1058.1319     0.0171 *
  Operating_yearstotal                          179.9474    78.4848     0.0222 *
  Activity_Hours                                -35.1956    22.5454     0.1190 
  pre_Employees1_composite                     1517.3353   259.4538     0.0000 ***
  FormalReg                                   -1299.1823  1072.9844     0.2265 
  pre_Profits3_composite_w1                       0.5454     0.1149     0.0000 ***
  Ind2_SIC15                                    233.4305  5925.6923     0.9686 
  Ind2_SIC17                                  -6133.9128  3473.0296     0.0779 
  Ind2_SIC23                                  -1247.7639  2285.1867     0.5853 
  Ind2_SIC25                                   4106.9195  7424.3305     0.5804 
  Ind2_SIC34                                  -3915.2452  2734.9904     0.1528 
  Ind2_SIC41                                    211.2037  3860.3361     0.9564 
  Ind2_SIC54                                    729.2661  2202.0134     0.7406 
  Ind2_SIC56                                  -1465.1521  2219.2620     0.5094 
  Ind2_SIC57                                   5095.7586  3822.1779     0.1830 
  Ind2_SIC58                                  -2265.5838  2343.6180     0.3341 
  Ind2_SIC59                                    767.0713  2647.4187     0.7721 
  Ind2_SIC72                                  -1763.5700  1913.9105     0.3572 
  Ind2_SIC73                                  -4959.4550  2347.9955     0.0351 *
  Ind2_SIC75                                   3318.6182  3940.5592     0.4000 
  Ind2_SIC76                                  -2261.9019  2161.8419     0.2959 
  Ind2_SIC83                                  -5489.6261  2837.1554     0.0535 
###

Estimation:  OLS
Dep. var.: Profits3_composite_w1
sample: None = all
Inference:  hetero
Observations:  611

| Coefficient               |   Estimate |   Std. Error |   t value |   Pr(>|t|) |       2.5% |     97.5% |
|:--------------------------|-----------:|-------------:|----------:|-----------:|-----------:|----------:|
| Intercept                 |  -1222.172 |     5832.020 |    -0.210 |      0.834 | -12676.582 | 10232.239 |
| Treatment_FIN             |   2230.738 |     1052.650 |     2.119 |      0.035 |    163.274 |  4298.202 |
| Treatment_MKT             |   3528.265 |     1191.847 |     2.960 |      0.003 |   1187.412 |  5869.119 |
| Gender                    |  -1607.811 |     1111.971 |    -1.446 |      0.149 |  -3791.784 |   576.163 |
| Age                       |    -35.175 |       65.065 |    -0.541 |      0.589 |   -162.966 |    92.615 |
| Children_total            |    202.780 |      360.166 |     0.563 |      0.574 |   -504.605 |   910.165 |
| Race_SAblackcolored       |   2617.252 |     4995.153 |     0.524 |      0.601 |  -7193.506 | 12428.010 |
| Race_Foreigner            |   1178.681 |     4953.871 |     0.238 |      0.812 |  -8550.996 | 10908.358 |
| Educ_high                 |   2531.437 |     1058.132 |     2.392 |      0.017 |    453.207 |  4609.667 |
| Operating_yearstotal      |    179.947 |       78.485 |     2.293 |      0.022 |     25.799 |   334.096 |
| Activity_Hours            |    -35.196 |       22.545 |    -1.561 |      0.119 |    -79.476 |     9.085 |
| pre_Employees1_composite  |   1517.335 |      259.454 |     5.848 |      0.000 |   1007.754 |  2026.917 |
| FormalReg                 |  -1299.182 |     1072.984 |    -1.211 |      0.226 |  -3406.583 |   808.219 |
| pre_Profits3_composite_w1 |      0.545 |        0.115 |     4.747 |      0.000 |      0.320 |     0.771 |
| Ind2_SIC15                |    233.431 |     5925.692 |     0.039 |      0.969 | -11404.958 | 11871.819 |
| Ind2_SIC17                |  -6133.913 |     3473.030 |    -1.766 |      0.078 | -12955.135 |   687.310 |
| Ind2_SIC23                |  -1247.764 |     2285.187 |    -0.546 |      0.585 |  -5735.997 |  3240.470 |
| Ind2_SIC25                |   4106.920 |     7424.331 |     0.553 |      0.580 | -10474.877 | 18688.716 |
| Ind2_SIC34                |  -3915.245 |     2734.990 |    -1.432 |      0.153 |  -9286.918 |  1456.428 |
| Ind2_SIC41                |    211.204 |     3860.336 |     0.055 |      0.956 |  -7370.710 |  7793.118 |
| Ind2_SIC54                |    729.266 |     2202.013 |     0.331 |      0.741 |  -3595.610 |  5054.142 |
| Ind2_SIC56                |  -1465.152 |     2219.262 |    -0.660 |      0.509 |  -5823.906 |  2893.602 |
| Ind2_SIC57                |   5095.759 |     3822.178 |     1.333 |      0.183 |  -2411.211 | 12602.728 |
| Ind2_SIC58                |  -2265.584 |     2343.618 |    -0.967 |      0.334 |  -6868.580 |  2337.412 |
| Ind2_SIC59                |    767.071 |     2647.419 |     0.290 |      0.772 |  -4432.606 |  5966.748 |
| Ind2_SIC72                |  -1763.570 |     1913.910 |    -0.921 |      0.357 |  -5522.596 |  1995.456 |
| Ind2_SIC73                |  -4959.455 |     2347.996 |    -2.112 |      0.035 |  -9571.048 |  -347.862 |
| Ind2_SIC75                |   3318.618 |     3940.559 |     0.842 |      0.400 |  -4420.859 | 11058.095 |
| Ind2_SIC76                |  -2261.902 |     2161.842 |    -1.046 |      0.296 |  -6507.879 |  1984.076 |
| Ind2_SIC83                |  -5489.626 |     2837.155 |    -1.935 |      0.053 | -11061.957 |    82.704 |
---
RMSE: 11068.795 R2: 0.433 
========================================================================
2026-04-10 12:12:22,366  INFO  SMOKE TEST: 3 mechs x 2 levels x 1 var x 2 iters x 7 methods = 84 runs
2026-04-10 12:12:22,367  INFO  Resuming: 0 combinations already complete
2026-04-10 12:12:22,369  INFO  Baseline focal coef: {'coef': 2230.7382329506177, 'se': 1052.6503985829484, 'pval': 0.03450022651757445, 'nobs': 611, 'sign': 1, 'sig': True}
2026-04-10 12:12:22,372  INFO    MCAR | 1pct | Age
WARNING: All log messages before absl::InitializeLog() is called are written to STDERR
I0000 00:00:1775815943.451815   38280 port.cc:153] oneDNN custom operations are on. You may see slightly different numerical results due to floating-point round-off errors from different computation orders. To turn them off, set the environment variable `TF_ENABLE_ONEDNN_OPTS=0`.
WARNING: All log messages before absl::InitializeLog() is called are written to STDERR
I0000 00:00:1775815949.821893   38280 port.cc:153] oneDNN custom operations are on. You may see slightly different numerical results due to floating-point round-off errors from different computation orders. To turn them off, set the environment variable `TF_ENABLE_ONEDNN_OPTS=0`.
I0000 00:00:1775815951.223531   38280 cpu_feature_guard.cc:227] This TensorFlow binary is optimized to use available CPU instructions in performance-critical operations.
To enable the following instructions: SSE3 SSE4.1 SSE4.2 AVX AVX2 FMA, in other operations, rebuild TensorFlow with the appropriate compiler flags.
2026-04-10 12:12:31,307  WARNING  TensorFlow GPU support is not available on native Windows for TensorFlow >= 2.11. Even if CUDA/cuDNN are installed, GPU will not be used. Please use WSL2 or the TensorFlow-DirectML plugin.
2026-04-10 12:12:35,812  WARNING  From C:\Users\briac\Econ_Code\Oxford_MonteCarlo_week3\venv\Lib\site-packages\keras\src\backend\common\global_state.py:82: The name tf.reset_default_graph is deprecated. Please use tf.compat.v1.reset_default_graph instead.

2026-04-10 12:12:42,076  INFO    MCAR | 10pct | Age
2026-04-10 12:12:51,199  INFO    MAR | 1pct | Age
2026-04-10 12:13:00,025  INFO    MAR | 10pct | Age
2026-04-10 12:13:04,279  INFO      Progress: 50 done, 0 errors
2026-04-10 12:13:08,367  INFO    NMAR | 1pct | Age
2026-04-10 12:13:16,408  INFO    NMAR | 10pct | Age
2026-04-10 12:13:25,065  INFO  Simulation complete: 84 done, 0 errors
2026-04-10 12:13:25,066  INFO  Computing NMAR diagnostics...
2026-04-10 12:13:25,598  INFO  Writing Excel workbook to C:\Users\briac\Econ_Code\Oxford_MonteCarlo_week3\paper_analysis_output\Paper_0025_PathwaysProfits\smoke\SMOKE_PathwaysProfitsReport_0025.xlsx ...
2026-04-10 12:13:25,817  INFO  Workbook written: C:\Users\briac\Econ_Code\Oxford_MonteCarlo_week3\paper_analysis_output\Paper_0025_PathwaysProfits\smoke\SMOKE_PathwaysProfitsReport_0025.xlsx
2026-04-10 12:13:25,817  INFO  Smoke test complete.
