2026-04-10 13:36:28,732  INFO  ============================================================
2026-04-10 13:36:28,733  INFO  Paper 0023 -- Mode: FULL
2026-04-10 13:36:28,733  INFO  ============================================================
2026-04-10 13:36:28,734  INFO  Loading from C:\Users\briac\Econ_Code\Oxford_MonteCarlo_week3\paper_analysis_output\Paper_0023_EffectIPO\DATA.csv

========================================================================
DATA INSPECTION  Source: DATA.csv  Shape: 12,211 x 95
========================================================================
  MISSING  mve                                      0.0902
  MISSING  ipo_news_LN_high                         0.3589
  MISSING  lagibes_net_pre                          0.3746
  MISSING  ch_gtrends_ipo_1m_neg                    0.5683
  MISSING  ln_gtrends_filing_mth                    0.6230
  MISSING  ln_gtrends_filing_l12m                   0.5843
  MISSING  ln_num_analyst                           0.3044
  MISSING  ch_f1_num_analyst_pct                    0.3586
  MISSING  turnover_mth_1m                          0.1692
  MISSING  abs_vwret_mth_1m                         0.1704
  MISSING  mtb                                      0.0905
  MISSING  ln_mve                                   0.0902
  MISSING  ch1_ewret                                0.1673
  MISSING  ch1_turnover                             0.1662
  MISSING  ch1_retsd                                0.1674
  MISSING  ch1_mtb                                  0.0948
  MISSING  diff_fn_tax_cosine                       0.2516
  MISSING  diff_fn_nontax_cosine                    0.2516
  MISSING  ab_ch_vaa_pos                            0.6329
  MISSING  ab_ch_vaa_neg                            0.6329
  MISSING  ab_ch_tax_res_pos                        0.1642
  MISSING  ab_ch_tax_res_neg                        0.1642
  MISSING  diff_lagroa_pretax                       0.0024
  MISSING  diff_lagcfo_pretax                       0.0043
  MISSING  ipo_lagab_acc_high                       0.1184
  MISSING  ipo_lagab_acc_abs_high                   0.1184
  MISSING  ipo_lagfsd_score_high                    0.1184
  OK  ch1_gaap_etr                             mean=   0.0188  std=   0.1709  missing=0
  OK  diff_laggaap_etr                         mean=  -0.0135  std=   0.2215  missing=0
  OK  diff_median_laggaap_etr                  mean=  -0.0027  std=   0.1567  missing=0
  OK  ch1_s_rd                                 mean=  -0.0002  std=   0.0122  missing=0
  OK  ch1_s_ad                                 mean=  -0.0003  std=   0.0086  missing=0
  OK  ch1_s_sga                                mean=  -0.0051  std=   0.0462  missing=0
  OK  ch1_s_capexp                             mean=   0.0013  std=   0.0715  missing=0
  OK  ch1_s_cash                               mean=  -0.0041  std=   0.0833  missing=0
  OK  ch1_s_fi                                 mean=   0.0005  std=   0.0161  missing=0
  OK  ch1_s_eqinc                              mean=   0.0000  std=   0.0022  missing=0
  OK  ch1_nol                                  mean=   0.0109  std=   0.2494  missing=0
  OK  ch1_s_intangible                         mean=   0.0089  std=   0.0775  missing=0
  OK  ch1_s_ppent                              mean=  -0.0017  std=   0.0479  missing=0
  OK  ch1_s_fcf                                mean=  -0.0017  std=   0.0871  missing=0
  OK  ch1_size                                 mean=   0.1225  std=   0.2119  missing=0
  OK  ch1_roa_pretax                           mean=   0.0014  std=   0.0661  missing=0
  OK  ch1_lev_lt                               mean=   0.0019  std=   0.0739  missing=0
========================================================================
2026-04-10 13:36:29,013  INFO  Running baseline regression (pyfixest)...
2026-04-10 13:36:29,016  INFO  Regression sample N = 12,211
========================================================================
BASELINE REGRESSION -- Table 3, Column 1  N=12,211
========================================================================
  diff_laggaap_etr                               -0.0409     0.0088     0.0000 ***
  diff_median_laggaap_etr                        -0.5922     0.0173     0.0000 ***
  ch1_s_rd                                       -0.0050     0.1063     0.9628 
  ch1_s_ad                                       -0.0610     0.1450     0.6738 
  ch1_s_sga                                      -0.0186     0.0330     0.5728 
  ch1_s_capexp                                   -0.0421     0.0225     0.0617 
  ch1_s_cash                                      0.0069     0.0211     0.7428 
  ch1_s_fi                                       -0.3839     0.1335     0.0041 **
  ch1_s_eqinc                                    -1.4955     0.7197     0.0378 *
  ch1_nol                                        -0.0019     0.0054     0.7282 
  ch1_s_intangible                                0.0160     0.0233     0.4916 
  ch1_s_ppent                                     0.0910     0.0336     0.0068 **
  ch1_s_fcf                                      -0.0527     0.0199     0.0083 **
  ch1_size                                        0.0457     0.0090     0.0000 ***
  ch1_roa_pretax                                  0.3223     0.0336     0.0000 ***
  ch1_lev_lt                                     -0.0057     0.0219     0.7944 
###

Estimation:  OLS
Dep. var.: ch1_gaap_etr, Fixed effects: fyear
sample: None = all
Inference:  CRV1
Observations:  12211

| Coefficient             |   Estimate |   Std. Error |   t value |   Pr(>|t|) |   2.5% |   97.5% |
|:------------------------|-----------:|-------------:|----------:|-----------:|-------:|--------:|
| diff_laggaap_etr        |     -0.041 |        0.009 |    -4.676 |      0.000 | -0.058 |  -0.024 |
| diff_median_laggaap_etr |     -0.592 |        0.017 |   -34.232 |      0.000 | -0.626 |  -0.558 |
| ch1_s_rd                |     -0.005 |        0.106 |    -0.047 |      0.963 | -0.213 |   0.203 |
| ch1_s_ad                |     -0.061 |        0.145 |    -0.421 |      0.674 | -0.345 |   0.223 |
| ch1_s_sga               |     -0.019 |        0.033 |    -0.564 |      0.573 | -0.083 |   0.046 |
| ch1_s_capexp            |     -0.042 |        0.023 |    -1.869 |      0.062 | -0.086 |   0.002 |
| ch1_s_cash              |      0.007 |        0.021 |     0.328 |      0.743 | -0.034 |   0.048 |
| ch1_s_fi                |     -0.384 |        0.133 |    -2.876 |      0.004 | -0.646 |  -0.122 |
| ch1_s_eqinc             |     -1.496 |        0.720 |    -2.078 |      0.038 | -2.907 |  -0.084 |
| ch1_nol                 |     -0.002 |        0.005 |    -0.348 |      0.728 | -0.012 |   0.009 |
| ch1_s_intangible        |      0.016 |        0.023 |     0.688 |      0.492 | -0.030 |   0.062 |
| ch1_s_ppent             |      0.091 |        0.034 |     2.706 |      0.007 |  0.025 |   0.157 |
| ch1_s_fcf               |     -0.053 |        0.020 |    -2.641 |      0.008 | -0.092 |  -0.014 |
| ch1_size                |      0.046 |        0.009 |     5.096 |      0.000 |  0.028 |   0.063 |
| ch1_roa_pretax          |      0.322 |        0.034 |     9.600 |      0.000 |  0.256 |   0.388 |
| ch1_lev_lt              |     -0.006 |        0.022 |    -0.261 |      0.794 | -0.049 |   0.037 |
---
RMSE: 0.135 R2: 0.377 R2 Within: 0.374 
========================================================================
2026-04-10 13:36:53,976  INFO  FULL RUN: 3 x 7 x 4 x 30 x 7 = 17640 runs
2026-04-10 13:36:53,977  INFO  Resuming: 0 combinations already complete
2026-04-10 13:36:53,979  INFO  Baseline focal coef: {'coef': -0.0409495412300286, 'se': 0.008756998493106334, 'pval': 3.029649211949703e-06, 'nobs': 12211, 'sign': -1, 'sig': True}
2026-04-10 13:36:53,998  INFO    MCAR | 1pct | ch1_s_rd
WARNING: All log messages before absl::InitializeLog() is called are written to STDERR
I0000 00:00:1775821016.891298   27080 port.cc:153] oneDNN custom operations are on. You may see slightly different numerical results due to floating-point round-off errors from different computation orders. To turn them off, set the environment variable `TF_ENABLE_ONEDNN_OPTS=0`.
WARNING: All log messages before absl::InitializeLog() is called are written to STDERR
I0000 00:00:1775821020.184778   27080 port.cc:153] oneDNN custom operations are on. You may see slightly different numerical results due to floating-point round-off errors from different computation orders. To turn them off, set the environment variable `TF_ENABLE_ONEDNN_OPTS=0`.
I0000 00:00:1775821021.076761   27080 cpu_feature_guard.cc:227] This TensorFlow binary is optimized to use available CPU instructions in performance-critical operations.
To enable the following instructions: SSE3 SSE4.1 SSE4.2 AVX AVX2 FMA, in other operations, rebuild TensorFlow with the appropriate compiler flags.
2026-04-10 13:37:01,214  WARNING  TensorFlow GPU support is not available on native Windows for TensorFlow >= 2.11. Even if CUDA/cuDNN are installed, GPU will not be used. Please use WSL2 or the TensorFlow-DirectML plugin.
2026-04-10 13:37:12,892  WARNING  From C:\Users\briac\Econ_Code\Oxford_MonteCarlo_week3\venv\Lib\site-packages\keras\src\backend\common\global_state.py:82: The name tf.reset_default_graph is deprecated. Please use tf.compat.v1.reset_default_graph instead.

2026-04-10 13:38:41,317  INFO      Progress: 50 done, 0 errors
2026-04-10 13:40:09,825  INFO      Progress: 100 done, 0 errors
2026-04-10 13:41:43,093  INFO      Progress: 150 done, 0 errors
2026-04-10 13:43:18,084  INFO      Progress: 200 done, 0 errors
2026-04-10 13:43:41,047  INFO    MCAR | 1pct | ch1_s_sga
2026-04-10 13:47:31,764  INFO      Progress: 250 done, 0 errors
2026-04-10 13:53:26,108  INFO      Progress: 300 done, 0 errors
2026-04-10 13:57:14,963  INFO      Progress: 350 done, 0 errors
2026-04-10 13:59:37,183  INFO      Progress: 400 done, 0 errors
2026-04-10 14:00:46,529  INFO    MCAR | 1pct | ch1_roa_pretax
2026-04-10 14:03:08,909  INFO      Progress: 450 done, 0 errors
2026-04-10 14:09:56,422  INFO      Progress: 500 done, 0 errors
2026-04-10 14:17:08,221  INFO      Progress: 550 done, 0 errors
2026-04-10 14:24:51,637  INFO      Progress: 600 done, 0 errors
2026-04-10 14:30:23,783  INFO    MCAR | 1pct | ch1_size
2026-04-10 14:33:10,735  INFO      Progress: 650 done, 0 errors
2026-04-10 14:40:46,417  INFO      Progress: 700 done, 0 errors
2026-04-10 14:48:24,984  INFO      Progress: 750 done, 0 errors
2026-04-10 14:55:05,159  INFO      Progress: 800 done, 0 errors
2026-04-10 15:01:21,604  INFO    MCAR | 5pct | ch1_s_rd
2026-04-10 15:02:31,496  INFO      Progress: 850 done, 0 errors
2026-04-10 15:08:34,179  INFO      Progress: 900 done, 0 errors
2026-04-10 15:14:55,376  INFO      Progress: 950 done, 0 errors
2026-04-10 15:21:48,342  INFO      Progress: 1000 done, 0 errors
2026-04-10 15:28:32,858  INFO      Progress: 1050 done, 0 errors
2026-04-10 15:28:32,864  INFO    MCAR | 5pct | ch1_s_sga
2026-04-10 15:33:02,581  INFO      Progress: 1100 done, 0 errors
2026-04-10 15:37:37,126  INFO      Progress: 1150 done, 0 errors
2026-04-10 15:44:54,275  INFO      Progress: 1200 done, 0 errors
2026-04-10 15:50:27,712  INFO      Progress: 1250 done, 0 errors
2026-04-10 15:51:12,435  INFO    MCAR | 5pct | ch1_roa_pretax
2026-04-10 15:53:13,760  INFO      Progress: 1300 done, 0 errors
2026-04-10 15:56:00,898  INFO      Progress: 1350 done, 0 errors
2026-04-10 15:58:54,951  INFO      Progress: 1400 done, 0 errors
2026-04-10 16:05:03,600  INFO      Progress: 1450 done, 0 errors
2026-04-10 16:08:29,603  INFO    MCAR | 5pct | ch1_size
2026-04-10 16:12:44,424  INFO      Progress: 1500 done, 0 errors
2026-04-10 16:19:53,187  INFO      Progress: 1550 done, 0 errors
2026-04-10 16:27:39,612  INFO      Progress: 1600 done, 0 errors
2026-04-10 17:02:55,794  INFO      Progress: 1650 done, 0 errors
2026-04-10 17:04:21,335  INFO    MCAR | 10pct | ch1_s_rd
2026-04-10 17:04:57,593  INFO      Progress: 1700 done, 0 errors
2026-04-10 17:06:51,447  INFO      Progress: 1750 done, 0 errors
2026-04-10 17:08:51,868  INFO      Progress: 1800 done, 0 errors
2026-04-10 17:10:38,693  INFO      Progress: 1850 done, 0 errors
2026-04-10 17:12:41,257  INFO    MCAR | 10pct | ch1_s_sga
2026-04-10 17:12:55,271  INFO      Progress: 1900 done, 0 errors
2026-04-10 17:15:00,733  INFO      Progress: 1950 done, 0 errors
2026-04-10 17:17:22,762  INFO      Progress: 2000 done, 0 errors
2026-04-10 17:19:47,026  INFO      Progress: 2050 done, 0 errors
2026-04-10 17:22:06,760  INFO      Progress: 2100 done, 0 errors
2026-04-10 17:22:06,763  INFO    MCAR | 10pct | ch1_roa_pretax
2026-04-10 17:24:34,235  INFO      Progress: 2150 done, 0 errors
2026-04-10 17:27:01,036  INFO      Progress: 2200 done, 0 errors
2026-04-10 17:29:02,306  INFO      Progress: 2250 done, 0 errors
2026-04-10 17:31:33,112  INFO      Progress: 2300 done, 0 errors
2026-04-10 17:32:05,056  INFO    MCAR | 10pct | ch1_size
2026-04-10 17:33:22,621  INFO      Progress: 2350 done, 0 errors
2026-04-10 17:35:59,400  INFO      Progress: 2400 done, 0 errors
2026-04-10 17:38:12,460  INFO      Progress: 2450 done, 0 errors
2026-04-10 17:39:58,477  INFO      Progress: 2500 done, 0 errors
2026-04-10 17:40:48,923  INFO    MCAR | 20pct | ch1_s_rd
2026-04-10 17:41:42,757  INFO      Progress: 2550 done, 0 errors
2026-04-10 17:43:41,771  INFO      Progress: 2600 done, 0 errors
2026-04-10 17:46:07,732  INFO      Progress: 2650 done, 0 errors
2026-04-10 17:47:49,322  INFO      Progress: 2700 done, 0 errors
2026-04-10 17:48:58,682  INFO    MCAR | 20pct | ch1_s_sga
2026-04-10 17:49:38,491  INFO      Progress: 2750 done, 0 errors
2026-04-10 17:51:30,800  INFO      Progress: 2800 done, 0 errors
2026-04-10 17:53:40,672  INFO      Progress: 2850 done, 0 errors
2026-04-10 17:55:45,775  INFO      Progress: 2900 done, 0 errors
2026-04-10 17:57:58,657  INFO    MCAR | 20pct | ch1_roa_pretax
2026-04-10 17:58:18,448  INFO      Progress: 2950 done, 0 errors
2026-04-10 18:00:53,616  INFO      Progress: 3000 done, 0 errors
2026-04-10 18:03:39,172  INFO      Progress: 3050 done, 0 errors
2026-04-10 18:11:18,410  INFO      Progress: 3100 done, 0 errors
2026-04-10 18:19:21,440  INFO      Progress: 3150 done, 0 errors
2026-04-10 18:19:21,449  INFO    MCAR | 20pct | ch1_size
2026-04-10 18:27:18,872  INFO      Progress: 3200 done, 0 errors
2026-04-10 18:34:14,792  INFO      Progress: 3250 done, 0 errors
2026-04-10 18:40:44,769  INFO      Progress: 3300 done, 0 errors
2026-04-10 18:44:25,861  INFO      Progress: 3350 done, 0 errors
2026-04-10 18:45:15,849  INFO    MCAR | 30pct | ch1_s_rd
2026-04-10 18:48:49,341  INFO      Progress: 3400 done, 0 errors
2026-04-10 19:52:48,130  INFO      Progress: 3450 done, 0 errors
2026-04-10 19:56:32,881  INFO      Progress: 3500 done, 0 errors
2026-04-10 19:59:08,741  INFO      Progress: 3550 done, 0 errors
2026-04-10 20:00:15,239  INFO    MCAR | 30pct | ch1_s_sga
2026-04-10 20:01:52,760  INFO      Progress: 3600 done, 0 errors
2026-04-10 20:04:35,002  INFO      Progress: 3650 done, 0 errors
2026-04-10 20:08:35,057  INFO      Progress: 3700 done, 0 errors
2026-04-10 20:16:35,448  INFO      Progress: 3750 done, 0 errors
2026-04-10 20:21:01,864  INFO    MCAR | 30pct | ch1_roa_pretax
2026-04-10 20:23:24,786  INFO      Progress: 3800 done, 0 errors
2026-04-10 20:29:35,106  INFO      Progress: 3850 done, 0 errors
2026-04-10 20:36:07,583  INFO      Progress: 3900 done, 0 errors
2026-04-10 20:42:38,003  INFO      Progress: 3950 done, 0 errors
2026-04-10 20:48:19,991  INFO    MCAR | 30pct | ch1_size
2026-04-10 20:49:03,807  INFO      Progress: 4000 done, 0 errors
2026-04-10 20:55:45,805  INFO      Progress: 4050 done, 0 errors
2026-04-10 21:02:19,380  INFO      Progress: 4100 done, 0 errors
2026-04-10 21:10:07,331  INFO      Progress: 4150 done, 0 errors
2026-04-10 21:17:34,823  INFO      Progress: 4200 done, 0 errors
2026-04-10 21:17:34,827  INFO    MCAR | 40pct | ch1_s_rd
2026-04-10 21:24:15,688  INFO      Progress: 4250 done, 0 errors
2026-04-10 21:30:23,114  INFO      Progress: 4300 done, 0 errors
2026-04-10 21:36:46,940  INFO      Progress: 4350 done, 0 errors
2026-04-10 21:43:09,767  INFO      Progress: 4400 done, 0 errors
2026-04-10 21:44:51,527  INFO    MCAR | 40pct | ch1_s_sga
2026-04-10 21:50:21,814  INFO      Progress: 4450 done, 0 errors
2026-04-10 21:57:33,612  INFO      Progress: 4500 done, 0 errors
2026-04-10 22:05:31,129  INFO      Progress: 4550 done, 0 errors
2026-04-10 22:12:34,366  INFO      Progress: 4600 done, 0 errors
2026-04-10 22:15:28,152  INFO    MCAR | 40pct | ch1_roa_pretax
2026-04-10 22:19:41,269  INFO      Progress: 4650 done, 0 errors
2026-04-10 22:27:20,203  INFO      Progress: 4700 done, 0 errors
2026-04-10 22:34:14,424  INFO      Progress: 4750 done, 0 errors
2026-04-10 22:41:30,223  INFO      Progress: 4800 done, 0 errors
2026-04-10 22:46:39,452  INFO    MCAR | 40pct | ch1_size
2026-04-10 22:49:08,881  INFO      Progress: 4850 done, 0 errors
2026-04-10 22:56:18,751  INFO      Progress: 4900 done, 0 errors
2026-04-10 23:03:30,017  INFO      Progress: 4950 done, 0 errors
2026-04-10 23:10:31,719  INFO      Progress: 5000 done, 0 errors
2026-04-10 23:17:20,786  INFO    MCAR | 50pct | ch1_s_rd
2026-04-10 23:18:06,965  INFO      Progress: 5050 done, 0 errors
2026-04-10 23:24:04,782  INFO      Progress: 5100 done, 0 errors
2026-04-10 23:30:08,281  INFO      Progress: 5150 done, 0 errors
2026-04-10 23:37:30,311  INFO      Progress: 5200 done, 0 errors
2026-04-10 23:43:30,585  INFO      Progress: 5250 done, 0 errors
2026-04-10 23:43:30,590  INFO    MCAR | 50pct | ch1_s_sga
2026-04-10 23:49:57,972  INFO      Progress: 5300 done, 0 errors
2026-04-10 23:55:52,399  INFO      Progress: 5350 done, 0 errors
2026-04-11 00:02:29,568  INFO      Progress: 5400 done, 0 errors
2026-04-11 00:10:07,325  INFO      Progress: 5450 done, 0 errors
2026-04-11 00:12:18,548  INFO    MCAR | 50pct | ch1_roa_pretax
2026-04-11 00:19:08,280  INFO      Progress: 5500 done, 0 errors
2026-04-11 00:27:51,599  INFO      Progress: 5550 done, 0 errors
2026-04-11 00:34:10,854  INFO      Progress: 5600 done, 0 errors
2026-04-11 00:38:28,031  INFO      Progress: 5650 done, 0 errors
2026-04-11 00:40:11,607  INFO    MCAR | 50pct | ch1_size
2026-04-11 00:42:19,305  INFO      Progress: 5700 done, 0 errors
2026-04-11 00:47:34,924  INFO      Progress: 5750 done, 0 errors
2026-04-11 00:50:07,894  INFO      Progress: 5800 done, 0 errors
2026-04-11 00:52:21,772  INFO      Progress: 5850 done, 0 errors
2026-04-11 00:53:53,420  INFO    MAR | 1pct | ch1_s_rd
2026-04-11 00:54:56,460  INFO      Progress: 5900 done, 0 errors
2026-04-11 00:57:34,364  INFO      Progress: 5950 done, 0 errors
2026-04-11 01:00:03,486  INFO      Progress: 6000 done, 0 errors
2026-04-11 01:02:33,900  INFO      Progress: 6050 done, 0 errors
2026-04-11 01:04:40,708  INFO    MAR | 1pct | ch1_s_sga
2026-04-11 01:05:06,128  INFO      Progress: 6100 done, 0 errors
2026-04-11 01:07:45,692  INFO      Progress: 6150 done, 0 errors
2026-04-11 01:10:30,330  INFO      Progress: 6200 done, 0 errors
2026-04-11 01:13:31,764  INFO      Progress: 6250 done, 0 errors
2026-04-11 01:16:39,849  INFO      Progress: 6300 done, 0 errors
2026-04-11 01:16:39,850  INFO    MAR | 1pct | ch1_roa_pretax
2026-04-11 01:19:34,665  INFO      Progress: 6350 done, 0 errors
2026-04-11 01:22:30,004  INFO      Progress: 6400 done, 0 errors
2026-04-11 01:25:34,134  INFO      Progress: 6450 done, 0 errors
2026-04-11 01:28:43,886  INFO      Progress: 6500 done, 0 errors
2026-04-11 01:29:28,993  INFO    MAR | 1pct | ch1_size
2026-04-11 01:31:46,670  INFO      Progress: 6550 done, 0 errors
2026-04-11 01:34:57,049  INFO      Progress: 6600 done, 0 errors
2026-04-11 01:38:14,705  INFO      Progress: 6650 done, 0 errors
2026-04-11 01:41:18,771  INFO      Progress: 6700 done, 0 errors
2026-04-11 01:42:38,429  INFO    MAR | 5pct | ch1_s_rd
2026-04-11 01:44:12,315  INFO      Progress: 6750 done, 0 errors
2026-04-11 01:47:19,531  INFO      Progress: 6800 done, 0 errors
2026-04-11 01:50:15,959  INFO      Progress: 6850 done, 0 errors
2026-04-11 01:53:19,765  INFO      Progress: 6900 done, 0 errors
2026-04-11 01:55:21,534  INFO    MAR | 5pct | ch1_s_sga
2026-04-11 01:57:27,545  INFO      Progress: 6950 done, 0 errors
2026-04-11 02:00:45,810  INFO      Progress: 7000 done, 0 errors
2026-04-11 02:04:05,205  INFO      Progress: 7050 done, 0 errors
2026-04-11 02:07:45,819  INFO      Progress: 7100 done, 0 errors
2026-04-11 02:10:35,130  INFO    MAR | 5pct | ch1_roa_pretax
2026-04-11 02:11:02,119  INFO      Progress: 7150 done, 0 errors
2026-04-11 02:14:29,872  INFO      Progress: 7200 done, 0 errors
2026-04-11 02:17:44,212  INFO      Progress: 7250 done, 0 errors
2026-04-11 02:21:16,179  INFO      Progress: 7300 done, 0 errors
2026-04-11 02:24:41,304  INFO      Progress: 7350 done, 0 errors
2026-04-11 02:24:41,306  INFO    MAR | 5pct | ch1_size
2026-04-11 02:28:01,128  INFO      Progress: 7400 done, 0 errors
2026-04-11 02:31:35,340  INFO      Progress: 7450 done, 0 errors
2026-04-11 02:34:59,875  INFO      Progress: 7500 done, 0 errors
2026-04-11 02:38:37,933  INFO      Progress: 7550 done, 0 errors
2026-04-11 02:39:43,250  INFO    MAR | 10pct | ch1_s_rd
2026-04-11 02:42:00,823  INFO      Progress: 7600 done, 0 errors
2026-04-11 02:45:33,039  INFO      Progress: 7650 done, 0 errors
2026-04-11 02:49:16,529  INFO      Progress: 7700 done, 0 errors
2026-04-11 02:52:43,027  INFO      Progress: 7750 done, 0 errors
2026-04-11 02:54:13,123  INFO    MAR | 10pct | ch1_s_sga
2026-04-11 02:56:25,364  INFO      Progress: 7800 done, 0 errors
2026-04-11 02:59:56,173  INFO      Progress: 7850 done, 0 errors
2026-04-11 03:03:55,810  INFO      Progress: 7900 done, 0 errors
2026-04-11 03:07:48,629  INFO      Progress: 7950 done, 0 errors
2026-04-11 03:10:22,174  INFO    MAR | 10pct | ch1_roa_pretax
2026-04-11 03:11:40,841  INFO      Progress: 8000 done, 0 errors
2026-04-11 03:15:34,885  INFO      Progress: 8050 done, 0 errors
2026-04-11 03:19:32,462  INFO      Progress: 8100 done, 0 errors
2026-04-11 03:23:15,958  INFO      Progress: 8150 done, 0 errors
2026-04-11 03:26:43,137  INFO    MAR | 10pct | ch1_size
2026-04-11 03:27:18,271  INFO      Progress: 8200 done, 0 errors
2026-04-11 03:31:18,686  INFO      Progress: 8250 done, 0 errors
2026-04-11 03:35:32,042  INFO      Progress: 8300 done, 0 errors
2026-04-11 03:39:45,581  INFO      Progress: 8350 done, 0 errors
2026-04-11 03:43:55,583  INFO      Progress: 8400 done, 0 errors
2026-04-11 03:43:55,588  INFO    MAR | 20pct | ch1_s_rd
2026-04-11 03:47:37,144  INFO      Progress: 8450 done, 0 errors
2026-04-11 03:51:29,038  INFO      Progress: 8500 done, 0 errors
2026-04-11 03:55:25,769  INFO      Progress: 8550 done, 0 errors
2026-04-11 03:59:25,428  INFO      Progress: 8600 done, 0 errors
2026-04-11 04:00:33,039  INFO    MAR | 20pct | ch1_s_sga
2026-04-11 04:04:06,349  INFO      Progress: 8650 done, 0 errors
2026-04-11 04:09:22,096  INFO      Progress: 8700 done, 0 errors
2026-04-11 04:14:01,565  INFO      Progress: 8750 done, 0 errors
2026-04-11 04:18:59,497  INFO      Progress: 8800 done, 0 errors
2026-04-11 04:21:16,487  INFO    MAR | 20pct | ch1_roa_pretax
2026-04-11 04:23:51,253  INFO      Progress: 8850 done, 0 errors
2026-04-11 04:28:31,001  INFO      Progress: 8900 done, 0 errors
2026-04-11 04:33:17,095  INFO      Progress: 8950 done, 0 errors
2026-04-11 04:38:11,063  INFO      Progress: 9000 done, 0 errors
2026-04-11 04:41:59,499  INFO    MAR | 20pct | ch1_size
2026-04-11 04:44:06,204  INFO      Progress: 9050 done, 0 errors
2026-04-11 04:49:18,804  INFO      Progress: 9100 done, 0 errors
2026-04-11 04:55:02,365  INFO      Progress: 9150 done, 0 errors
2026-04-11 05:00:32,662  INFO      Progress: 9200 done, 0 errors
2026-04-11 05:05:14,495  INFO    MAR | 30pct | ch1_s_rd
2026-04-11 05:05:52,834  INFO      Progress: 9250 done, 0 errors
2026-04-11 05:11:09,270  INFO      Progress: 9300 done, 0 errors
2026-04-11 05:16:13,316  INFO      Progress: 9350 done, 0 errors
2026-04-11 05:22:27,141  INFO      Progress: 9400 done, 0 errors
2026-04-11 05:28:14,199  INFO      Progress: 9450 done, 0 errors
2026-04-11 05:28:14,201  INFO    MAR | 30pct | ch1_s_sga
2026-04-11 05:34:15,357  INFO      Progress: 9500 done, 0 errors
2026-04-11 05:40:25,317  INFO      Progress: 9550 done, 0 errors
2026-04-11 05:46:07,306  INFO      Progress: 9600 done, 0 errors
2026-04-11 05:52:54,405  INFO      Progress: 9650 done, 0 errors
2026-04-11 05:54:35,365  INFO    MAR | 30pct | ch1_roa_pretax
2026-04-11 05:59:09,255  INFO      Progress: 9700 done, 0 errors
2026-04-11 06:06:46,703  INFO      Progress: 9750 done, 0 errors
2026-04-11 06:13:54,877  INFO      Progress: 9800 done, 0 errors
2026-04-11 06:20:58,537  INFO      Progress: 9850 done, 0 errors
2026-04-11 06:22:42,533  INFO    MAR | 30pct | ch1_size
2026-04-11 06:24:36,788  INFO      Progress: 9900 done, 0 errors
2026-04-11 06:27:56,229  INFO      Progress: 9950 done, 0 errors
2026-04-11 06:31:26,483  INFO      Progress: 10000 done, 0 errors
2026-04-11 06:35:00,873  INFO      Progress: 10050 done, 0 errors
2026-04-11 06:37:23,437  INFO    MAR | 40pct | ch1_s_rd
2026-04-11 06:38:33,924  INFO      Progress: 10100 done, 0 errors
2026-04-11 06:41:46,217  INFO      Progress: 10150 done, 0 errors
2026-04-11 06:44:54,499  INFO      Progress: 10200 done, 0 errors
2026-04-11 06:47:55,556  INFO      Progress: 10250 done, 0 errors
2026-04-11 06:50:34,819  INFO    MAR | 40pct | ch1_s_sga
2026-04-11 06:51:07,030  INFO      Progress: 10300 done, 0 errors
2026-04-11 06:54:29,036  INFO      Progress: 10350 done, 0 errors
2026-04-11 06:57:51,745  INFO      Progress: 10400 done, 0 errors
2026-04-11 07:01:27,617  INFO      Progress: 10450 done, 0 errors
2026-04-11 07:04:54,572  INFO      Progress: 10500 done, 0 errors
2026-04-11 07:04:54,572  INFO    MAR | 40pct | ch1_roa_pretax
2026-04-11 07:08:13,479  INFO      Progress: 10550 done, 0 errors
2026-04-11 07:11:30,236  INFO      Progress: 10600 done, 0 errors
2026-04-11 07:15:02,918  INFO      Progress: 10650 done, 0 errors
2026-04-11 07:18:31,495  INFO      Progress: 10700 done, 0 errors
2026-04-11 07:19:25,813  INFO    MAR | 40pct | ch1_size
2026-04-11 07:21:58,479  INFO      Progress: 10750 done, 0 errors
2026-04-11 07:25:38,902  INFO      Progress: 10800 done, 0 errors
2026-04-11 07:29:07,744  INFO      Progress: 10850 done, 0 errors
2026-04-11 07:32:36,346  INFO      Progress: 10900 done, 0 errors
2026-04-11 07:34:08,613  INFO    MAR | 50pct | ch1_s_rd
2026-04-11 07:35:59,087  INFO      Progress: 10950 done, 0 errors
2026-04-11 07:39:13,366  INFO      Progress: 11000 done, 0 errors
2026-04-11 07:42:34,208  INFO      Progress: 11050 done, 0 errors
2026-04-11 07:45:55,070  INFO      Progress: 11100 done, 0 errors
2026-04-11 07:48:14,040  INFO    MAR | 50pct | ch1_s_sga
2026-04-11 07:49:31,830  INFO      Progress: 11150 done, 0 errors
2026-04-11 07:53:20,856  INFO      Progress: 11200 done, 0 errors
2026-04-11 07:56:45,779  INFO      Progress: 11250 done, 0 errors
2026-04-11 08:00:14,404  INFO      Progress: 11300 done, 0 errors
2026-04-11 08:03:14,540  INFO    MAR | 50pct | ch1_roa_pretax
2026-04-11 08:03:47,714  INFO      Progress: 11350 done, 0 errors
2026-04-11 08:07:34,624  INFO      Progress: 11400 done, 0 errors
2026-04-11 08:11:11,666  INFO      Progress: 11450 done, 0 errors
2026-04-11 08:15:17,046  INFO      Progress: 11500 done, 0 errors
2026-04-11 08:19:02,007  INFO      Progress: 11550 done, 0 errors
2026-04-11 08:19:02,010  INFO    MAR | 50pct | ch1_size
2026-04-11 08:22:57,791  INFO      Progress: 11600 done, 0 errors
2026-04-11 08:26:35,399  INFO      Progress: 11650 done, 0 errors
2026-04-11 08:30:31,104  INFO      Progress: 11700 done, 0 errors
2026-04-11 08:34:18,238  INFO      Progress: 11750 done, 0 errors
2026-04-11 08:35:12,185  INFO    NMAR | 1pct | ch1_s_rd
2026-04-11 08:38:09,547  INFO      Progress: 11800 done, 0 errors
2026-04-11 08:42:24,798  INFO      Progress: 11850 done, 0 errors
2026-04-11 08:46:40,224  INFO      Progress: 11900 done, 0 errors
2026-04-11 08:50:45,707  INFO      Progress: 11950 done, 0 errors
2026-04-11 08:52:28,412  INFO    NMAR | 1pct | ch1_s_sga
2026-04-11 08:55:23,704  INFO      Progress: 12000 done, 0 errors
2026-04-11 09:00:38,175  INFO      Progress: 12050 done, 0 errors
2026-04-11 09:05:16,621  INFO      Progress: 12100 done, 0 errors
2026-04-11 09:10:13,482  INFO      Progress: 12150 done, 0 errors
2026-04-11 09:13:39,646  INFO    NMAR | 1pct | ch1_roa_pretax
2026-04-11 09:15:39,536  INFO      Progress: 12200 done, 0 errors
2026-04-11 09:20:37,929  INFO      Progress: 12250 done, 0 errors
2026-04-11 09:25:24,259  INFO      Progress: 12300 done, 0 errors
2026-04-11 09:29:57,001  INFO      Progress: 12350 done, 0 errors
2026-04-11 09:34:13,128  INFO    NMAR | 1pct | ch1_size
2026-04-11 09:35:04,644  INFO      Progress: 12400 done, 0 errors
2026-04-11 09:40:03,690  INFO      Progress: 12450 done, 0 errors
2026-04-11 09:48:12,587  INFO      Progress: 12500 done, 0 errors
2026-04-11 09:59:57,515  INFO      Progress: 12550 done, 0 errors
2026-04-11 15:02:40,913  INFO      Progress: 12600 done, 0 errors
2026-04-11 15:02:40,928  INFO    NMAR | 5pct | ch1_s_rd
2026-04-11 15:28:07,526  INFO      Progress: 12650 done, 0 errors
2026-04-11 15:55:03,387  INFO      Progress: 12700 done, 0 errors
2026-04-11 16:19:32,251  INFO      Progress: 12750 done, 0 errors
2026-04-11 16:36:24,282  INFO      Progress: 12800 done, 0 errors
2026-04-11 16:42:18,331  INFO    NMAR | 5pct | ch1_s_sga
2026-04-11 16:55:58,143  INFO      Progress: 12850 done, 0 errors
2026-04-11 17:17:05,018  INFO      Progress: 12900 done, 0 errors
2026-04-11 17:36:44,003  INFO      Progress: 12950 done, 0 errors
2026-04-11 17:54:03,509  INFO      Progress: 13000 done, 0 errors
2026-04-11 18:01:06,569  INFO    NMAR | 5pct | ch1_roa_pretax
2026-04-11 18:10:38,095  INFO      Progress: 13050 done, 0 errors
2026-04-11 18:30:58,970  INFO      Progress: 13100 done, 0 errors
2026-04-11 18:56:13,375  INFO      Progress: 13150 done, 0 errors
2026-04-11 19:21:30,022  INFO      Progress: 13200 done, 0 errors
2026-04-11 19:38:57,916  INFO    NMAR | 5pct | ch1_size
2026-04-11 19:47:46,741  INFO      Progress: 13250 done, 0 errors
2026-04-11 19:59:25,779  INFO      Progress: 13300 done, 0 errors
2026-04-11 20:13:02,684  INFO      Progress: 13350 done, 0 errors
2026-04-11 20:26:21,084  INFO      Progress: 13400 done, 0 errors
2026-04-11 20:43:55,891  INFO    NMAR | 10pct | ch1_s_rd
2026-04-11 20:46:04,438  INFO      Progress: 13450 done, 0 errors
2026-04-11 21:07:27,938  INFO      Progress: 13500 done, 0 errors
2026-04-11 21:27:32,962  INFO      Progress: 13550 done, 0 errors
2026-04-11 21:53:39,749  INFO      Progress: 13600 done, 0 errors
2026-04-11 22:20:42,194  INFO      Progress: 13650 done, 0 errors
2026-04-11 22:20:42,210  INFO    NMAR | 10pct | ch1_s_sga
2026-04-11 22:43:06,403  INFO      Progress: 13700 done, 0 errors
2026-04-11 22:57:29,030  INFO      Progress: 13750 done, 0 errors
2026-04-11 23:13:43,350  INFO      Progress: 13800 done, 0 errors
2026-04-11 23:30:49,004  INFO      Progress: 13850 done, 0 errors
2026-04-11 23:35:57,639  INFO    NMAR | 10pct | ch1_roa_pretax
2026-04-11 23:47:34,016  INFO      Progress: 13900 done, 0 errors
2026-04-12 00:04:54,604  INFO      Progress: 13950 done, 0 errors
2026-04-12 00:24:27,810  INFO      Progress: 14000 done, 0 errors
2026-04-12 00:44:47,203  INFO      Progress: 14050 done, 0 errors
2026-04-12 00:55:21,519  INFO    NMAR | 10pct | ch1_size
2026-04-12 01:09:01,371  INFO      Progress: 14100 done, 0 errors
2026-04-12 01:33:58,412  INFO      Progress: 14150 done, 0 errors
2026-04-12 01:57:48,969  INFO      Progress: 14200 done, 0 errors
2026-04-12 02:20:55,824  INFO      Progress: 14250 done, 0 errors
2026-04-12 02:34:21,826  INFO    NMAR | 20pct | ch1_s_rd
2026-04-12 02:42:36,740  INFO      Progress: 14300 done, 0 errors
2026-04-12 03:03:34,768  INFO      Progress: 14350 done, 0 errors
2026-04-12 03:28:13,025  INFO      Progress: 14400 done, 0 errors
2026-04-12 03:53:41,084  INFO      Progress: 14450 done, 0 errors
2026-04-12 04:14:02,437  INFO    NMAR | 20pct | ch1_s_sga
2026-04-12 04:17:45,475  INFO      Progress: 14500 done, 0 errors
2026-04-12 04:49:39,402  INFO      Progress: 14550 done, 0 errors
2026-04-12 05:04:26,604  INFO      Progress: 14600 done, 0 errors
