2026-04-11 00:33:28,827  INFO  ============================================================
2026-04-11 00:33:28,828  INFO  Paper 0020 -- Mode: FULL
2026-04-11 00:33:28,829  INFO  ============================================================
2026-04-11 00:33:28,829  INFO  Loading from C:\Users\briac\Econ_Code\Oxford_MonteCarlo_week3\paper_analysis_output\Paper_0020_CompetingAttention\DATA.csv

========================================================================
DATA INSPECTION  Source: DATA.csv  Shape: 4,570 x 45
========================================================================
  MISSING  Date                                     0.0037
  MISSING  logTotalVisits                           0.0022
  MISSING  logTotalPIs                              0.0022
  MISSING  av_TotalVisits_c                         0.9694
  MISSING  lav_Counties                             0.0193
  MISSING  post_lav_Counties                        0.0193
  MISSING  post_lav_Counties_VGM                    0.0193
  MISSING  lrel_Visits                              0.0271
  MISSING  post_lrel_Visits                         0.0271
  MISSING  post_lrel_Visits_VGM                     0.0271
  MISSING  lrel_WVis                                0.0271
  MISSING  post_lrel_WVis                           0.0271
  MISSING  post_lrel_WVis_VGM                       0.0271
  MISSING  lp                                       0.0037
  MISSING  score                                    0.7131
  MISSING  post_score                               0.7131
  MISSING  post_score_VGM                           0.7131
  MISSING  absscore                                 0.7131
  MISSING  post_absscore                            0.7131
  MISSING  post_absscore_VGM                        0.7131
  OK  logTotalVisits                           mean=  13.0977  std=   1.4180  missing=10
  OK  afterXVGM                                mean=   0.2133  std=   0.4097  missing=0
  OK  post_lav_Visits                          mean=   6.3451  std=   6.6184  missing=0
  OK  post_lav_Visits_VGM                      mean=   2.8949  std=   5.5987  missing=0
  OK  post_lHerfCont                           mean=   0.2211  std=   0.2497  missing=0
  OK  post_lHerfCont_VGM                       mean=   0.0934  std=   0.1943  missing=0
========================================================================
2026-04-11 00:33:28,959  INFO  Running baseline regression (pyfixest)...
2026-04-11 00:33:28,964  INFO  Regression sample N = 4,560
========================================================================
BASELINE REGRESSION -- Table 2, Column 4  N=4,560
========================================================================
  afterXVGM                                       1.1369     0.4846     0.0204 *
  post_lav_Visits                                -0.0040     0.0278     0.8865 
  post_lav_Visits_VGM                            -0.0557     0.0326     0.0900 
  post_lHerfCont                                  0.2706     0.3359     0.4218 
  post_lHerfCont_VGM                             -0.8354     0.3755     0.0277 *
###

Estimation:  OLS
Dep. var.: logTotalVisits, Fixed effects: metaID + monthtime
sample: None = all
Inference:  CRV1
Observations:  4560

| Coefficient         |   Estimate |   Std. Error |   t value |   Pr(>|t|) |   2.5% |   97.5% |
|:--------------------|-----------:|-------------:|----------:|-----------:|-------:|--------:|
| afterXVGM           |      1.137 |        0.485 |     2.346 |      0.020 |  0.179 |   2.095 |
| post_lav_Visits     |     -0.004 |        0.028 |    -0.143 |      0.886 | -0.059 |   0.051 |
| post_lav_Visits_VGM |     -0.056 |        0.033 |    -1.707 |      0.090 | -0.120 |   0.009 |
| post_lHerfCont      |      0.271 |        0.336 |     0.806 |      0.422 | -0.393 |   0.935 |
| post_lHerfCont_VGM  |     -0.835 |        0.376 |    -2.224 |      0.028 | -1.578 |  -0.093 |
---
RMSE: 0.221 R2: 0.976 R2 Within: 0.05 
========================================================================
2026-04-11 00:34:11,360  INFO  FULL RUN: 3 x 7 x 3 x 30 x 7 = 13230 runs
2026-04-11 00:34:11,360  INFO  Resuming: 0 combinations already complete
2026-04-11 00:34:11,363  INFO  Baseline focal coef: {'coef': 1.1369305012387132, 'se': 0.4846496816716383, 'pval': 0.0203957888966253, 'nobs': 4560, 'sign': 1, 'sig': True}
2026-04-11 00:34:11,368  INFO    MCAR | 1pct | post_lav_Visits
WARNING: All log messages before absl::InitializeLog() is called are written to STDERR
I0000 00:00:1775860452.919852   40468 port.cc:153] oneDNN custom operations are on. You may see slightly different numerical results due to floating-point round-off errors from different computation orders. To turn them off, set the environment variable `TF_ENABLE_ONEDNN_OPTS=0`.
WARNING: All log messages before absl::InitializeLog() is called are written to STDERR
I0000 00:00:1775860461.171637   40468 port.cc:153] oneDNN custom operations are on. You may see slightly different numerical results due to floating-point round-off errors from different computation orders. To turn them off, set the environment variable `TF_ENABLE_ONEDNN_OPTS=0`.
I0000 00:00:1775860463.038263   40468 cpu_feature_guard.cc:227] This TensorFlow binary is optimized to use available CPU instructions in performance-critical operations.
To enable the following instructions: SSE3 SSE4.1 SSE4.2 AVX AVX2 FMA, in other operations, rebuild TensorFlow with the appropriate compiler flags.
2026-04-11 00:34:23,171  WARNING  TensorFlow GPU support is not available on native Windows for TensorFlow >= 2.11. Even if CUDA/cuDNN are installed, GPU will not be used. Please use WSL2 or the TensorFlow-DirectML plugin.
2026-04-11 00:34:38,351  WARNING  From C:\Users\briac\Econ_Code\Oxford_MonteCarlo_week3\venv\Lib\site-packages\keras\src\backend\common\global_state.py:82: The name tf.reset_default_graph is deprecated. Please use tf.compat.v1.reset_default_graph instead.

2026-04-11 00:35:44,308  INFO      Progress: 50 done, 0 errors
2026-04-11 00:37:34,639  INFO      Progress: 100 done, 0 errors
2026-04-11 00:38:41,133  INFO      Progress: 150 done, 0 errors
2026-04-11 00:40:05,929  INFO      Progress: 200 done, 0 errors
2026-04-11 00:40:25,643  INFO    MCAR | 1pct | post_lHerfCont
2026-04-11 00:41:13,894  INFO      Progress: 250 done, 0 errors
2026-04-11 00:42:30,561  INFO      Progress: 300 done, 0 errors
2026-04-11 00:43:54,444  INFO      Progress: 350 done, 0 errors
2026-04-11 00:46:09,976  INFO      Progress: 400 done, 0 errors
2026-04-11 00:47:03,447  INFO    MCAR | 1pct | post_lav_Visits_VGM
2026-04-11 00:47:30,958  INFO      Progress: 450 done, 0 errors
2026-04-11 00:48:14,854  INFO      Progress: 500 done, 0 errors
2026-04-11 00:48:48,554  INFO      Progress: 550 done, 0 errors
2026-04-11 00:49:23,970  INFO      Progress: 600 done, 0 errors
2026-04-11 00:49:49,634  INFO    MCAR | 5pct | post_lav_Visits
2026-04-11 00:50:04,069  INFO      Progress: 650 done, 0 errors
2026-04-11 00:50:41,224  INFO      Progress: 700 done, 0 errors
2026-04-11 00:51:20,011  INFO      Progress: 750 done, 0 errors
2026-04-11 00:51:54,774  INFO      Progress: 800 done, 0 errors
2026-04-11 00:52:27,036  INFO    MCAR | 5pct | post_lHerfCont
2026-04-11 00:52:33,131  INFO      Progress: 850 done, 0 errors
2026-04-11 00:53:11,971  INFO      Progress: 900 done, 0 errors
2026-04-11 00:53:52,928  INFO      Progress: 950 done, 0 errors
2026-04-11 00:54:36,058  INFO      Progress: 1000 done, 0 errors
2026-04-11 00:55:13,144  INFO      Progress: 1050 done, 0 errors
2026-04-11 00:55:13,145  INFO    MCAR | 5pct | post_lav_Visits_VGM
2026-04-11 00:55:49,358  INFO      Progress: 1100 done, 0 errors
2026-04-11 00:56:27,075  INFO      Progress: 1150 done, 0 errors
2026-04-11 00:57:03,662  INFO      Progress: 1200 done, 0 errors
2026-04-11 00:57:40,528  INFO      Progress: 1250 done, 0 errors
2026-04-11 00:57:50,511  INFO    MCAR | 10pct | post_lav_Visits
2026-04-11 00:58:19,180  INFO      Progress: 1300 done, 0 errors
2026-04-11 00:58:59,009  INFO      Progress: 1350 done, 0 errors
2026-04-11 00:59:45,868  INFO      Progress: 1400 done, 0 errors
2026-04-11 01:00:31,895  INFO      Progress: 1450 done, 0 errors
2026-04-11 01:00:49,986  INFO    MCAR | 10pct | post_lHerfCont
2026-04-11 01:01:11,686  INFO      Progress: 1500 done, 0 errors
2026-04-11 01:01:52,650  INFO      Progress: 1550 done, 0 errors
2026-04-11 01:02:34,832  INFO      Progress: 1600 done, 0 errors
2026-04-11 01:03:15,794  INFO      Progress: 1650 done, 0 errors
2026-04-11 01:03:42,568  INFO    MCAR | 10pct | post_lav_Visits_VGM
2026-04-11 01:03:57,827  INFO      Progress: 1700 done, 0 errors
2026-04-11 01:04:37,049  INFO      Progress: 1750 done, 0 errors
2026-04-11 01:05:18,476  INFO      Progress: 1800 done, 0 errors
2026-04-11 01:05:59,009  INFO      Progress: 1850 done, 0 errors
2026-04-11 01:06:32,489  INFO    MCAR | 20pct | post_lav_Visits
2026-04-11 01:06:37,821  INFO      Progress: 1900 done, 0 errors
2026-04-11 01:07:15,576  INFO      Progress: 1950 done, 0 errors
2026-04-11 01:08:01,334  INFO      Progress: 2000 done, 0 errors
2026-04-11 01:08:47,022  INFO      Progress: 2050 done, 0 errors
2026-04-11 01:09:33,178  INFO      Progress: 2100 done, 0 errors
2026-04-11 01:09:33,178  INFO    MCAR | 20pct | post_lHerfCont
2026-04-11 01:10:15,148  INFO      Progress: 2150 done, 0 errors
2026-04-11 01:10:59,153  INFO      Progress: 2200 done, 0 errors
2026-04-11 01:11:42,515  INFO      Progress: 2250 done, 0 errors
2026-04-11 01:12:21,903  INFO      Progress: 2300 done, 0 errors
2026-04-11 01:12:32,779  INFO    MCAR | 20pct | post_lav_Visits_VGM
2026-04-11 01:13:02,376  INFO      Progress: 2350 done, 0 errors
2026-04-11 01:13:51,749  INFO      Progress: 2400 done, 0 errors
2026-04-11 01:14:33,613  INFO      Progress: 2450 done, 0 errors
2026-04-11 01:15:15,643  INFO      Progress: 2500 done, 0 errors
2026-04-11 01:15:35,954  INFO    MCAR | 30pct | post_lav_Visits
2026-04-11 01:15:59,589  INFO      Progress: 2550 done, 0 errors
2026-04-11 01:16:42,194  INFO      Progress: 2600 done, 0 errors
2026-04-11 01:17:27,481  INFO      Progress: 2650 done, 0 errors
2026-04-11 01:18:08,909  INFO      Progress: 2700 done, 0 errors
2026-04-11 01:18:40,516  INFO    MCAR | 30pct | post_lHerfCont
2026-04-11 01:19:00,856  INFO      Progress: 2750 done, 0 errors
2026-04-11 01:19:42,919  INFO      Progress: 2800 done, 0 errors
2026-04-11 01:20:25,788  INFO      Progress: 2850 done, 0 errors
2026-04-11 01:21:11,793  INFO      Progress: 2900 done, 0 errors
2026-04-11 01:21:48,149  INFO    MCAR | 30pct | post_lav_Visits_VGM
2026-04-11 01:21:54,596  INFO      Progress: 2950 done, 0 errors
2026-04-11 01:22:37,136  INFO      Progress: 3000 done, 0 errors
2026-04-11 01:23:19,815  INFO      Progress: 3050 done, 0 errors
2026-04-11 01:24:09,327  INFO      Progress: 3100 done, 0 errors
2026-04-11 01:24:53,830  INFO      Progress: 3150 done, 0 errors
2026-04-11 01:24:53,830  INFO    MCAR | 40pct | post_lav_Visits
2026-04-11 01:25:38,758  INFO      Progress: 3200 done, 0 errors
2026-04-11 01:26:24,236  INFO      Progress: 3250 done, 0 errors
2026-04-11 01:27:14,577  INFO      Progress: 3300 done, 0 errors
2026-04-11 01:28:02,958  INFO      Progress: 3350 done, 0 errors
2026-04-11 01:28:16,679  INFO    MCAR | 40pct | post_lHerfCont
2026-04-11 01:28:49,261  INFO      Progress: 3400 done, 0 errors
2026-04-11 01:29:39,256  INFO      Progress: 3450 done, 0 errors
2026-04-11 01:30:29,847  INFO      Progress: 3500 done, 0 errors
2026-04-11 01:31:17,281  INFO      Progress: 3550 done, 0 errors
2026-04-11 01:31:36,746  INFO    MCAR | 40pct | post_lav_Visits_VGM
2026-04-11 01:32:03,882  INFO      Progress: 3600 done, 0 errors
2026-04-11 01:32:52,556  INFO      Progress: 3650 done, 0 errors
2026-04-11 01:33:39,460  INFO      Progress: 3700 done, 0 errors
2026-04-11 01:34:23,880  INFO      Progress: 3750 done, 0 errors
2026-04-11 01:34:56,603  INFO    MCAR | 50pct | post_lav_Visits
2026-04-11 01:35:16,117  INFO      Progress: 3800 done, 0 errors
2026-04-11 01:36:13,795  INFO      Progress: 3850 done, 0 errors
2026-04-11 01:37:04,369  INFO      Progress: 3900 done, 0 errors
2026-04-11 01:37:52,794  INFO      Progress: 3950 done, 0 errors
2026-04-11 01:38:33,812  INFO    MCAR | 50pct | post_lHerfCont
2026-04-11 01:38:40,338  INFO      Progress: 4000 done, 0 errors
2026-04-11 01:39:29,765  INFO      Progress: 4050 done, 0 errors
2026-04-11 01:40:18,061  INFO      Progress: 4100 done, 0 errors
2026-04-11 01:41:11,369  INFO      Progress: 4150 done, 0 errors
2026-04-11 01:42:03,249  INFO      Progress: 4200 done, 0 errors
2026-04-11 01:42:03,249  INFO    MCAR | 50pct | post_lav_Visits_VGM
2026-04-11 01:42:50,326  INFO      Progress: 4250 done, 0 errors
2026-04-11 01:43:38,059  INFO      Progress: 4300 done, 0 errors
2026-04-11 01:44:28,481  INFO      Progress: 4350 done, 0 errors
2026-04-11 01:45:24,020  INFO      Progress: 4400 done, 0 errors
2026-04-11 01:45:39,513  INFO    MAR | 1pct | post_lav_Visits
2026-04-11 01:46:27,304  INFO      Progress: 4450 done, 0 errors
2026-04-11 01:47:26,910  INFO      Progress: 4500 done, 0 errors
2026-04-11 01:48:21,777  INFO      Progress: 4550 done, 0 errors
2026-04-11 01:49:18,630  INFO      Progress: 4600 done, 0 errors
2026-04-11 01:49:40,857  INFO    MAR | 1pct | post_lHerfCont
2026-04-11 01:50:10,999  INFO      Progress: 4650 done, 0 errors
2026-04-11 01:51:13,293  INFO      Progress: 4700 done, 0 errors
2026-04-11 01:52:09,118  INFO      Progress: 4750 done, 0 errors
2026-04-11 01:53:04,781  INFO      Progress: 4800 done, 0 errors
2026-04-11 01:53:44,756  INFO    MAR | 1pct | post_lav_Visits_VGM
2026-04-11 01:54:07,414  INFO      Progress: 4850 done, 0 errors
2026-04-11 01:55:01,107  INFO      Progress: 4900 done, 0 errors
2026-04-11 01:55:59,250  INFO      Progress: 4950 done, 0 errors
2026-04-11 01:57:11,431  INFO      Progress: 5000 done, 0 errors
2026-04-11 01:57:56,949  INFO    MAR | 5pct | post_lav_Visits
2026-04-11 01:58:05,310  INFO      Progress: 5050 done, 0 errors
2026-04-11 01:59:06,732  INFO      Progress: 5100 done, 0 errors
2026-04-11 02:00:06,385  INFO      Progress: 5150 done, 0 errors
2026-04-11 02:01:14,285  INFO      Progress: 5200 done, 0 errors
2026-04-11 02:02:21,433  INFO      Progress: 5250 done, 0 errors
2026-04-11 02:02:21,435  INFO    MAR | 5pct | post_lHerfCont
2026-04-11 02:03:26,204  INFO      Progress: 5300 done, 0 errors
2026-04-11 02:04:25,129  INFO      Progress: 5350 done, 0 errors
2026-04-11 02:05:27,075  INFO      Progress: 5400 done, 0 errors
2026-04-11 02:06:35,872  INFO      Progress: 5450 done, 0 errors
2026-04-11 02:06:56,076  INFO    MAR | 5pct | post_lav_Visits_VGM
2026-04-11 02:07:42,033  INFO      Progress: 5500 done, 0 errors
2026-04-11 02:08:49,503  INFO      Progress: 5550 done, 0 errors
2026-04-11 02:09:49,307  INFO      Progress: 5600 done, 0 errors
2026-04-11 02:10:47,452  INFO      Progress: 5650 done, 0 errors
2026-04-11 02:11:11,227  INFO    MAR | 10pct | post_lav_Visits
2026-04-11 02:11:46,319  INFO      Progress: 5700 done, 0 errors
2026-04-11 02:12:50,331  INFO      Progress: 5750 done, 0 errors
2026-04-11 02:13:54,973  INFO      Progress: 5800 done, 0 errors
2026-04-11 02:15:03,952  INFO      Progress: 5850 done, 0 errors
2026-04-11 02:15:47,429  INFO    MAR | 10pct | post_lHerfCont
2026-04-11 02:16:14,802  INFO      Progress: 5900 done, 0 errors
2026-04-11 02:17:17,123  INFO      Progress: 5950 done, 0 errors
2026-04-11 02:18:22,885  INFO      Progress: 6000 done, 0 errors
2026-04-11 02:19:28,336  INFO      Progress: 6050 done, 0 errors
2026-04-11 02:20:24,943  INFO    MAR | 10pct | post_lav_Visits_VGM
2026-04-11 02:20:34,167  INFO      Progress: 6100 done, 0 errors
2026-04-11 02:21:34,451  INFO      Progress: 6150 done, 0 errors
2026-04-11 02:22:37,319  INFO      Progress: 6200 done, 0 errors
2026-04-11 02:23:47,984  INFO      Progress: 6250 done, 0 errors
2026-04-11 02:24:47,351  INFO      Progress: 6300 done, 0 errors
2026-04-11 02:24:47,351  INFO    MAR | 20pct | post_lav_Visits
2026-04-11 02:25:53,281  INFO      Progress: 6350 done, 0 errors
2026-04-11 02:26:55,787  INFO      Progress: 6400 done, 0 errors
2026-04-11 02:27:58,388  INFO      Progress: 6450 done, 0 errors
2026-04-11 02:29:11,853  INFO      Progress: 6500 done, 0 errors
2026-04-11 02:29:30,879  INFO    MAR | 20pct | post_lHerfCont
2026-04-11 02:30:17,964  INFO      Progress: 6550 done, 0 errors
2026-04-11 02:31:36,804  INFO      Progress: 6600 done, 0 errors
2026-04-11 02:32:45,504  INFO      Progress: 6650 done, 0 errors
2026-04-11 02:33:50,517  INFO      Progress: 6700 done, 0 errors
2026-04-11 02:34:18,718  INFO    MAR | 20pct | post_lav_Visits_VGM
2026-04-11 02:34:57,255  INFO      Progress: 6750 done, 0 errors
2026-04-11 02:36:04,449  INFO      Progress: 6800 done, 0 errors
2026-04-11 02:37:11,788  INFO      Progress: 6850 done, 0 errors
2026-04-11 02:38:16,655  INFO      Progress: 6900 done, 0 errors
2026-04-11 02:39:02,115  INFO    MAR | 30pct | post_lav_Visits
2026-04-11 02:39:34,117  INFO      Progress: 6950 done, 0 errors
2026-04-11 02:40:51,610  INFO      Progress: 7000 done, 0 errors
2026-04-11 02:41:56,748  INFO      Progress: 7050 done, 0 errors
2026-04-11 02:43:05,682  INFO      Progress: 7100 done, 0 errors
2026-04-11 02:44:04,142  INFO    MAR | 30pct | post_lHerfCont
2026-04-11 02:44:13,551  INFO      Progress: 7150 done, 0 errors
2026-04-11 02:45:23,779  INFO      Progress: 7200 done, 0 errors
2026-04-11 02:46:32,320  INFO      Progress: 7250 done, 0 errors
2026-04-11 02:47:49,424  INFO      Progress: 7300 done, 0 errors
2026-04-11 02:49:03,765  INFO      Progress: 7350 done, 0 errors
2026-04-11 02:49:03,768  INFO    MAR | 30pct | post_lav_Visits_VGM
2026-04-11 02:50:11,688  INFO      Progress: 7400 done, 0 errors
2026-04-11 02:51:21,308  INFO      Progress: 7450 done, 0 errors
2026-04-11 02:52:29,159  INFO      Progress: 7500 done, 0 errors
2026-04-11 02:53:42,988  INFO      Progress: 7550 done, 0 errors
2026-04-11 02:54:03,630  INFO    MAR | 40pct | post_lav_Visits
2026-04-11 02:54:57,753  INFO      Progress: 7600 done, 0 errors
2026-04-11 02:56:19,094  INFO      Progress: 7650 done, 0 errors
2026-04-11 02:57:29,168  INFO      Progress: 7700 done, 0 errors
2026-04-11 02:58:39,669  INFO      Progress: 7750 done, 0 errors
2026-04-11 02:59:09,800  INFO    MAR | 40pct | post_lHerfCont
2026-04-11 02:59:54,867  INFO      Progress: 7800 done, 0 errors
2026-04-11 03:01:13,190  INFO      Progress: 7850 done, 0 errors
2026-04-11 03:02:25,851  INFO      Progress: 7900 done, 0 errors
2026-04-11 03:03:36,062  INFO      Progress: 7950 done, 0 errors
2026-04-11 03:04:32,215  INFO    MAR | 40pct | post_lav_Visits_VGM
2026-04-11 03:05:01,677  INFO      Progress: 8000 done, 0 errors
2026-04-11 03:06:13,615  INFO      Progress: 8050 done, 0 errors
2026-04-11 03:07:30,452  INFO      Progress: 8100 done, 0 errors
2026-04-11 03:08:40,939  INFO      Progress: 8150 done, 0 errors
2026-04-11 03:09:44,889  INFO    MAR | 50pct | post_lav_Visits
2026-04-11 03:09:55,559  INFO      Progress: 8200 done, 0 errors
2026-04-11 03:11:08,724  INFO      Progress: 8250 done, 0 errors
2026-04-11 03:12:23,760  INFO      Progress: 8300 done, 0 errors
2026-04-11 03:13:48,963  INFO      Progress: 8350 done, 0 errors
2026-04-11 03:15:05,885  INFO      Progress: 8400 done, 0 errors
2026-04-11 03:15:05,888  INFO    MAR | 50pct | post_lHerfCont
2026-04-11 03:16:20,226  INFO      Progress: 8450 done, 0 errors
2026-04-11 03:17:37,312  INFO      Progress: 8500 done, 0 errors
2026-04-11 03:18:53,918  INFO      Progress: 8550 done, 0 errors
2026-04-11 03:20:06,379  INFO      Progress: 8600 done, 0 errors
2026-04-11 03:20:28,299  INFO    MAR | 50pct | post_lav_Visits_VGM
2026-04-11 03:21:24,501  INFO      Progress: 8650 done, 0 errors
2026-04-11 03:22:51,196  INFO      Progress: 8700 done, 0 errors
2026-04-11 03:24:08,915  INFO      Progress: 8750 done, 0 errors
2026-04-11 03:25:27,777  INFO      Progress: 8800 done, 0 errors
2026-04-11 03:25:59,974  INFO    NMAR | 1pct | post_lav_Visits
2026-04-11 03:26:52,648  INFO      Progress: 8850 done, 0 errors
2026-04-11 03:28:16,069  INFO      Progress: 8900 done, 0 errors
2026-04-11 03:29:45,834  INFO      Progress: 8950 done, 0 errors
2026-04-11 03:31:12,915  INFO      Progress: 9000 done, 0 errors
2026-04-11 03:32:12,660  INFO    NMAR | 1pct | post_lHerfCont
2026-04-11 03:32:48,491  INFO      Progress: 9050 done, 0 errors
2026-04-11 03:34:13,103  INFO      Progress: 9100 done, 0 errors
2026-04-11 03:35:36,395  INFO      Progress: 9150 done, 0 errors
2026-04-11 03:37:01,423  INFO      Progress: 9200 done, 0 errors
2026-04-11 03:38:12,531  INFO    NMAR | 1pct | post_lav_Visits_VGM
2026-04-11 03:38:25,893  INFO      Progress: 9250 done, 0 errors
2026-04-11 03:39:49,342  INFO      Progress: 9300 done, 0 errors
2026-04-11 03:41:12,105  INFO      Progress: 9350 done, 0 errors
2026-04-11 03:42:44,205  INFO      Progress: 9400 done, 0 errors
2026-04-11 03:44:14,396  INFO      Progress: 9450 done, 0 errors
2026-04-11 03:44:14,398  INFO    NMAR | 5pct | post_lav_Visits
2026-04-11 03:45:38,467  INFO      Progress: 9500 done, 0 errors
2026-04-11 03:47:15,983  INFO      Progress: 9550 done, 0 errors
2026-04-11 03:48:40,425  INFO      Progress: 9600 done, 0 errors
2026-04-11 03:50:10,707  INFO      Progress: 9650 done, 0 errors
2026-04-11 03:50:32,180  INFO    NMAR | 5pct | post_lHerfCont
2026-04-11 03:51:44,258  INFO      Progress: 9700 done, 0 errors
2026-04-11 03:53:23,052  INFO      Progress: 9750 done, 0 errors
2026-04-11 03:54:56,191  INFO      Progress: 9800 done, 0 errors
2026-04-11 03:56:21,966  INFO      Progress: 9850 done, 0 errors
2026-04-11 03:57:00,682  INFO    NMAR | 5pct | post_lav_Visits_VGM
2026-04-11 03:57:50,404  INFO      Progress: 9900 done, 0 errors
2026-04-11 03:59:30,411  INFO      Progress: 9950 done, 0 errors
2026-04-11 04:01:04,686  INFO      Progress: 10000 done, 0 errors
2026-04-11 04:02:50,419  INFO      Progress: 10050 done, 0 errors
2026-04-11 04:03:53,505  INFO    NMAR | 10pct | post_lav_Visits
2026-04-11 04:04:34,553  INFO      Progress: 10100 done, 0 errors
2026-04-11 04:06:09,080  INFO      Progress: 10150 done, 0 errors
2026-04-11 04:07:48,633  INFO      Progress: 10200 done, 0 errors
2026-04-11 04:09:22,979  INFO      Progress: 10250 done, 0 errors
2026-04-11 04:10:38,344  INFO    NMAR | 10pct | post_lHerfCont
2026-04-11 04:10:50,673  INFO      Progress: 10300 done, 0 errors
2026-04-11 04:12:28,445  INFO      Progress: 10350 done, 0 errors
2026-04-11 04:14:08,298  INFO      Progress: 10400 done, 0 errors
2026-04-11 04:16:07,429  INFO      Progress: 10450 done, 0 errors
2026-04-11 04:17:49,427  INFO      Progress: 10500 done, 0 errors
2026-04-11 04:17:49,431  INFO    NMAR | 10pct | post_lav_Visits_VGM
2026-04-11 04:19:19,987  INFO      Progress: 10550 done, 0 errors
2026-04-11 04:20:58,885  INFO      Progress: 10600 done, 0 errors
2026-04-11 04:22:37,046  INFO      Progress: 10650 done, 0 errors
2026-04-11 04:24:18,899  INFO      Progress: 10700 done, 0 errors
2026-04-11 04:24:45,457  INFO    NMAR | 20pct | post_lav_Visits
2026-04-11 04:25:53,221  INFO      Progress: 10750 done, 0 errors
2026-04-11 04:27:47,549  INFO      Progress: 10800 done, 0 errors
2026-04-11 04:29:54,486  INFO      Progress: 10850 done, 0 errors
2026-04-11 04:31:35,118  INFO      Progress: 10900 done, 0 errors
2026-04-11 04:32:18,204  INFO    NMAR | 20pct | post_lHerfCont
2026-04-11 04:33:13,002  INFO      Progress: 10950 done, 0 errors
2026-04-11 04:34:52,513  INFO      Progress: 11000 done, 0 errors
2026-04-11 04:36:32,362  INFO      Progress: 11050 done, 0 errors
2026-04-11 04:38:22,099  INFO      Progress: 11100 done, 0 errors
2026-04-11 04:39:36,148  INFO    NMAR | 20pct | post_lav_Visits_VGM
2026-04-11 04:40:15,243  INFO      Progress: 11150 done, 0 errors
2026-04-11 04:41:57,870  INFO      Progress: 11200 done, 0 errors
2026-04-11 04:43:50,534  INFO      Progress: 11250 done, 0 errors
2026-04-11 04:45:29,295  INFO      Progress: 11300 done, 0 errors
2026-04-11 04:47:14,632  INFO    NMAR | 30pct | post_lav_Visits
2026-04-11 04:47:29,273  INFO      Progress: 11350 done, 0 errors
2026-04-11 04:49:21,543  INFO      Progress: 11400 done, 0 errors
2026-04-11 04:51:05,132  INFO      Progress: 11450 done, 0 errors
2026-04-11 04:52:59,779  INFO      Progress: 11500 done, 0 errors
2026-04-11 04:54:45,721  INFO      Progress: 11550 done, 0 errors
2026-04-11 04:54:45,726  INFO    NMAR | 30pct | post_lHerfCont
2026-04-11 04:56:31,135  INFO      Progress: 11600 done, 0 errors
2026-04-11 04:58:21,204  INFO      Progress: 11650 done, 0 errors
2026-04-11 05:00:10,489  INFO      Progress: 11700 done, 0 errors
2026-04-11 05:02:21,989  INFO      Progress: 11750 done, 0 errors
2026-04-11 05:02:52,896  INFO    NMAR | 30pct | post_lav_Visits_VGM
2026-04-11 05:04:11,289  INFO      Progress: 11800 done, 0 errors
2026-04-11 05:06:48,650  INFO      Progress: 11850 done, 0 errors
2026-04-11 05:08:48,268  INFO      Progress: 11900 done, 0 errors
2026-04-11 05:10:58,461  INFO      Progress: 11950 done, 0 errors
2026-04-11 05:11:57,811  INFO    NMAR | 40pct | post_lav_Visits
2026-04-11 05:13:06,096  INFO      Progress: 12000 done, 0 errors
2026-04-11 05:15:04,246  INFO      Progress: 12050 done, 0 errors
2026-04-11 05:17:15,815  INFO      Progress: 12100 done, 0 errors
2026-04-11 05:19:09,817  INFO      Progress: 12150 done, 0 errors
2026-04-11 05:20:30,877  INFO    NMAR | 40pct | post_lHerfCont
2026-04-11 05:21:43,892  INFO      Progress: 12200 done, 0 errors
2026-04-11 05:23:46,710  INFO      Progress: 12250 done, 0 errors
2026-04-11 05:25:47,584  INFO      Progress: 12300 done, 0 errors
2026-04-11 05:28:00,702  INFO      Progress: 12350 done, 0 errors
2026-04-11 05:30:07,159  INFO    NMAR | 40pct | post_lav_Visits_VGM
2026-04-11 05:30:25,052  INFO      Progress: 12400 done, 0 errors
2026-04-11 05:33:39,695  INFO      Progress: 12450 done, 0 errors
2026-04-11 05:36:04,448  INFO      Progress: 12500 done, 0 errors
2026-04-11 05:38:39,198  INFO      Progress: 12550 done, 0 errors
2026-04-11 05:40:56,187  INFO      Progress: 12600 done, 0 errors
2026-04-11 05:40:56,191  INFO    NMAR | 50pct | post_lav_Visits
2026-04-11 05:43:26,344  INFO      Progress: 12650 done, 0 errors
2026-04-11 05:46:04,539  INFO      Progress: 12700 done, 0 errors
2026-04-11 05:48:54,932  INFO      Progress: 12750 done, 0 errors
2026-04-11 05:51:08,036  INFO      Progress: 12800 done, 0 errors
2026-04-11 05:51:54,508  INFO    NMAR | 50pct | post_lHerfCont
2026-04-11 05:53:43,301  INFO      Progress: 12850 done, 0 errors
2026-04-11 05:56:44,967  INFO      Progress: 12900 done, 0 errors
2026-04-11 05:59:01,105  INFO      Progress: 12950 done, 0 errors
2026-04-11 06:01:50,551  INFO      Progress: 13000 done, 0 errors
2026-04-11 06:02:46,989  INFO    NMAR | 50pct | post_lav_Visits_VGM
2026-04-11 06:04:22,176  INFO      Progress: 13050 done, 0 errors
2026-04-11 06:07:29,168  INFO      Progress: 13100 done, 0 errors
2026-04-11 06:11:03,387  INFO      Progress: 13150 done, 0 errors
2026-04-11 06:14:32,767  INFO      Progress: 13200 done, 0 errors
2026-04-11 06:16:38,249  INFO  Simulation complete: 13230 done, 0 errors
2026-04-11 06:16:38,252  INFO  Computing NMAR diagnostics...
2026-04-11 06:16:39,883  INFO  Writing Excel workbook to C:\Users\briac\Econ_Code\Oxford_MonteCarlo_week3\paper_analysis_output\Paper_0020_CompetingAttention\full_run\CompetingAttentionReport_0020.xlsx ...
2026-04-11 06:16:44,563  INFO  Workbook written: C:\Users\briac\Econ_Code\Oxford_MonteCarlo_week3\paper_analysis_output\Paper_0020_CompetingAttention\full_run\CompetingAttentionReport_0020.xlsx
2026-04-11 06:16:44,577  INFO  Full simulation complete.
