2026-04-10 02:11:17,588  INFO  ============================================================
2026-04-10 02:11:17,589  INFO  Paper 0020 -- Mode: SMOKE
2026-04-10 02:11:17,589  INFO  ============================================================
2026-04-10 02:11:17,589  INFO  Loading from C:\Users\briac\Econ_Code\Oxford_MonteCarlo_week3\paper_analysis_output\Paper_0020_CompetingAttention\DATA.csv

========================================================================
DATA INSPECTION  Source: DATA.csv  Shape: 4,570 x 45
========================================================================
  MISSING  Date                                     0.0037
  MISSING  logTotalVisits                           0.0022
  MISSING  logTotalPIs                              0.0022
  MISSING  av_TotalVisits_c                         0.9694
  MISSING  lav_Counties                             0.0193
  MISSING  post_lav_Counties                        0.0193
  MISSING  post_lav_Counties_VGM                    0.0193
  MISSING  lrel_Visits                              0.0271
  MISSING  post_lrel_Visits                         0.0271
  MISSING  post_lrel_Visits_VGM                     0.0271
  MISSING  lrel_WVis                                0.0271
  MISSING  post_lrel_WVis                           0.0271
  MISSING  post_lrel_WVis_VGM                       0.0271
  MISSING  lp                                       0.0037
  MISSING  score                                    0.7131
  MISSING  post_score                               0.7131
  MISSING  post_score_VGM                           0.7131
  MISSING  absscore                                 0.7131
  MISSING  post_absscore                            0.7131
  MISSING  post_absscore_VGM                        0.7131
  OK  logTotalVisits                           mean=  13.0977  std=   1.4180  missing=10
  OK  afterXVGM                                mean=   0.2133  std=   0.4097  missing=0
  OK  post_lav_Visits                          mean=   6.3451  std=   6.6184  missing=0
  OK  post_lav_Visits_VGM                      mean=   2.8949  std=   5.5987  missing=0
  OK  post_lHerfCont                           mean=   0.2211  std=   0.2497  missing=0
  OK  post_lHerfCont_VGM                       mean=   0.0934  std=   0.1943  missing=0
========================================================================
2026-04-10 02:11:17,745  INFO  Running baseline regression (pyfixest)...
2026-04-10 02:11:17,790  INFO  Regression sample N = 4,560
========================================================================
BASELINE REGRESSION -- Table 2, Column 4  N=4,560
========================================================================
  afterXVGM                                       1.1369     0.4846     0.0204 *
  post_lav_Visits                                -0.0040     0.0278     0.8865 
  post_lav_Visits_VGM                            -0.0557     0.0326     0.0900 
  post_lHerfCont                                  0.2706     0.3359     0.4218 
  post_lHerfCont_VGM                             -0.8354     0.3755     0.0277 *
###

Estimation:  OLS
Dep. var.: logTotalVisits, Fixed effects: metaID + monthtime
sample: None = all
Inference:  CRV1
Observations:  4560

| Coefficient         |   Estimate |   Std. Error |   t value |   Pr(>|t|) |   2.5% |   97.5% |
|:--------------------|-----------:|-------------:|----------:|-----------:|-------:|--------:|
| afterXVGM           |      1.137 |        0.485 |     2.346 |      0.020 |  0.179 |   2.095 |
| post_lav_Visits     |     -0.004 |        0.028 |    -0.143 |      0.886 | -0.059 |   0.051 |
| post_lav_Visits_VGM |     -0.056 |        0.033 |    -1.707 |      0.090 | -0.120 |   0.009 |
| post_lHerfCont      |      0.271 |        0.336 |     0.806 |      0.422 | -0.393 |   0.935 |
| post_lHerfCont_VGM  |     -0.835 |        0.376 |    -2.224 |      0.028 | -1.578 |  -0.093 |
---
RMSE: 0.221 R2: 0.976 R2 Within: 0.05 
========================================================================
2026-04-10 02:12:00,221  INFO  SMOKE TEST: 3 mechs x 2 levels x 1 var x 2 iters x 7 methods = 84 runs
2026-04-10 02:12:00,223  INFO  Resuming: 0 combinations already complete
2026-04-10 02:12:00,227  INFO  Baseline focal coef: {'coef': 1.1369305012385802, 'se': 0.484649815824864, 'pval': 0.02039582303641807, 'nobs': 4560, 'sign': 1, 'sig': True}
2026-04-10 02:12:00,232  INFO    MCAR | 1pct | post_lav_Visits
WARNING: All log messages before absl::InitializeLog() is called are written to STDERR
I0000 00:00:1775779921.597192   44284 port.cc:153] oneDNN custom operations are on. You may see slightly different numerical results due to floating-point round-off errors from different computation orders. To turn them off, set the environment variable `TF_ENABLE_ONEDNN_OPTS=0`.
WARNING: All log messages before absl::InitializeLog() is called are written to STDERR
I0000 00:00:1775779926.594662   44284 port.cc:153] oneDNN custom operations are on. You may see slightly different numerical results due to floating-point round-off errors from different computation orders. To turn them off, set the environment variable `TF_ENABLE_ONEDNN_OPTS=0`.
I0000 00:00:1775779927.536344   44284 cpu_feature_guard.cc:227] This TensorFlow binary is optimized to use available CPU instructions in performance-critical operations.
To enable the following instructions: SSE3 SSE4.1 SSE4.2 AVX AVX2 FMA, in other operations, rebuild TensorFlow with the appropriate compiler flags.
2026-04-10 02:12:07,695  WARNING  TensorFlow GPU support is not available on native Windows for TensorFlow >= 2.11. Even if CUDA/cuDNN are installed, GPU will not be used. Please use WSL2 or the TensorFlow-DirectML plugin.
2026-04-10 02:12:16,863  WARNING  From C:\Users\briac\Econ_Code\Oxford_MonteCarlo_week3\venv\Lib\site-packages\keras\src\backend\common\global_state.py:82: The name tf.reset_default_graph is deprecated. Please use tf.compat.v1.reset_default_graph instead.

2026-04-10 02:12:29,753  INFO    MCAR | 10pct | post_lav_Visits
2026-04-10 02:12:55,931  INFO    MAR | 1pct | post_lav_Visits
2026-04-10 02:13:23,449  INFO    MAR | 10pct | post_lav_Visits
2026-04-10 02:13:37,148  INFO      Progress: 50 done, 0 errors
2026-04-10 02:13:49,942  INFO    NMAR | 1pct | post_lav_Visits
2026-04-10 02:14:43,238  INFO    NMAR | 10pct | post_lav_Visits
2026-04-10 02:16:03,036  INFO  Simulation complete: 84 done, 0 errors
2026-04-10 02:16:03,039  INFO  Computing NMAR diagnostics...
2026-04-10 02:16:07,419  INFO  Writing Excel workbook to C:\Users\briac\Econ_Code\Oxford_MonteCarlo_week3\paper_analysis_output\Paper_0020_CompetingAttention\smoke\SMOKE_CompetingAttentionReport_0020.xlsx ...
2026-04-10 02:16:08,766  INFO  Workbook written: C:\Users\briac\Econ_Code\Oxford_MonteCarlo_week3\paper_analysis_output\Paper_0020_CompetingAttention\smoke\SMOKE_CompetingAttentionReport_0020.xlsx
2026-04-10 02:16:08,769  INFO  Smoke test complete.
