2026-04-10 01:20:08,689  INFO  ============================================================
2026-04-10 01:20:08,690  INFO  Paper 0005 -- Mode: FULL
2026-04-10 01:20:08,690  INFO  ============================================================
2026-04-10 01:20:08,690  INFO  Loading from C:\Users\briac\Econ_Code\Oxford_MonteCarlo_week3\paper_analysis_output\Paper_0005_MappingEntrepreneurial\DATA.csv

========================================================================
DATA INSPECTION  Source: DATA.csv  Shape: 32,647 x 22
========================================================================
  No missing values detected.
  OK  log_shopify_count_1                      mean=   0.8777  std=   1.1116  missing=0
  OK  log_pop_black_aa                         mean=   4.0576  std=   3.0967  missing=0
  OK  log_pop_total                            mean=   7.9286  std=   1.8590  missing=0
  OK  log_total_bachelor_deg                   mean=   5.9057  std=   2.2852  missing=0
  OK  log_pop_total_poverty                    mean=   4.9761  std=   2.1701  missing=0
  OK  log_total_social_cap                     mean=   2.0166  std=   1.4280  missing=0
========================================================================
2026-04-10 01:20:08,964  INFO  Running baseline regression (pyfixest)...
2026-04-10 01:20:08,968  INFO  Regression sample N = 32,647
========================================================================
BASELINE REGRESSION -- Paper Table 3, Model 3_1  N=32,647
========================================================================
  log_pop_black_aa                                0.0307     0.0054     0.0000 ***
  log_pop_total                                  -0.0905     0.0341     0.0084 **
  log_total_bachelor_deg                          0.1431     0.0425     0.0008 ***
  log_pop_total_poverty                          -0.0120     0.0085     0.1597 
  log_total_social_cap                            0.3684     0.0493     0.0000 ***
###

Estimation:  OLS
Dep. var.: log_shopify_count_1, Fixed effects: state_name_fe + MSA_fe
sample: None = all
Inference:  CRV1
Observations:  32647

| Coefficient            |   Estimate |   Std. Error |   t value |   Pr(>|t|) |   2.5% |   97.5% |
|:-----------------------|-----------:|-------------:|----------:|-----------:|-------:|--------:|
| log_pop_black_aa       |      0.031 |        0.005 |     5.677 |      0.000 |  0.020 |   0.041 |
| log_pop_total          |     -0.091 |        0.034 |    -2.652 |      0.008 | -0.158 |  -0.023 |
| log_total_bachelor_deg |      0.143 |        0.043 |     3.366 |      0.001 |  0.060 |   0.227 |
| log_pop_total_poverty  |     -0.012 |        0.008 |    -1.409 |      0.160 | -0.029 |   0.005 |
| log_total_social_cap   |      0.368 |        0.049 |     7.474 |      0.000 |  0.271 |   0.465 |
---
RMSE: 0.621 R2: 0.688 R2 Within: 0.467 
========================================================================
2026-04-10 01:20:53,905  INFO  FULL RUN: 3 x 7 x 4 x 30 x 7 = 17640 runs
2026-04-10 01:20:53,906  INFO  Resuming: 0 combinations already complete
2026-04-10 01:20:53,911  INFO  Baseline focal coef: {'coef': 0.03067281772724766, 'se': 0.005403333749358187, 'pval': 2.7991446938102627e-08, 'nobs': 32647, 'sign': 1, 'sig': True}
2026-04-10 01:20:53,928  INFO    MCAR | 1pct | log_pop_black_aa
WARNING: All log messages before absl::InitializeLog() is called are written to STDERR
I0000 00:00:1775776857.758206   41744 port.cc:153] oneDNN custom operations are on. You may see slightly different numerical results due to floating-point round-off errors from different computation orders. To turn them off, set the environment variable `TF_ENABLE_ONEDNN_OPTS=0`.
WARNING: All log messages before absl::InitializeLog() is called are written to STDERR
I0000 00:00:1775776863.157775   41744 port.cc:153] oneDNN custom operations are on. You may see slightly different numerical results due to floating-point round-off errors from different computation orders. To turn them off, set the environment variable `TF_ENABLE_ONEDNN_OPTS=0`.
I0000 00:00:1775776864.077627   41744 cpu_feature_guard.cc:227] This TensorFlow binary is optimized to use available CPU instructions in performance-critical operations.
To enable the following instructions: SSE3 SSE4.1 SSE4.2 AVX AVX2 FMA, in other operations, rebuild TensorFlow with the appropriate compiler flags.
2026-04-10 01:21:04,300  WARNING  TensorFlow GPU support is not available on native Windows for TensorFlow >= 2.11. Even if CUDA/cuDNN are installed, GPU will not be used. Please use WSL2 or the TensorFlow-DirectML plugin.
2026-04-10 01:21:45,671  WARNING  From C:\Users\briac\Econ_Code\Oxford_MonteCarlo_week3\venv\Lib\site-packages\keras\src\backend\common\global_state.py:82: The name tf.reset_default_graph is deprecated. Please use tf.compat.v1.reset_default_graph instead.

2026-04-10 01:28:27,740  INFO      Progress: 50 done, 0 errors
2026-04-10 01:35:32,617  INFO      Progress: 100 done, 0 errors
2026-04-10 01:42:00,118  INFO      Progress: 150 done, 0 errors
2026-04-10 01:49:33,393  INFO      Progress: 200 done, 0 errors
2026-04-10 01:51:02,389  INFO    MCAR | 1pct | log_total_bachelor_deg
2026-04-10 01:53:59,287  INFO      Progress: 250 done, 0 errors
2026-04-10 02:00:20,852  INFO      Progress: 300 done, 0 errors
2026-04-10 02:04:35,110  INFO      Progress: 350 done, 0 errors
2026-04-10 02:07:46,280  INFO      Progress: 400 done, 0 errors
2026-04-10 02:09:09,718  INFO    MCAR | 1pct | log_pop_total_poverty
2026-04-10 02:11:04,197  INFO      Progress: 450 done, 0 errors
2026-04-10 02:19:01,664  INFO      Progress: 500 done, 0 errors
2026-04-10 02:30:28,170  INFO      Progress: 550 done, 0 errors
2026-04-10 02:40:07,130  INFO      Progress: 600 done, 0 errors
2026-04-10 02:47:29,380  INFO    MCAR | 1pct | log_total_social_cap
2026-04-10 02:55:21,062  INFO      Progress: 650 done, 0 errors
2026-04-10 03:09:11,704  INFO      Progress: 700 done, 0 errors
2026-04-10 03:22:15,273  INFO      Progress: 750 done, 0 errors
2026-04-10 03:35:57,734  INFO      Progress: 800 done, 0 errors
2026-04-10 03:47:55,715  INFO    MCAR | 5pct | log_pop_black_aa
2026-04-10 03:49:48,027  INFO      Progress: 850 done, 0 errors
2026-04-10 04:03:57,661  INFO      Progress: 900 done, 0 errors
2026-04-10 04:18:45,670  INFO      Progress: 950 done, 0 errors
2026-04-10 04:37:34,340  INFO      Progress: 1000 done, 0 errors
2026-04-10 04:50:36,052  INFO      Progress: 1050 done, 0 errors
2026-04-10 04:50:36,083  INFO    MCAR | 5pct | log_total_bachelor_deg
2026-04-10 05:02:33,338  INFO      Progress: 1100 done, 0 errors
2026-04-10 05:13:46,422  INFO      Progress: 1150 done, 0 errors
2026-04-10 05:24:20,630  INFO      Progress: 1200 done, 0 errors
2026-04-10 05:33:47,368  INFO      Progress: 1250 done, 0 errors
2026-04-10 05:36:22,482  INFO    MCAR | 5pct | log_pop_total_poverty
2026-04-10 05:46:37,017  INFO      Progress: 1300 done, 0 errors
2026-04-10 05:59:38,221  INFO      Progress: 1350 done, 0 errors
2026-04-10 06:11:45,604  INFO      Progress: 1400 done, 0 errors
2026-04-10 06:22:06,290  INFO      Progress: 1450 done, 0 errors
2026-04-10 06:26:17,154  INFO    MCAR | 5pct | log_total_social_cap
2026-04-10 06:33:25,274  INFO      Progress: 1500 done, 0 errors
2026-04-10 06:45:05,706  INFO      Progress: 1550 done, 0 errors
2026-04-10 06:57:26,221  INFO      Progress: 1600 done, 0 errors
2026-04-10 07:10:23,381  INFO      Progress: 1650 done, 0 errors
2026-04-10 07:19:02,721  INFO    MCAR | 10pct | log_pop_black_aa
2026-04-10 07:26:25,463  INFO      Progress: 1700 done, 0 errors
2026-04-10 07:39:22,288  INFO      Progress: 1750 done, 0 errors
2026-04-10 07:55:51,788  INFO      Progress: 1800 done, 0 errors
2026-04-10 08:10:31,447  INFO      Progress: 1850 done, 0 errors
2026-04-10 08:21:42,917  INFO    MCAR | 10pct | log_total_bachelor_deg
2026-04-10 08:22:51,995  INFO      Progress: 1900 done, 0 errors
2026-04-10 09:00:00,644  INFO      Progress: 1950 done, 0 errors
2026-04-10 09:02:41,994  INFO      Progress: 2000 done, 0 errors
2026-04-10 09:05:56,819  INFO      Progress: 2050 done, 0 errors
2026-04-10 09:09:10,020  INFO      Progress: 2100 done, 0 errors
2026-04-10 09:09:10,024  INFO    MCAR | 10pct | log_pop_total_poverty
2026-04-10 09:12:44,398  INFO      Progress: 2150 done, 0 errors
2026-04-10 09:16:51,833  INFO      Progress: 2200 done, 0 errors
2026-04-10 09:19:57,617  INFO      Progress: 2250 done, 0 errors
2026-04-10 09:23:23,421  INFO      Progress: 2300 done, 0 errors
2026-04-10 09:24:19,435  INFO    MCAR | 10pct | log_total_social_cap
2026-04-10 09:27:43,292  INFO      Progress: 2350 done, 0 errors
2026-04-10 09:31:47,243  INFO      Progress: 2400 done, 0 errors
2026-04-10 09:35:38,537  INFO      Progress: 2450 done, 0 errors
2026-04-10 09:39:56,225  INFO      Progress: 2500 done, 0 errors
2026-04-10 09:42:08,900  INFO    MCAR | 20pct | log_pop_black_aa
2026-04-10 09:44:32,282  INFO      Progress: 2550 done, 0 errors
2026-04-10 09:49:20,914  INFO      Progress: 2600 done, 0 errors
2026-04-10 09:53:51,139  INFO      Progress: 2650 done, 0 errors
2026-04-10 09:58:15,060  INFO      Progress: 2700 done, 0 errors
2026-04-10 10:01:35,228  INFO    MCAR | 20pct | log_total_bachelor_deg
2026-04-10 10:03:24,208  INFO      Progress: 2750 done, 0 errors
2026-04-10 10:06:43,138  INFO      Progress: 2800 done, 0 errors
2026-04-10 10:10:15,385  INFO      Progress: 2850 done, 0 errors
2026-04-10 10:13:40,860  INFO      Progress: 2900 done, 0 errors
2026-04-10 10:16:13,160  INFO    MCAR | 20pct | log_pop_total_poverty
2026-04-10 10:16:44,970  INFO      Progress: 2950 done, 0 errors
2026-04-10 10:20:25,402  INFO      Progress: 3000 done, 0 errors
2026-04-10 10:23:59,885  INFO      Progress: 3050 done, 0 errors
2026-04-10 10:28:10,632  INFO      Progress: 3100 done, 0 errors
2026-04-10 10:31:56,399  INFO      Progress: 3150 done, 0 errors
2026-04-10 10:31:56,403  INFO    MCAR | 20pct | log_total_social_cap
2026-04-10 10:35:50,779  INFO      Progress: 3200 done, 0 errors
2026-04-10 10:41:27,302  INFO      Progress: 3250 done, 0 errors
2026-04-10 10:45:41,199  INFO      Progress: 3300 done, 0 errors
2026-04-10 10:51:31,071  INFO      Progress: 3350 done, 0 errors
2026-04-10 10:52:32,468  INFO    MCAR | 30pct | log_pop_black_aa
2026-04-10 10:55:32,499  INFO      Progress: 3400 done, 0 errors
2026-04-10 11:00:44,090  INFO      Progress: 3450 done, 0 errors
2026-04-10 11:04:33,007  INFO      Progress: 3500 done, 0 errors
2026-04-10 11:07:43,723  INFO      Progress: 3550 done, 0 errors
2026-04-10 11:08:55,786  INFO    MCAR | 30pct | log_total_bachelor_deg
2026-04-10 11:10:13,816  INFO      Progress: 3600 done, 0 errors
2026-04-10 11:12:21,952  INFO      Progress: 3650 done, 0 errors
2026-04-10 11:14:50,320  INFO      Progress: 3700 done, 0 errors
2026-04-10 11:17:06,059  INFO      Progress: 3750 done, 0 errors
2026-04-10 11:18:48,732  INFO    MCAR | 30pct | log_pop_total_poverty
2026-04-10 11:19:44,069  INFO      Progress: 3800 done, 0 errors
2026-04-10 11:21:59,246  INFO      Progress: 3850 done, 0 errors
2026-04-10 11:25:11,430  INFO      Progress: 3900 done, 0 errors
2026-04-10 11:28:02,726  INFO      Progress: 3950 done, 0 errors
2026-04-10 11:30:20,733  INFO    MCAR | 30pct | log_total_social_cap
2026-04-10 11:30:40,356  INFO      Progress: 4000 done, 0 errors
2026-04-10 11:33:43,270  INFO      Progress: 4050 done, 0 errors
2026-04-10 11:36:41,042  INFO      Progress: 4100 done, 0 errors
2026-04-10 11:39:36,461  INFO      Progress: 4150 done, 0 errors
2026-04-10 11:43:10,990  INFO      Progress: 4200 done, 0 errors
2026-04-10 11:43:10,993  INFO    MCAR | 40pct | log_pop_black_aa
2026-04-10 11:45:53,556  INFO      Progress: 4250 done, 0 errors
2026-04-10 11:48:52,652  INFO      Progress: 4300 done, 0 errors
2026-04-10 11:51:35,878  INFO      Progress: 4350 done, 0 errors
2026-04-10 11:54:41,155  INFO      Progress: 4400 done, 0 errors
2026-04-10 11:55:24,991  INFO    MCAR | 40pct | log_total_bachelor_deg
2026-04-10 11:57:37,402  INFO      Progress: 4450 done, 0 errors
2026-04-10 11:59:48,569  INFO      Progress: 4500 done, 0 errors
2026-04-10 12:02:09,290  INFO      Progress: 4550 done, 0 errors
2026-04-10 12:04:48,042  INFO      Progress: 4600 done, 0 errors
2026-04-10 12:05:49,974  INFO    MCAR | 40pct | log_pop_total_poverty
2026-04-10 12:07:05,376  INFO      Progress: 4650 done, 0 errors
2026-04-10 12:09:28,698  INFO      Progress: 4700 done, 0 errors
2026-04-10 12:12:20,163  INFO      Progress: 4750 done, 0 errors
2026-04-10 12:14:33,977  INFO      Progress: 4800 done, 0 errors
2026-04-10 12:16:09,767  INFO    MCAR | 40pct | log_total_social_cap
2026-04-10 12:17:14,448  INFO      Progress: 4850 done, 0 errors
2026-04-10 12:19:29,046  INFO      Progress: 4900 done, 0 errors
2026-04-10 12:21:56,101  INFO      Progress: 4950 done, 0 errors
2026-04-10 12:23:57,034  INFO      Progress: 5000 done, 0 errors
2026-04-10 12:26:03,262  INFO    MCAR | 50pct | log_pop_black_aa
2026-04-10 12:26:18,433  INFO      Progress: 5050 done, 0 errors
2026-04-10 12:28:33,397  INFO      Progress: 5100 done, 0 errors
2026-04-10 12:30:44,405  INFO      Progress: 5150 done, 0 errors
2026-04-10 12:33:21,662  INFO      Progress: 5200 done, 0 errors
2026-04-10 12:35:21,196  INFO      Progress: 5250 done, 0 errors
2026-04-10 12:35:21,196  INFO    MCAR | 50pct | log_total_bachelor_deg
2026-04-10 12:37:10,423  INFO      Progress: 5300 done, 0 errors
2026-04-10 12:39:01,232  INFO      Progress: 5350 done, 0 errors
2026-04-10 12:40:45,676  INFO      Progress: 5400 done, 0 errors
2026-04-10 12:42:28,727  INFO      Progress: 5450 done, 0 errors
2026-04-10 12:43:00,708  INFO    MCAR | 50pct | log_pop_total_poverty
2026-04-10 12:44:22,462  INFO      Progress: 5500 done, 0 errors
2026-04-10 12:46:37,388  INFO      Progress: 5550 done, 0 errors
2026-04-10 12:48:31,889  INFO      Progress: 5600 done, 0 errors
2026-04-10 12:50:29,941  INFO      Progress: 5650 done, 0 errors
2026-04-10 12:51:18,501  INFO    MCAR | 50pct | log_total_social_cap
2026-04-10 12:52:31,698  INFO      Progress: 5700 done, 0 errors
2026-04-10 12:54:39,604  INFO      Progress: 5750 done, 0 errors
2026-04-10 12:56:54,545  INFO      Progress: 5800 done, 0 errors
2026-04-10 12:59:01,909  INFO      Progress: 5850 done, 0 errors
2026-04-10 13:00:32,227  INFO    MAR | 1pct | log_pop_black_aa
2026-04-10 13:01:43,416  INFO      Progress: 5900 done, 0 errors
2026-04-10 13:04:27,881  INFO      Progress: 5950 done, 0 errors
2026-04-10 13:07:09,731  INFO      Progress: 6000 done, 0 errors
2026-04-10 13:10:21,052  INFO      Progress: 6050 done, 0 errors
2026-04-10 13:13:01,621  INFO    MAR | 1pct | log_total_bachelor_deg
2026-04-10 13:13:19,543  INFO      Progress: 6100 done, 0 errors
2026-04-10 13:15:35,428  INFO      Progress: 6150 done, 0 errors
2026-04-10 13:18:02,519  INFO      Progress: 6200 done, 0 errors
2026-04-10 13:20:34,593  INFO      Progress: 6250 done, 0 errors
2026-04-10 13:23:15,850  INFO      Progress: 6300 done, 0 errors
2026-04-10 13:23:15,851  INFO    MAR | 1pct | log_pop_total_poverty
2026-04-10 13:25:44,710  INFO      Progress: 6350 done, 0 errors
2026-04-10 13:28:28,601  INFO      Progress: 6400 done, 0 errors
2026-04-10 13:30:52,076  INFO      Progress: 6450 done, 0 errors
2026-04-10 13:33:33,671  INFO      Progress: 6500 done, 0 errors
2026-04-10 13:34:19,985  INFO    MAR | 1pct | log_total_social_cap
2026-04-10 13:36:46,041  INFO      Progress: 6550 done, 0 errors
2026-04-10 13:41:47,914  INFO      Progress: 6600 done, 0 errors
2026-04-10 13:48:59,580  INFO      Progress: 6650 done, 0 errors
2026-04-10 13:58:02,402  INFO      Progress: 6700 done, 0 errors
2026-04-10 14:00:15,723  INFO    MAR | 5pct | log_pop_black_aa
2026-04-10 14:06:09,080  INFO      Progress: 6750 done, 0 errors
2026-04-10 14:20:18,553  INFO      Progress: 6800 done, 0 errors
2026-04-10 14:34:37,116  INFO      Progress: 6850 done, 0 errors
2026-04-10 14:49:44,308  INFO      Progress: 6900 done, 0 errors
2026-04-10 14:59:07,431  INFO    MAR | 5pct | log_total_bachelor_deg
2026-04-10 15:03:28,447  INFO      Progress: 6950 done, 0 errors
2026-04-10 15:15:20,814  INFO      Progress: 7000 done, 0 errors
2026-04-10 15:30:31,909  INFO      Progress: 7050 done, 0 errors
2026-04-10 15:37:27,094  INFO      Progress: 7100 done, 0 errors
2026-04-10 15:48:09,316  INFO    MAR | 5pct | log_pop_total_poverty
2026-04-10 15:50:21,984  INFO      Progress: 7150 done, 0 errors
2026-04-10 15:55:57,479  INFO      Progress: 7200 done, 0 errors
2026-04-10 16:02:30,942  INFO      Progress: 7250 done, 0 errors
2026-04-10 16:16:29,319  INFO      Progress: 7300 done, 0 errors
2026-04-10 17:01:34,251  INFO      Progress: 7350 done, 0 errors
2026-04-10 17:01:34,258  INFO    MAR | 5pct | log_total_social_cap
2026-04-10 17:06:12,834  INFO      Progress: 7400 done, 0 errors
2026-04-10 17:11:52,252  INFO      Progress: 7450 done, 0 errors
2026-04-10 17:17:03,815  INFO      Progress: 7500 done, 0 errors
2026-04-10 17:22:41,018  INFO      Progress: 7550 done, 0 errors
2026-04-10 17:24:25,052  INFO    MAR | 10pct | log_pop_black_aa
2026-04-10 17:28:44,544  INFO      Progress: 7600 done, 0 errors
2026-04-10 17:33:57,625  INFO      Progress: 7650 done, 0 errors
2026-04-10 17:38:58,127  INFO      Progress: 7700 done, 0 errors
2026-04-10 17:42:36,348  INFO      Progress: 7750 done, 0 errors
2026-04-10 17:44:50,403  INFO    MAR | 10pct | log_total_bachelor_deg
2026-04-10 17:47:41,368  INFO      Progress: 7800 done, 0 errors
2026-04-10 17:51:00,761  INFO      Progress: 7850 done, 0 errors
2026-04-10 17:54:56,490  INFO      Progress: 7900 done, 0 errors
2026-04-10 18:00:22,855  INFO      Progress: 7950 done, 0 errors
2026-04-10 18:05:06,957  INFO    MAR | 10pct | log_pop_total_poverty
2026-04-10 18:10:39,945  INFO      Progress: 8000 done, 0 errors
2026-04-10 18:22:42,365  INFO      Progress: 8050 done, 0 errors
2026-04-10 18:35:51,964  INFO      Progress: 8100 done, 0 errors
2026-04-10 18:43:58,321  INFO      Progress: 8150 done, 0 errors
2026-04-10 18:50:59,557  INFO    MAR | 10pct | log_total_social_cap
2026-04-10 19:39:15,767  INFO      Progress: 8200 done, 0 errors
2026-04-10 19:59:27,833  INFO      Progress: 8250 done, 0 errors
2026-04-10 20:05:15,078  INFO      Progress: 8300 done, 0 errors
2026-04-10 20:20:24,880  INFO      Progress: 8350 done, 0 errors
2026-04-10 20:32:58,725  INFO      Progress: 8400 done, 0 errors
2026-04-10 20:32:58,731  INFO    MAR | 20pct | log_pop_black_aa
2026-04-10 20:46:31,902  INFO      Progress: 8450 done, 0 errors
2026-04-10 21:01:30,657  INFO      Progress: 8500 done, 0 errors
2026-04-10 21:17:21,951  INFO      Progress: 8550 done, 0 errors
2026-04-10 21:31:16,660  INFO      Progress: 8600 done, 0 errors
2026-04-10 21:34:35,999  INFO    MAR | 20pct | log_total_bachelor_deg
2026-04-10 21:42:43,021  INFO      Progress: 8650 done, 0 errors
2026-04-10 21:54:29,919  INFO      Progress: 8700 done, 0 errors
2026-04-10 22:06:17,861  INFO      Progress: 8750 done, 0 errors
2026-04-10 22:16:54,333  INFO      Progress: 8800 done, 0 errors
2026-04-10 22:22:10,281  INFO    MAR | 20pct | log_pop_total_poverty
2026-04-10 22:29:54,885  INFO      Progress: 8850 done, 0 errors
2026-04-10 22:43:41,949  INFO      Progress: 8900 done, 0 errors
2026-04-10 22:54:56,593  INFO      Progress: 8950 done, 0 errors
2026-04-10 23:05:25,989  INFO      Progress: 9000 done, 0 errors
2026-04-10 23:12:07,207  INFO    MAR | 20pct | log_total_social_cap
2026-04-10 23:17:27,682  INFO      Progress: 9050 done, 0 errors
2026-04-10 23:32:29,169  INFO      Progress: 9100 done, 0 errors
2026-04-10 23:44:30,121  INFO      Progress: 9150 done, 0 errors
2026-04-10 23:55:12,741  INFO      Progress: 9200 done, 0 errors
2026-04-11 00:04:45,551  INFO    MAR | 30pct | log_pop_black_aa
2026-04-11 00:07:09,940  INFO      Progress: 9250 done, 0 errors
2026-04-11 00:20:50,015  INFO      Progress: 9300 done, 0 errors
2026-04-11 00:34:31,896  INFO      Progress: 9350 done, 0 errors
2026-04-11 00:42:18,257  INFO      Progress: 9400 done, 0 errors
2026-04-11 00:49:16,708  INFO      Progress: 9450 done, 0 errors
2026-04-11 00:49:16,711  INFO    MAR | 30pct | log_total_bachelor_deg
2026-04-11 00:52:28,880  INFO      Progress: 9500 done, 0 errors
2026-04-11 00:55:32,766  INFO      Progress: 9550 done, 0 errors
2026-04-11 00:58:35,312  INFO      Progress: 9600 done, 0 errors
2026-04-11 01:01:38,448  INFO      Progress: 9650 done, 0 errors
2026-04-11 01:02:37,901  INFO    MAR | 30pct | log_pop_total_poverty
2026-04-11 01:04:49,221  INFO      Progress: 9700 done, 0 errors
2026-04-11 01:08:05,893  INFO      Progress: 9750 done, 0 errors
2026-04-11 01:11:26,049  INFO      Progress: 9800 done, 0 errors
2026-04-11 01:14:56,828  INFO      Progress: 9850 done, 0 errors
2026-04-11 01:16:12,384  INFO    MAR | 30pct | log_total_social_cap
2026-04-11 01:18:07,927  INFO      Progress: 9900 done, 0 errors
2026-04-11 01:21:44,979  INFO      Progress: 9950 done, 0 errors
2026-04-11 01:25:15,574  INFO      Progress: 10000 done, 0 errors
2026-04-11 01:28:53,667  INFO      Progress: 10050 done, 0 errors
2026-04-11 01:31:37,042  INFO    MAR | 40pct | log_pop_black_aa
2026-04-11 01:32:54,896  INFO      Progress: 10100 done, 0 errors
2026-04-11 01:36:51,240  INFO      Progress: 10150 done, 0 errors
2026-04-11 01:40:34,623  INFO      Progress: 10200 done, 0 errors
2026-04-11 01:44:18,001  INFO      Progress: 10250 done, 0 errors
2026-04-11 01:47:28,752  INFO    MAR | 40pct | log_total_bachelor_deg
2026-04-11 01:47:53,739  INFO      Progress: 10300 done, 0 errors
2026-04-11 01:50:56,048  INFO      Progress: 10350 done, 0 errors
2026-04-11 01:54:02,751  INFO      Progress: 10400 done, 0 errors
2026-04-11 01:57:50,404  INFO      Progress: 10450 done, 0 errors
2026-04-11 02:01:09,936  INFO      Progress: 10500 done, 0 errors
2026-04-11 02:01:09,936  INFO    MAR | 40pct | log_pop_total_poverty
2026-04-11 02:04:30,306  INFO      Progress: 10550 done, 0 errors
2026-04-11 02:08:01,454  INFO      Progress: 10600 done, 0 errors
2026-04-11 02:11:04,654  INFO      Progress: 10650 done, 0 errors
2026-04-11 02:14:30,153  INFO      Progress: 10700 done, 0 errors
2026-04-11 02:15:22,204  INFO    MAR | 40pct | log_total_social_cap
2026-04-11 02:18:12,419  INFO      Progress: 10750 done, 0 errors
2026-04-11 02:22:21,926  INFO      Progress: 10800 done, 0 errors
2026-04-11 02:26:07,018  INFO      Progress: 10850 done, 0 errors
2026-04-11 02:29:40,842  INFO      Progress: 10900 done, 0 errors
2026-04-11 02:31:29,484  INFO    MAR | 50pct | log_pop_black_aa
2026-04-11 02:33:34,254  INFO      Progress: 10950 done, 0 errors
2026-04-11 02:37:25,183  INFO      Progress: 11000 done, 0 errors
2026-04-11 02:41:10,025  INFO      Progress: 11050 done, 0 errors
2026-04-11 02:44:54,781  INFO      Progress: 11100 done, 0 errors
2026-04-11 02:47:09,520  INFO    MAR | 50pct | log_total_bachelor_deg
2026-04-11 02:48:19,097  INFO      Progress: 11150 done, 0 errors
2026-04-11 02:51:53,677  INFO      Progress: 11200 done, 0 errors
2026-04-11 02:55:11,530  INFO      Progress: 11250 done, 0 errors
2026-04-11 02:58:35,151  INFO      Progress: 11300 done, 0 errors
2026-04-11 03:01:38,768  INFO    MAR | 50pct | log_pop_total_poverty
2026-04-11 03:02:07,372  INFO      Progress: 11350 done, 0 errors
2026-04-11 03:05:47,333  INFO      Progress: 11400 done, 0 errors
2026-04-11 03:09:27,193  INFO      Progress: 11450 done, 0 errors
2026-04-11 03:13:20,268  INFO      Progress: 11500 done, 0 errors
2026-04-11 03:16:55,815  INFO      Progress: 11550 done, 0 errors
2026-04-11 03:16:55,818  INFO    MAR | 50pct | log_total_social_cap
2026-04-11 03:20:34,404  INFO      Progress: 11600 done, 0 errors
2026-04-11 03:24:28,380  INFO      Progress: 11650 done, 0 errors
2026-04-11 03:28:30,288  INFO      Progress: 11700 done, 0 errors
2026-04-11 03:32:25,333  INFO      Progress: 11750 done, 0 errors
2026-04-11 03:33:23,533  INFO    NMAR | 1pct | log_pop_black_aa
2026-04-11 03:36:53,567  INFO      Progress: 11800 done, 0 errors
2026-04-11 03:42:19,587  INFO      Progress: 11850 done, 0 errors
2026-04-11 03:47:47,035  INFO      Progress: 11900 done, 0 errors
2026-04-11 03:53:37,942  INFO      Progress: 11950 done, 0 errors
2026-04-11 03:56:00,173  INFO    NMAR | 1pct | log_total_bachelor_deg
2026-04-11 03:58:20,498  INFO      Progress: 12000 done, 0 errors
2026-04-11 04:03:25,734  INFO      Progress: 12050 done, 0 errors
2026-04-11 04:07:51,265  INFO      Progress: 12100 done, 0 errors
2026-04-11 04:12:40,520  INFO      Progress: 12150 done, 0 errors
2026-04-11 04:16:29,364  INFO    NMAR | 1pct | log_pop_total_poverty
2026-04-11 04:18:47,655  INFO      Progress: 12200 done, 0 errors
2026-04-11 04:24:18,989  INFO      Progress: 12250 done, 0 errors
2026-04-11 04:29:57,984  INFO      Progress: 12300 done, 0 errors
2026-04-11 04:36:44,873  INFO      Progress: 12350 done, 0 errors
2026-04-11 04:41:35,518  INFO    NMAR | 1pct | log_total_social_cap
2026-04-11 04:42:31,502  INFO      Progress: 12400 done, 0 errors
2026-04-11 04:50:04,318  INFO      Progress: 12450 done, 0 errors
2026-04-11 04:56:22,264  INFO      Progress: 12500 done, 0 errors
2026-04-11 05:04:41,527  INFO      Progress: 12550 done, 0 errors
2026-04-11 05:12:05,718  INFO      Progress: 12600 done, 0 errors
2026-04-11 05:12:05,723  INFO    NMAR | 5pct | log_pop_black_aa
2026-04-11 05:20:10,347  INFO      Progress: 12650 done, 0 errors
2026-04-11 05:28:59,615  INFO      Progress: 12700 done, 0 errors
2026-04-11 05:36:50,803  INFO      Progress: 12750 done, 0 errors
2026-04-11 05:45:30,037  INFO      Progress: 12800 done, 0 errors
2026-04-11 05:47:50,363  INFO    NMAR | 5pct | log_total_bachelor_deg
2026-04-11 05:53:10,891  INFO      Progress: 12850 done, 0 errors
2026-04-11 06:01:44,005  INFO      Progress: 12900 done, 0 errors
2026-04-11 06:08:57,467  INFO      Progress: 12950 done, 0 errors
2026-04-11 06:16:28,808  INFO      Progress: 13000 done, 0 errors
2026-04-11 06:20:28,327  INFO    NMAR | 5pct | log_pop_total_poverty
2026-04-11 06:23:15,773  INFO      Progress: 13050 done, 0 errors
2026-04-11 06:26:59,715  INFO      Progress: 13100 done, 0 errors
2026-04-11 06:30:22,641  INFO      Progress: 13150 done, 0 errors
2026-04-11 06:34:01,532  INFO      Progress: 13200 done, 0 errors
2026-04-11 06:36:29,363  INFO    NMAR | 5pct | log_total_social_cap
2026-04-11 06:37:54,934  INFO      Progress: 13250 done, 0 errors
2026-04-11 06:42:08,434  INFO      Progress: 13300 done, 0 errors
2026-04-11 06:46:14,532  INFO      Progress: 13350 done, 0 errors
2026-04-11 06:50:18,166  INFO      Progress: 13400 done, 0 errors
2026-04-11 06:53:54,907  INFO    NMAR | 10pct | log_pop_black_aa
2026-04-11 06:54:25,335  INFO      Progress: 13450 done, 0 errors
2026-04-11 06:58:21,021  INFO      Progress: 13500 done, 0 errors
2026-04-11 07:02:41,684  INFO      Progress: 13550 done, 0 errors
2026-04-11 07:07:11,930  INFO      Progress: 13600 done, 0 errors
2026-04-11 07:11:01,905  INFO      Progress: 13650 done, 0 errors
2026-04-11 07:11:01,905  INFO    NMAR | 10pct | log_total_bachelor_deg
2026-04-11 07:14:43,268  INFO      Progress: 13700 done, 0 errors
2026-04-11 07:17:59,431  INFO      Progress: 13750 done, 0 errors
2026-04-11 07:21:27,671  INFO      Progress: 13800 done, 0 errors
2026-04-11 07:24:55,737  INFO      Progress: 13850 done, 0 errors
2026-04-11 07:25:51,961  INFO    NMAR | 10pct | log_pop_total_poverty
2026-04-11 07:28:22,495  INFO      Progress: 13900 done, 0 errors
2026-04-11 07:32:31,990  INFO      Progress: 13950 done, 0 errors
2026-04-11 07:36:23,393  INFO      Progress: 14000 done, 0 errors
2026-04-11 07:39:58,440  INFO      Progress: 14050 done, 0 errors
2026-04-11 07:41:45,374  INFO    NMAR | 10pct | log_total_social_cap
2026-04-11 07:44:06,255  INFO      Progress: 14100 done, 0 errors
2026-04-11 07:48:44,045  INFO      Progress: 14150 done, 0 errors
2026-04-11 07:52:53,984  INFO      Progress: 14200 done, 0 errors
2026-04-11 07:56:59,421  INFO      Progress: 14250 done, 0 errors
2026-04-11 08:00:06,135  INFO    NMAR | 20pct | log_pop_black_aa
2026-04-11 08:01:49,752  INFO      Progress: 14300 done, 0 errors
2026-04-11 08:06:03,264  INFO      Progress: 14350 done, 0 errors
2026-04-11 08:10:07,847  INFO      Progress: 14400 done, 0 errors
2026-04-11 08:14:10,197  INFO      Progress: 14450 done, 0 errors
2026-04-11 08:17:22,366  INFO    NMAR | 20pct | log_total_bachelor_deg
2026-04-11 08:17:52,673  INFO      Progress: 14500 done, 0 errors
2026-04-11 08:21:29,669  INFO      Progress: 14550 done, 0 errors
2026-04-11 08:25:21,333  INFO      Progress: 14600 done, 0 errors
2026-04-11 08:29:17,453  INFO      Progress: 14650 done, 0 errors
2026-04-11 08:33:05,998  INFO      Progress: 14700 done, 0 errors
2026-04-11 08:33:06,001  INFO    NMAR | 20pct | log_pop_total_poverty
2026-04-11 08:36:59,841  INFO      Progress: 14750 done, 0 errors
2026-04-11 08:40:42,105  INFO      Progress: 14800 done, 0 errors
2026-04-11 08:44:27,140  INFO      Progress: 14850 done, 0 errors
2026-04-11 08:48:29,211  INFO      Progress: 14900 done, 0 errors
2026-04-11 08:49:34,242  INFO    NMAR | 20pct | log_total_social_cap
2026-04-11 08:53:20,261  INFO      Progress: 14950 done, 0 errors
2026-04-11 08:58:23,675  INFO      Progress: 15000 done, 0 errors
2026-04-11 09:02:36,201  INFO      Progress: 15050 done, 0 errors
2026-04-11 09:06:39,505  INFO      Progress: 15100 done, 0 errors
2026-04-11 09:08:58,517  INFO    NMAR | 30pct | log_pop_black_aa
2026-04-11 09:11:23,539  INFO      Progress: 15150 done, 0 errors
2026-04-11 09:15:58,311  INFO      Progress: 15200 done, 0 errors
2026-04-11 09:20:24,989  INFO      Progress: 15250 done, 0 errors
2026-04-11 09:24:53,256  INFO      Progress: 15300 done, 0 errors
2026-04-11 09:27:45,423  INFO    NMAR | 30pct | log_total_bachelor_deg
2026-04-11 09:29:14,570  INFO      Progress: 15350 done, 0 errors
2026-04-11 09:33:10,520  INFO      Progress: 15400 done, 0 errors
2026-04-11 09:37:05,155  INFO      Progress: 15450 done, 0 errors
2026-04-11 09:41:26,883  INFO      Progress: 15500 done, 0 errors
2026-04-11 09:45:19,617  INFO    NMAR | 30pct | log_pop_total_poverty
2026-04-11 09:46:11,100  INFO      Progress: 15550 done, 0 errors
2026-04-11 09:56:20,553  INFO      Progress: 15600 done, 0 errors
2026-04-11 10:09:47,725  INFO      Progress: 15650 done, 0 errors
2026-04-11 15:19:54,032  INFO      Progress: 15700 done, 0 errors
2026-04-11 15:46:33,658  INFO      Progress: 15750 done, 0 errors
2026-04-11 15:46:33,669  INFO    NMAR | 30pct | log_total_social_cap
2026-04-11 16:16:36,845  INFO      Progress: 15800 done, 0 errors
2026-04-11 16:38:13,341  INFO      Progress: 15850 done, 0 errors
2026-04-11 17:00:44,452  INFO      Progress: 15900 done, 0 errors
2026-04-11 17:17:08,450  INFO      Progress: 15950 done, 0 errors
2026-04-11 17:22:04,078  INFO    NMAR | 40pct | log_pop_black_aa
2026-04-11 17:36:25,103  INFO      Progress: 16000 done, 0 errors
2026-04-11 17:55:07,208  INFO      Progress: 16050 done, 0 errors
2026-04-11 18:10:05,371  INFO      Progress: 16100 done, 0 errors
2026-04-11 18:25:53,914  INFO      Progress: 16150 done, 0 errors
2026-04-11 18:39:02,003  INFO    NMAR | 40pct | log_total_bachelor_deg
2026-04-11 18:50:25,134  INFO      Progress: 16200 done, 0 errors
2026-04-11 19:16:15,970  INFO      Progress: 16250 done, 0 errors
2026-04-11 19:35:12,533  INFO      Progress: 16300 done, 0 errors
2026-04-11 19:52:00,793  INFO      Progress: 16350 done, 0 errors
2026-04-11 19:58:43,524  INFO    NMAR | 40pct | log_pop_total_poverty
2026-04-11 20:03:35,451  INFO      Progress: 16400 done, 0 errors
2026-04-11 20:15:18,413  INFO      Progress: 16450 done, 0 errors
2026-04-11 20:28:57,194  INFO      Progress: 16500 done, 0 errors
2026-04-11 20:47:28,037  INFO      Progress: 16550 done, 0 errors
2026-04-11 21:05:54,474  INFO    NMAR | 40pct | log_total_social_cap
2026-04-11 21:09:19,832  INFO      Progress: 16600 done, 0 errors
2026-04-11 21:31:29,768  INFO      Progress: 16650 done, 0 errors
2026-04-11 21:58:30,287  INFO      Progress: 16700 done, 0 errors
2026-04-11 22:33:48,165  INFO      Progress: 16750 done, 0 errors
2026-04-11 22:47:19,111  INFO      Progress: 16800 done, 0 errors
2026-04-11 22:47:19,115  INFO    NMAR | 50pct | log_pop_black_aa
2026-04-11 23:01:49,963  INFO      Progress: 16850 done, 0 errors
2026-04-11 23:15:33,010  INFO      Progress: 16900 done, 0 errors
2026-04-11 23:29:33,307  INFO      Progress: 16950 done, 0 errors
2026-04-11 23:46:26,419  INFO      Progress: 17000 done, 0 errors
2026-04-11 23:50:08,720  INFO    NMAR | 50pct | log_total_bachelor_deg
2026-04-12 00:01:40,426  INFO      Progress: 17050 done, 0 errors
2026-04-12 00:20:53,038  INFO      Progress: 17100 done, 0 errors
2026-04-12 00:40:42,469  INFO      Progress: 17150 done, 0 errors
2026-04-12 01:00:32,480  INFO      Progress: 17200 done, 0 errors
2026-04-12 01:09:20,869  INFO    NMAR | 50pct | log_pop_total_poverty
2026-04-12 01:21:39,468  INFO      Progress: 17250 done, 0 errors
2026-04-12 01:39:31,655  INFO      Progress: 17300 done, 0 errors
2026-04-12 01:58:19,353  INFO      Progress: 17350 done, 0 errors
2026-04-12 02:18:58,518  INFO      Progress: 17400 done, 0 errors
2026-04-12 02:32:44,291  INFO    NMAR | 50pct | log_total_social_cap
2026-04-12 02:40:50,960  INFO      Progress: 17450 done, 0 errors
2026-04-12 03:01:41,525  INFO      Progress: 17500 done, 0 errors
2026-04-12 03:29:00,616  INFO      Progress: 17550 done, 0 errors
2026-04-12 03:56:59,537  INFO      Progress: 17600 done, 0 errors
2026-04-12 04:19:31,089  INFO  Simulation complete: 17640 done, 0 errors
2026-04-12 04:19:31,104  INFO  Computing NMAR diagnostics...
2026-04-12 04:20:16,066  INFO  Writing Excel workbook to C:\Users\briac\Econ_Code\Oxford_MonteCarlo_week3\paper_analysis_output\Paper_0005_MappingEntrepreneurial\full_run\Stroube2025Report_0005.xlsx ...
2026-04-12 04:20:52,722  INFO  Workbook written: C:\Users\briac\Econ_Code\Oxford_MonteCarlo_week3\paper_analysis_output\Paper_0005_MappingEntrepreneurial\full_run\Stroube2025Report_0005.xlsx
2026-04-12 04:20:52,802  INFO  Full simulation complete.
