2026-04-11 09:46:00,874  INFO  ============================================================
2026-04-11 09:46:00,875  INFO  Paper 0021 -- Mode: FULL
2026-04-11 09:46:00,875  INFO  ============================================================
2026-04-11 09:46:00,876  INFO  Loading from C:\Users\briac\Econ_Code\Oxford_MonteCarlo_week3\paper_analysis_output\Paper_0021_CorporateBoards\DATA.csv

========================================================================
DATA INSPECTION  Source: DATA.csv  Shape: 21,898 x 58
========================================================================
  MISSING  dpolicy                                  0.4436
  MISSING  dtarget                                  0.4436
  MISSING  dconsider_fdir                           0.4446
  MISSING  dtermlimit                               0.9492
  MISSING  commitscore                              0.4446
  MISSING  pre_comt                                 0.9062
  MISSING  commitscore_firstpost                    0.8992
  MISSING  dmnewcchair                              0.5697
  MISSING  dmnewchairlead                           0.5697
  MISSING  dfnewcchair                              0.5697
  MISSING  dfnewchairlead                           0.5697
  MISSING  n1pminority                              0.0906
  MISSING  iopri_pre                                0.0024
  OK  n1pfdir1                                 mean=   0.1206  std=   0.1091  missing=0
  OK  post1_x_treat1                           mean=   0.0566  std=   0.2310  missing=0
  OK  tio1                                     mean=   0.5406  std=   0.3503  missing=0
  OK  fceo1                                    mean=   0.0369  std=   0.1885  missing=0
  OK  ceocob                                   mean=   0.3977  std=   0.4894  missing=0
  OK  pidir1                                   mean=   0.7529  std=   0.1393  missing=0
  OK  lndirtenure                              mean=   2.1622  std=   0.5056  missing=0
  OK  bdsize1                                  mean=   2.1711  std=   0.3063  missing=0
  OK  mb                                       mean=   3.1709  std=   4.6871  missing=0
  OK  lev                                      mean=   0.2000  std=   0.1856  missing=0
  OK  ln_sizetausd                             mean=   2.0151  std=   0.3227  missing=0
  OK  ptita                                    mean=  -0.0046  std=   0.2117  missing=0
  OK  aret                                     mean=   0.1136  std=   0.4773  missing=0
  OK  lnfirmage                                mean=   3.2869  std=   0.8117  missing=0
========================================================================
2026-04-11 09:46:01,145  INFO  Running baseline regression (pyfixest)...
2026-04-11 09:46:01,148  INFO  Regression sample N = 21,898
========================================================================
BASELINE REGRESSION -- Table 3, Column 4  N=21,898
========================================================================
  post1_x_treat1                                  0.0331     0.0046     0.0000 ***
  tio1                                            0.0019     0.0060     0.7516 
  fceo1                                           0.0646     0.0065     0.0000 ***
  ceocob                                          0.0030     0.0023     0.1910 
  pidir1                                          0.0341     0.0086     0.0001 ***
  lndirtenure                                    -0.0070     0.0031     0.0253 *
  bdsize1                                         0.0165     0.0048     0.0006 ***
  mb                                              0.0003     0.0002     0.1524 
  lev                                             0.0040     0.0077     0.6006 
  ln_sizetausd                                    0.0001     0.0117     0.9918 
  ptita                                           0.0086     0.0047     0.0706 
  aret                                           -0.0006     0.0009     0.4726 
  lnfirmage                                       0.0156     0.0070     0.0258 *
###

Estimation:  OLS
Dep. var.: n1pfdir1, Fixed effects: gvkey + fyear
sample: None = all
Inference:  CRV1
Observations:  21882

| Coefficient    |   Estimate |   Std. Error |   t value |   Pr(>|t|) |   2.5% |   97.5% |
|:---------------|-----------:|-------------:|----------:|-----------:|-------:|--------:|
| post1_x_treat1 |      0.033 |        0.005 |     7.234 |      0.000 |  0.024 |   0.042 |
| tio1           |      0.002 |        0.006 |     0.317 |      0.752 | -0.010 |   0.014 |
| fceo1          |      0.065 |        0.007 |     9.907 |      0.000 |  0.052 |   0.077 |
| ceocob         |      0.003 |        0.002 |     1.308 |      0.191 | -0.001 |   0.007 |
| pidir1         |      0.034 |        0.009 |     3.969 |      0.000 |  0.017 |   0.051 |
| lndirtenure    |     -0.007 |        0.003 |    -2.237 |      0.025 | -0.013 |  -0.001 |
| bdsize1        |      0.017 |        0.005 |     3.423 |      0.001 |  0.007 |   0.026 |
| mb             |      0.000 |        0.000 |     1.431 |      0.152 | -0.000 |   0.001 |
| lev            |      0.004 |        0.008 |     0.524 |      0.601 | -0.011 |   0.019 |
| ln_sizetausd   |      0.000 |        0.012 |     0.010 |      0.992 | -0.023 |   0.023 |
| ptita          |      0.009 |        0.005 |     1.808 |      0.071 | -0.001 |   0.018 |
| aret           |     -0.001 |        0.001 |    -0.718 |      0.473 | -0.002 |   0.001 |
| lnfirmage      |      0.016 |        0.007 |     2.230 |      0.026 |  0.002 |   0.029 |
---
RMSE: 0.048 R2: 0.81 R2 Within: 0.034 
========================================================================
2026-04-11 09:46:30,277  INFO  FULL RUN: 3 x 7 x 4 x 30 x 7 = 17640 runs
2026-04-11 09:46:30,282  INFO  Resuming: 0 combinations already complete
2026-04-11 09:46:30,286  INFO  Baseline focal coef: {'coef': 0.03308072570904083, 'se': 0.00457308121322078, 'pval': 5.779821066198565e-13, 'nobs': 21882, 'sign': 1, 'sig': True}
2026-04-11 09:46:30,304  INFO    MCAR | 1pct | ptita
WARNING: All log messages before absl::InitializeLog() is called are written to STDERR
I0000 00:00:1775893595.924029    4872 port.cc:153] oneDNN custom operations are on. You may see slightly different numerical results due to floating-point round-off errors from different computation orders. To turn them off, set the environment variable `TF_ENABLE_ONEDNN_OPTS=0`.
WARNING: All log messages before absl::InitializeLog() is called are written to STDERR
I0000 00:00:1775893608.910833    4872 port.cc:153] oneDNN custom operations are on. You may see slightly different numerical results due to floating-point round-off errors from different computation orders. To turn them off, set the environment variable `TF_ENABLE_ONEDNN_OPTS=0`.
I0000 00:00:1775893611.324241    4872 cpu_feature_guard.cc:227] This TensorFlow binary is optimized to use available CPU instructions in performance-critical operations.
To enable the following instructions: SSE3 SSE4.1 SSE4.2 AVX AVX2 FMA, in other operations, rebuild TensorFlow with the appropriate compiler flags.
2026-04-11 09:46:51,444  WARNING  TensorFlow GPU support is not available on native Windows for TensorFlow >= 2.11. Even if CUDA/cuDNN are installed, GPU will not be used. Please use WSL2 or the TensorFlow-DirectML plugin.
2026-04-11 09:47:05,356  WARNING  From C:\Users\briac\Econ_Code\Oxford_MonteCarlo_week3\venv\Lib\site-packages\keras\src\backend\common\global_state.py:82: The name tf.reset_default_graph is deprecated. Please use tf.compat.v1.reset_default_graph instead.

2026-04-11 09:49:16,629  INFO      Progress: 50 done, 0 errors
2026-04-11 09:51:19,615  INFO      Progress: 100 done, 0 errors
2026-04-11 09:54:20,564  INFO      Progress: 150 done, 0 errors
2026-04-11 10:01:57,619  INFO      Progress: 200 done, 0 errors
2026-04-11 10:03:42,357  INFO    MCAR | 1pct | mb
2026-04-11 10:08:21,236  INFO      Progress: 250 done, 0 errors
2026-04-11 14:58:11,834  INFO      Progress: 300 done, 0 errors
2026-04-11 15:05:50,109  INFO      Progress: 350 done, 0 errors
2026-04-11 15:15:16,150  INFO      Progress: 400 done, 0 errors
2026-04-11 15:19:45,377  INFO    MCAR | 1pct | lev
2026-04-11 15:25:41,506  INFO      Progress: 450 done, 0 errors
2026-04-11 15:34:49,117  INFO      Progress: 500 done, 0 errors
2026-04-11 15:44:22,663  INFO      Progress: 550 done, 0 errors
2026-04-11 15:53:10,251  INFO      Progress: 600 done, 0 errors
2026-04-11 16:00:00,704  INFO    MCAR | 1pct | aret
2026-04-11 16:03:05,004  INFO      Progress: 650 done, 0 errors
2026-04-11 16:14:08,534  INFO      Progress: 700 done, 0 errors
2026-04-11 16:20:58,863  INFO      Progress: 750 done, 0 errors
2026-04-11 16:27:18,181  INFO      Progress: 800 done, 0 errors
2026-04-11 16:33:15,280  INFO    MCAR | 5pct | ptita
2026-04-11 16:33:57,010  INFO      Progress: 850 done, 0 errors
2026-04-11 16:42:13,597  INFO      Progress: 900 done, 0 errors
2026-04-11 16:48:13,082  INFO      Progress: 950 done, 0 errors
2026-04-11 16:55:20,665  INFO      Progress: 1000 done, 0 errors
2026-04-11 17:02:42,667  INFO      Progress: 1050 done, 0 errors
2026-04-11 17:02:42,671  INFO    MCAR | 5pct | mb
2026-04-11 17:09:56,434  INFO      Progress: 1100 done, 0 errors
2026-04-11 17:15:57,236  INFO      Progress: 1150 done, 0 errors
2026-04-11 17:22:25,639  INFO      Progress: 1200 done, 0 errors
2026-04-11 17:28:48,689  INFO      Progress: 1250 done, 0 errors
2026-04-11 17:30:39,700  INFO    MCAR | 5pct | lev
2026-04-11 17:34:56,127  INFO      Progress: 1300 done, 0 errors
2026-04-11 17:40:05,541  INFO      Progress: 1350 done, 0 errors
2026-04-11 17:45:08,454  INFO      Progress: 1400 done, 0 errors
2026-04-11 17:51:35,728  INFO      Progress: 1450 done, 0 errors
2026-04-11 17:53:50,924  INFO    MCAR | 5pct | aret
2026-04-11 17:57:04,724  INFO      Progress: 1500 done, 0 errors
2026-04-11 18:01:43,888  INFO      Progress: 1550 done, 0 errors
2026-04-11 18:06:35,027  INFO      Progress: 1600 done, 0 errors
2026-04-11 18:11:19,466  INFO      Progress: 1650 done, 0 errors
2026-04-11 18:14:24,947  INFO    MCAR | 10pct | ptita
2026-04-11 18:16:34,266  INFO      Progress: 1700 done, 0 errors
2026-04-11 18:23:20,231  INFO      Progress: 1750 done, 0 errors
2026-04-11 18:33:13,662  INFO      Progress: 1800 done, 0 errors
2026-04-11 18:42:20,862  INFO      Progress: 1850 done, 0 errors
2026-04-11 18:50:08,390  INFO    MCAR | 10pct | mb
2026-04-11 18:51:10,190  INFO      Progress: 1900 done, 0 errors
2026-04-11 18:59:00,577  INFO      Progress: 1950 done, 0 errors
2026-04-11 19:09:01,085  INFO      Progress: 2000 done, 0 errors
2026-04-11 19:18:27,640  INFO      Progress: 2050 done, 0 errors
2026-04-11 19:21:41,398  INFO      Progress: 2100 done, 0 errors
2026-04-11 19:21:41,400  INFO    MCAR | 10pct | lev
2026-04-11 19:24:39,659  INFO      Progress: 2150 done, 0 errors
2026-04-11 19:35:06,071  INFO      Progress: 2200 done, 0 errors
2026-04-11 19:45:46,008  INFO      Progress: 2250 done, 0 errors
2026-04-11 19:48:45,297  INFO      Progress: 2300 done, 0 errors
2026-04-11 19:49:42,754  INFO    MCAR | 10pct | aret
2026-04-11 19:51:38,622  INFO      Progress: 2350 done, 0 errors
2026-04-11 19:54:49,778  INFO      Progress: 2400 done, 0 errors
2026-04-11 19:58:04,981  INFO      Progress: 2450 done, 0 errors
2026-04-11 20:00:52,598  INFO      Progress: 2500 done, 0 errors
2026-04-11 20:01:53,158  INFO    MCAR | 20pct | ptita
2026-04-11 20:03:45,546  INFO      Progress: 2550 done, 0 errors
2026-04-11 20:07:17,750  INFO      Progress: 2600 done, 0 errors
2026-04-11 20:10:28,996  INFO      Progress: 2650 done, 0 errors
2026-04-11 20:14:00,806  INFO      Progress: 2700 done, 0 errors
2026-04-11 20:16:36,315  INFO    MCAR | 20pct | mb
2026-04-11 20:17:50,821  INFO      Progress: 2750 done, 0 errors
2026-04-11 20:21:15,543  INFO      Progress: 2800 done, 0 errors
2026-04-11 20:24:31,390  INFO      Progress: 2850 done, 0 errors
2026-04-11 20:28:01,424  INFO      Progress: 2900 done, 0 errors
2026-04-11 20:34:22,565  INFO    MCAR | 20pct | lev
2026-04-11 20:35:03,685  INFO      Progress: 2950 done, 0 errors
2026-04-11 20:41:27,353  INFO      Progress: 3000 done, 0 errors
2026-04-11 20:47:21,451  INFO      Progress: 3050 done, 0 errors
2026-04-11 20:53:37,414  INFO      Progress: 3100 done, 0 errors
2026-04-11 21:02:18,257  INFO      Progress: 3150 done, 0 errors
2026-04-11 21:02:18,277  INFO    MCAR | 20pct | aret
2026-04-11 21:10:33,451  INFO      Progress: 3200 done, 0 errors
2026-04-11 21:18:36,164  INFO      Progress: 3250 done, 0 errors
2026-04-11 21:26:24,756  INFO      Progress: 3300 done, 0 errors
2026-04-11 21:33:59,908  INFO      Progress: 3350 done, 0 errors
2026-04-11 21:36:22,912  INFO    MCAR | 30pct | ptita
2026-04-11 21:44:16,113  INFO      Progress: 3400 done, 0 errors
2026-04-11 21:54:50,423  INFO      Progress: 3450 done, 0 errors
2026-04-11 22:03:29,759  INFO      Progress: 3500 done, 0 errors
2026-04-11 22:12:40,346  INFO      Progress: 3550 done, 0 errors
2026-04-11 22:17:23,645  INFO    MCAR | 30pct | mb
2026-04-11 22:24:35,631  INFO      Progress: 3600 done, 0 errors
2026-04-11 22:33:58,477  INFO      Progress: 3650 done, 0 errors
2026-04-11 22:37:39,954  INFO      Progress: 3700 done, 0 errors
2026-04-11 22:40:51,887  INFO      Progress: 3750 done, 0 errors
2026-04-11 22:43:16,807  INFO    MCAR | 30pct | lev
2026-04-11 22:45:06,301  INFO      Progress: 3800 done, 0 errors
2026-04-11 22:48:50,025  INFO      Progress: 3850 done, 0 errors
2026-04-11 22:52:21,003  INFO      Progress: 3900 done, 0 errors
2026-04-11 22:55:40,664  INFO      Progress: 3950 done, 0 errors
2026-04-11 22:58:52,292  INFO    MCAR | 30pct | aret
2026-04-11 22:59:31,795  INFO      Progress: 4000 done, 0 errors
2026-04-11 23:03:53,627  INFO      Progress: 4050 done, 0 errors
2026-04-11 23:08:16,800  INFO      Progress: 4100 done, 0 errors
2026-04-11 23:12:36,696  INFO      Progress: 4150 done, 0 errors
2026-04-11 23:16:41,282  INFO      Progress: 4200 done, 0 errors
2026-04-11 23:16:41,302  INFO    MCAR | 40pct | ptita
2026-04-11 23:20:19,145  INFO      Progress: 4250 done, 0 errors
2026-04-11 23:26:16,828  INFO      Progress: 4300 done, 0 errors
2026-04-11 23:31:05,778  INFO      Progress: 4350 done, 0 errors
2026-04-11 23:36:29,592  INFO      Progress: 4400 done, 0 errors
2026-04-11 23:38:31,215  INFO    MCAR | 40pct | mb
2026-04-11 23:41:37,771  INFO      Progress: 4450 done, 0 errors
2026-04-11 23:46:02,885  INFO      Progress: 4500 done, 0 errors
2026-04-11 23:49:54,352  INFO      Progress: 4550 done, 0 errors
2026-04-11 23:54:00,534  INFO      Progress: 4600 done, 0 errors
2026-04-11 23:55:53,451  INFO    MCAR | 40pct | lev
2026-04-11 23:58:49,011  INFO      Progress: 4650 done, 0 errors
2026-04-12 00:04:05,640  INFO      Progress: 4700 done, 0 errors
2026-04-12 00:08:48,003  INFO      Progress: 4750 done, 0 errors
2026-04-12 00:13:29,532  INFO      Progress: 4800 done, 0 errors
2026-04-12 00:16:37,202  INFO    MCAR | 40pct | aret
2026-04-12 00:18:28,394  INFO      Progress: 4850 done, 0 errors
2026-04-12 00:24:48,658  INFO      Progress: 4900 done, 0 errors
2026-04-12 00:29:18,226  INFO      Progress: 4950 done, 0 errors
2026-04-12 00:34:56,143  INFO      Progress: 5000 done, 0 errors
2026-04-12 00:40:36,821  INFO    MCAR | 50pct | ptita
2026-04-12 00:41:40,454  INFO      Progress: 5050 done, 0 errors
2026-04-12 00:49:24,284  INFO      Progress: 5100 done, 0 errors
2026-04-12 00:56:21,351  INFO      Progress: 5150 done, 0 errors
2026-04-12 01:02:54,695  INFO      Progress: 5200 done, 0 errors
2026-04-12 01:10:09,532  INFO      Progress: 5250 done, 0 errors
2026-04-12 01:10:09,536  INFO    MCAR | 50pct | mb
2026-04-12 01:17:13,147  INFO      Progress: 5300 done, 0 errors
2026-04-12 01:23:30,834  INFO      Progress: 5350 done, 0 errors
2026-04-12 01:30:48,806  INFO      Progress: 5400 done, 0 errors
2026-04-12 01:37:09,676  INFO      Progress: 5450 done, 0 errors
2026-04-12 01:38:46,540  INFO    MCAR | 50pct | lev
2026-04-12 01:42:42,213  INFO      Progress: 5500 done, 0 errors
2026-04-12 01:50:36,020  INFO      Progress: 5550 done, 0 errors
2026-04-12 01:56:49,129  INFO      Progress: 5600 done, 0 errors
2026-04-12 02:04:23,590  INFO      Progress: 5650 done, 0 errors
2026-04-12 02:07:20,940  INFO    MCAR | 50pct | aret
2026-04-12 02:11:50,914  INFO      Progress: 5700 done, 0 errors
2026-04-12 02:18:33,044  INFO      Progress: 5750 done, 0 errors
2026-04-12 02:25:12,000  INFO      Progress: 5800 done, 0 errors
2026-04-12 02:32:18,061  INFO      Progress: 5850 done, 0 errors
2026-04-12 02:36:44,166  INFO    MAR | 1pct | ptita
2026-04-12 02:40:50,418  INFO      Progress: 5900 done, 0 errors
2026-04-12 02:50:25,215  INFO      Progress: 5950 done, 0 errors
2026-04-12 02:59:54,285  INFO      Progress: 6000 done, 0 errors
2026-04-12 03:09:29,848  INFO      Progress: 6050 done, 0 errors
2026-04-12 03:19:03,412  INFO    MAR | 1pct | mb
2026-04-12 03:20:42,681  INFO      Progress: 6100 done, 0 errors
2026-04-12 03:32:26,834  INFO      Progress: 6150 done, 0 errors
2026-04-12 03:43:40,012  INFO      Progress: 6200 done, 0 errors
2026-04-12 03:56:48,107  INFO      Progress: 6250 done, 0 errors
2026-04-12 04:08:15,847  INFO      Progress: 6300 done, 0 errors
2026-04-12 04:08:15,857  INFO    MAR | 1pct | lev
2026-04-12 04:18:11,512  INFO      Progress: 6350 done, 0 errors
2026-04-12 04:38:12,599  INFO      Progress: 6400 done, 0 errors
2026-04-12 04:48:14,954  INFO      Progress: 6450 done, 0 errors
2026-04-12 04:58:46,998  INFO      Progress: 6500 done, 0 errors
2026-04-12 05:01:48,670  INFO    MAR | 1pct | aret
2026-04-12 05:05:46,376  INFO      Progress: 6550 done, 0 errors
