2026-04-10 02:11:18,507  INFO  ============================================================
2026-04-10 02:11:18,508  INFO  Paper 0021 -- Mode: SMOKE
2026-04-10 02:11:18,509  INFO  ============================================================
2026-04-10 02:11:18,509  INFO  Loading from C:\Users\briac\Econ_Code\Oxford_MonteCarlo_week3\paper_analysis_output\Paper_0021_CorporateBoards\DATA.csv

========================================================================
DATA INSPECTION  Source: DATA.csv  Shape: 21,898 x 58
========================================================================
  MISSING  dpolicy                                  0.4436
  MISSING  dtarget                                  0.4436
  MISSING  dconsider_fdir                           0.4446
  MISSING  dtermlimit                               0.9492
  MISSING  commitscore                              0.4446
  MISSING  pre_comt                                 0.9062
  MISSING  commitscore_firstpost                    0.8992
  MISSING  dmnewcchair                              0.5697
  MISSING  dmnewchairlead                           0.5697
  MISSING  dfnewcchair                              0.5697
  MISSING  dfnewchairlead                           0.5697
  MISSING  n1pminority                              0.0906
  MISSING  iopri_pre                                0.0024
  OK  n1pfdir1                                 mean=   0.1206  std=   0.1091  missing=0
  OK  post1_x_treat1                           mean=   0.0566  std=   0.2310  missing=0
  OK  tio1                                     mean=   0.5406  std=   0.3503  missing=0
  OK  fceo1                                    mean=   0.0369  std=   0.1885  missing=0
  OK  ceocob                                   mean=   0.3977  std=   0.4894  missing=0
  OK  pidir1                                   mean=   0.7529  std=   0.1393  missing=0
  OK  lndirtenure                              mean=   2.1622  std=   0.5056  missing=0
  OK  bdsize1                                  mean=   2.1711  std=   0.3063  missing=0
  OK  mb                                       mean=   3.1709  std=   4.6871  missing=0
  OK  lev                                      mean=   0.2000  std=   0.1856  missing=0
  OK  ln_sizetausd                             mean=   2.0151  std=   0.3227  missing=0
  OK  ptita                                    mean=  -0.0046  std=   0.2117  missing=0
  OK  aret                                     mean=   0.1136  std=   0.4773  missing=0
  OK  lnfirmage                                mean=   3.2869  std=   0.8117  missing=0
========================================================================
2026-04-10 02:11:19,055  INFO  Running baseline regression (pyfixest)...
2026-04-10 02:11:19,070  INFO  Regression sample N = 21,898
========================================================================
BASELINE REGRESSION -- Table 3, Column 4  N=21,898
========================================================================
  post1_x_treat1                                  0.0331     0.0046     0.0000 ***
  tio1                                            0.0019     0.0060     0.7516 
  fceo1                                           0.0646     0.0065     0.0000 ***
  ceocob                                          0.0030     0.0023     0.1910 
  pidir1                                          0.0341     0.0086     0.0001 ***
  lndirtenure                                    -0.0070     0.0031     0.0253 *
  bdsize1                                         0.0165     0.0048     0.0006 ***
  mb                                              0.0003     0.0002     0.1524 
  lev                                             0.0040     0.0077     0.6006 
  ln_sizetausd                                    0.0001     0.0117     0.9918 
  ptita                                           0.0086     0.0047     0.0706 
  aret                                           -0.0006     0.0009     0.4726 
  lnfirmage                                       0.0156     0.0070     0.0258 *
###

Estimation:  OLS
Dep. var.: n1pfdir1, Fixed effects: gvkey + fyear
sample: None = all
Inference:  CRV1
Observations:  21882

| Coefficient    |   Estimate |   Std. Error |   t value |   Pr(>|t|) |   2.5% |   97.5% |
|:---------------|-----------:|-------------:|----------:|-----------:|-------:|--------:|
| post1_x_treat1 |      0.033 |        0.005 |     7.234 |      0.000 |  0.024 |   0.042 |
| tio1           |      0.002 |        0.006 |     0.317 |      0.752 | -0.010 |   0.014 |
| fceo1          |      0.065 |        0.007 |     9.907 |      0.000 |  0.052 |   0.077 |
| ceocob         |      0.003 |        0.002 |     1.308 |      0.191 | -0.001 |   0.007 |
| pidir1         |      0.034 |        0.009 |     3.969 |      0.000 |  0.017 |   0.051 |
| lndirtenure    |     -0.007 |        0.003 |    -2.237 |      0.025 | -0.013 |  -0.001 |
| bdsize1        |      0.017 |        0.005 |     3.423 |      0.001 |  0.007 |   0.026 |
| mb             |      0.000 |        0.000 |     1.431 |      0.152 | -0.000 |   0.001 |
| lev            |      0.004 |        0.008 |     0.524 |      0.601 | -0.011 |   0.019 |
| ln_sizetausd   |      0.000 |        0.012 |     0.010 |      0.992 | -0.023 |   0.023 |
| ptita          |      0.009 |        0.005 |     1.808 |      0.071 | -0.001 |   0.018 |
| aret           |     -0.001 |        0.001 |    -0.718 |      0.473 | -0.002 |   0.001 |
| lnfirmage      |      0.016 |        0.007 |     2.230 |      0.026 |  0.002 |   0.029 |
---
RMSE: 0.048 R2: 0.81 R2 Within: 0.034 
========================================================================
2026-04-10 02:12:00,308  INFO  SMOKE TEST: 3 mechs x 2 levels x 1 var x 2 iters x 7 methods = 84 runs
2026-04-10 02:12:00,309  INFO  Resuming: 0 combinations already complete
2026-04-10 02:12:00,312  INFO  Baseline focal coef: {'coef': 0.033080725709087405, 'se': 0.004573081233280381, 'pval': 5.779821066198565e-13, 'nobs': 21882, 'sign': 1, 'sig': True}
2026-04-10 02:12:00,348  INFO    MCAR | 1pct | ptita
WARNING: All log messages before absl::InitializeLog() is called are written to STDERR
I0000 00:00:1775779926.545175   28568 port.cc:153] oneDNN custom operations are on. You may see slightly different numerical results due to floating-point round-off errors from different computation orders. To turn them off, set the environment variable `TF_ENABLE_ONEDNN_OPTS=0`.
WARNING: All log messages before absl::InitializeLog() is called are written to STDERR
I0000 00:00:1775779929.902666   28568 port.cc:153] oneDNN custom operations are on. You may see slightly different numerical results due to floating-point round-off errors from different computation orders. To turn them off, set the environment variable `TF_ENABLE_ONEDNN_OPTS=0`.
I0000 00:00:1775779930.573170   28568 cpu_feature_guard.cc:227] This TensorFlow binary is optimized to use available CPU instructions in performance-critical operations.
To enable the following instructions: SSE3 SSE4.1 SSE4.2 AVX AVX2 FMA, in other operations, rebuild TensorFlow with the appropriate compiler flags.
2026-04-10 02:12:10,730  WARNING  TensorFlow GPU support is not available on native Windows for TensorFlow >= 2.11. Even if CUDA/cuDNN are installed, GPU will not be used. Please use WSL2 or the TensorFlow-DirectML plugin.
2026-04-10 02:12:46,341  WARNING  From C:\Users\briac\Econ_Code\Oxford_MonteCarlo_week3\venv\Lib\site-packages\keras\src\backend\common\global_state.py:82: The name tf.reset_default_graph is deprecated. Please use tf.compat.v1.reset_default_graph instead.

2026-04-10 02:13:35,529  INFO    MCAR | 10pct | ptita
2026-04-10 02:16:33,300  INFO    MAR | 1pct | ptita
2026-04-10 02:19:02,908  INFO    MAR | 10pct | ptita
2026-04-10 02:20:36,736  INFO      Progress: 50 done, 0 errors
2026-04-10 02:22:27,758  INFO    NMAR | 1pct | ptita
2026-04-10 02:25:16,695  INFO    NMAR | 10pct | ptita
2026-04-10 02:28:27,061  INFO  Simulation complete: 84 done, 0 errors
2026-04-10 02:28:27,063  INFO  Computing NMAR diagnostics...
2026-04-10 02:28:33,691  INFO  Writing Excel workbook to C:\Users\briac\Econ_Code\Oxford_MonteCarlo_week3\paper_analysis_output\Paper_0021_CorporateBoards\smoke\SMOKE_CorporateBoardsReport_0021.xlsx ...
2026-04-10 02:28:34,954  INFO  Workbook written: C:\Users\briac\Econ_Code\Oxford_MonteCarlo_week3\paper_analysis_output\Paper_0021_CorporateBoards\smoke\SMOKE_CorporateBoardsReport_0021.xlsx
2026-04-10 02:28:34,955  INFO  Smoke test complete.
